-- Analyzing Verilog file 'C:/lscc/radiant/2026.1/cae_library/synthesis/verilog/iCE40UP.v' (VERI-1482)
-- Analyzing Verilog file 'C:/Users/eing/Documents/GitHub/e155-lab2/fpga/lab2_ei/source/impl_1/lab2_7_seg_decoder.sv' (VERI-1482)
-- Analyzing Verilog file 'C:/Users/eing/Documents/GitHub/e155-lab2/fpga/lab2_ei/source/impl_1/lab2_counter.sv' (VERI-1482)
-- Analyzing Verilog file 'C:/Users/eing/Documents/GitHub/e155-lab2/fpga/lab2_ei/source/impl_1/lab2_ei.sv' (VERI-1482)
-- Analyzing Verilog file 'C:/Users/eing/Documents/GitHub/e155-lab2/fpga/lab2_ei/source/impl_1/lab2_scanning.sv' (VERI-1482)
-- Analyzing Verilog file 'C:/Users/eing/Documents/GitHub/e155-lab2/fpga/lab2_ei/source/impl_1/lab2_scanning_tb.sv' (VERI-1482)
C:/Users/eing/Documents/GitHub/e155-lab2/fpga/lab2_ei/source/impl_1/lab2_scanning_tb.sv(1): ERROR: missing compiler directive (VERI-1068)
ERROR <1009990> - Stopping Synthesis Tool flow due to error.
C:/Users/eing/Documents/GitHub/e155-lab2/fpga/lab2_ei/source/impl_1/lab2_scanning_tb.sv(2): ERROR: syntax error near '1' (VERI-1137)
ERROR <1009990> - Stopping Synthesis Tool flow due to error.
C:/Users/eing/Documents/GitHub/e155-lab2/fpga/lab2_ei/source/impl_1/lab2_scanning_tb.sv(13): ERROR: syntax error near 'new' (VERI-1137)
ERROR <1009990> - Stopping Synthesis Tool flow due to error.
C:/Users/eing/Documents/GitHub/e155-lab2/fpga/lab2_ei/source/impl_1/lab2_scanning_tb.sv(13): ERROR: SystemVerilog keyword 'new' used in incorrect context (VERI-2344)
ERROR <1009990> - Stopping Synthesis Tool flow due to error.
C:/Users/eing/Documents/GitHub/e155-lab2/fpga/lab2_ei/source/impl_1/lab2_scanning_tb.sv(15): ERROR: module instantiations in compilation scope are not allowed (VERI-1413)
ERROR <1009990> - Stopping Synthesis Tool flow due to error.
-- Verilog file 'C:/Users/eing/Documents/GitHub/e155-lab2/fpga/lab2_ei/source/impl_1/lab2_scanning_tb.sv' ignored due to errors (VERI-1483)
-- Analyzing Verilog file 'C:/lscc/radiant/2026.1/cae_library/synthesis/verilog/iCE40UP.v' (VERI-1482)
-- Analyzing Verilog file 'C:/Users/eing/Documents/GitHub/e155-lab2/fpga/lab2_ei/source/impl_1/lab2_counter.sv' (VERI-1482)
-- Analyzing Verilog file 'C:/Users/eing/Documents/GitHub/e155-lab2/fpga/lab2_ei/source/impl_1/lab2_scanning.sv' (VERI-1482)
-- Analyzing Verilog file 'C:/Users/eing/Documents/GitHub/e155-lab2/fpga/lab2_ei/source/impl_1/lab2_scanning_tb.sv' (VERI-1482)
C:/Users/eing/Documents/GitHub/e155-lab2/fpga/lab2_ei/source/impl_1/lab2_scanning_tb.sv(1): ERROR: missing compiler directive (VERI-1068)
ERROR <1009990> - Stopping Synthesis Tool flow due to error.
C:/Users/eing/Documents/GitHub/e155-lab2/fpga/lab2_ei/source/impl_1/lab2_scanning_tb.sv(2): ERROR: syntax error near '1' (VERI-1137)
ERROR <1009990> - Stopping Synthesis Tool flow due to error.
C:/Users/eing/Documents/GitHub/e155-lab2/fpga/lab2_ei/source/impl_1/lab2_scanning_tb.sv(13): ERROR: syntax error near 'new' (VERI-1137)
ERROR <1009990> - Stopping Synthesis Tool flow due to error.
C:/Users/eing/Documents/GitHub/e155-lab2/fpga/lab2_ei/source/impl_1/lab2_scanning_tb.sv(13): ERROR: SystemVerilog keyword 'new' used in incorrect context (VERI-2344)
ERROR <1009990> - Stopping Synthesis Tool flow due to error.
C:/Users/eing/Documents/GitHub/e155-lab2/fpga/lab2_ei/source/impl_1/lab2_scanning_tb.sv(15): ERROR: module instantiations in compilation scope are not allowed (VERI-1413)
ERROR <1009990> - Stopping Synthesis Tool flow due to error.
-- Verilog file 'C:/Users/eing/Documents/GitHub/e155-lab2/fpga/lab2_ei/source/impl_1/lab2_scanning_tb.sv' ignored due to errors (VERI-1483)
-- Analyzing Verilog file 'C:/lscc/radiant/2026.1/cae_library/synthesis/verilog/iCE40UP.v' (VERI-1482)
-- Analyzing Verilog file 'C:/Users/eing/Documents/GitHub/e155-lab2/fpga/lab2_ei/source/impl_1/lab2_counter.sv' (VERI-1482)
-- Analyzing Verilog file 'C:/Users/eing/Documents/GitHub/e155-lab2/fpga/lab2_ei/source/impl_1/lab2_scanning.sv' (VERI-1482)
-- Analyzing Verilog file 'C:/Users/eing/Documents/GitHub/e155-lab2/fpga/lab2_ei/source/impl_1/lab2_scanning_tb.sv' (VERI-1482)
C:/Users/eing/Documents/GitHub/e155-lab2/fpga/lab2_ei/source/impl_1/lab2_scanning_tb.sv(1): ERROR: missing compiler directive (VERI-1068)
ERROR <1009990> - Stopping Synthesis Tool flow due to error.
C:/Users/eing/Documents/GitHub/e155-lab2/fpga/lab2_ei/source/impl_1/lab2_scanning_tb.sv(2): ERROR: syntax error near '1' (VERI-1137)
ERROR <1009990> - Stopping Synthesis Tool flow due to error.
C:/Users/eing/Documents/GitHub/e155-lab2/fpga/lab2_ei/source/impl_1/lab2_scanning_tb.sv(13): ERROR: syntax error near 'new' (VERI-1137)
ERROR <1009990> - Stopping Synthesis Tool flow due to error.
C:/Users/eing/Documents/GitHub/e155-lab2/fpga/lab2_ei/source/impl_1/lab2_scanning_tb.sv(13): ERROR: SystemVerilog keyword 'new' used in incorrect context (VERI-2344)
ERROR <1009990> - Stopping Synthesis Tool flow due to error.
C:/Users/eing/Documents/GitHub/e155-lab2/fpga/lab2_ei/source/impl_1/lab2_scanning_tb.sv(15): ERROR: module instantiations in compilation scope are not allowed (VERI-1413)
ERROR <1009990> - Stopping Synthesis Tool flow due to error.
-- Verilog file 'C:/Users/eing/Documents/GitHub/e155-lab2/fpga/lab2_ei/source/impl_1/lab2_scanning_tb.sv' ignored due to errors (VERI-1483)
-- Analyzing Verilog file 'C:/lscc/radiant/2026.1/cae_library/synthesis/verilog/iCE40UP.v' (VERI-1482)
-- Analyzing Verilog file 'C:/Users/eing/Documents/GitHub/e155-lab2/fpga/lab2_ei/source/impl_1/lab2_counter.sv' (VERI-1482)
-- Analyzing Verilog file 'C:/Users/eing/Documents/GitHub/e155-lab2/fpga/lab2_ei/source/impl_1/lab2_scanning.sv' (VERI-1482)
-- Analyzing Verilog file 'C:/Users/eing/Documents/GitHub/e155-lab2/fpga/lab2_ei/source/impl_1/lab2_scanning_tb.sv' (VERI-1482)
C:/Users/eing/Documents/GitHub/e155-lab2/fpga/lab2_ei/source/impl_1/lab2_scanning_tb.sv(12): ERROR: syntax error near 'new' (VERI-1137)
ERROR <1009990> - Stopping Synthesis Tool flow due to error.
C:/Users/eing/Documents/GitHub/e155-lab2/fpga/lab2_ei/source/impl_1/lab2_scanning_tb.sv(12): ERROR: SystemVerilog keyword 'new' used in incorrect context (VERI-2344)
ERROR <1009990> - Stopping Synthesis Tool flow due to error.
C:/Users/eing/Documents/GitHub/e155-lab2/fpga/lab2_ei/source/impl_1/lab2_scanning_tb.sv(24): ERROR: 'enable' is not declared (VERI-1128)
ERROR <1009990> - Stopping Synthesis Tool flow due to error.
C:/Users/eing/Documents/GitHub/e155-lab2/fpga/lab2_ei/source/impl_1/lab2_scanning_tb.sv(33): ERROR: 'enable' is not declared (VERI-1128)
ERROR <1009990> - Stopping Synthesis Tool flow due to error.
C:/Users/eing/Documents/GitHub/e155-lab2/fpga/lab2_ei/source/impl_1/lab2_scanning_tb.sv(57): ERROR: 'MAXCOUNT' is not declared (VERI-1128)
ERROR <1009990> - Stopping Synthesis Tool flow due to error.
C:/Users/eing/Documents/GitHub/e155-lab2/fpga/lab2_ei/source/impl_1/lab2_scanning_tb.sv(65): ERROR: 'MAXCOUNT' is not declared (VERI-1128)
ERROR <1009990> - Stopping Synthesis Tool flow due to error.
C:/Users/eing/Documents/GitHub/e155-lab2/fpga/lab2_ei/source/impl_1/lab2_scanning_tb.sv(73): ERROR: 'MAXCOUNT' is not declared (VERI-1128)
ERROR <1009990> - Stopping Synthesis Tool flow due to error.
C:/Users/eing/Documents/GitHub/e155-lab2/fpga/lab2_ei/source/impl_1/lab2_scanning_tb.sv(81): ERROR: 'MAXCOUNT' is not declared (VERI-1128)
ERROR <1009990> - Stopping Synthesis Tool flow due to error.
C:/Users/eing/Documents/GitHub/e155-lab2/fpga/lab2_ei/source/impl_1/lab2_scanning_tb.sv(90): ERROR: 'reset' is not declared (VERI-1128)
ERROR <1009990> - Stopping Synthesis Tool flow due to error.
C:/Users/eing/Documents/GitHub/e155-lab2/fpga/lab2_ei/source/impl_1/lab2_scanning_tb.sv(91): ERROR: 'reset' is not declared (VERI-1128)
ERROR <1009990> - Stopping Synthesis Tool flow due to error.
C:/Users/eing/Documents/GitHub/e155-lab2/fpga/lab2_ei/source/impl_1/lab2_scanning_tb.sv(102): ERROR: module 'lab2_scanning_tb' is ignored due to previous errors (VERI-1072)
ERROR <1009990> - Stopping Synthesis Tool flow due to error.
-- Verilog file 'C:/Users/eing/Documents/GitHub/e155-lab2/fpga/lab2_ei/source/impl_1/lab2_scanning_tb.sv' ignored due to errors (VERI-1483)
-- Analyzing Verilog file 'C:/lscc/radiant/2026.1/cae_library/synthesis/verilog/iCE40UP.v' (VERI-1482)
-- Analyzing Verilog file 'C:/Users/eing/Documents/GitHub/e155-lab2/fpga/lab2_ei/source/impl_1/lab2_counter.sv' (VERI-1482)
-- Analyzing Verilog file 'C:/Users/eing/Documents/GitHub/e155-lab2/fpga/lab2_ei/source/impl_1/lab2_scanning.sv' (VERI-1482)
-- Analyzing Verilog file 'C:/Users/eing/Documents/GitHub/e155-lab2/fpga/lab2_ei/source/impl_1/lab2_scanning_tb.sv' (VERI-1482)
C:/Users/eing/Documents/GitHub/e155-lab2/fpga/lab2_ei/source/impl_1/lab2_scanning_tb.sv(24): ERROR: 'enable' is not declared (VERI-1128)
ERROR <1009990> - Stopping Synthesis Tool flow due to error.
C:/Users/eing/Documents/GitHub/e155-lab2/fpga/lab2_ei/source/impl_1/lab2_scanning_tb.sv(33): ERROR: 'enable' is not declared (VERI-1128)
ERROR <1009990> - Stopping Synthesis Tool flow due to error.
C:/Users/eing/Documents/GitHub/e155-lab2/fpga/lab2_ei/source/impl_1/lab2_scanning_tb.sv(57): ERROR: 'MAXCOUNT' is not declared (VERI-1128)
ERROR <1009990> - Stopping Synthesis Tool flow due to error.
C:/Users/eing/Documents/GitHub/e155-lab2/fpga/lab2_ei/source/impl_1/lab2_scanning_tb.sv(65): ERROR: 'MAXCOUNT' is not declared (VERI-1128)
ERROR <1009990> - Stopping Synthesis Tool flow due to error.
C:/Users/eing/Documents/GitHub/e155-lab2/fpga/lab2_ei/source/impl_1/lab2_scanning_tb.sv(73): ERROR: 'MAXCOUNT' is not declared (VERI-1128)
ERROR <1009990> - Stopping Synthesis Tool flow due to error.
C:/Users/eing/Documents/GitHub/e155-lab2/fpga/lab2_ei/source/impl_1/lab2_scanning_tb.sv(81): ERROR: 'MAXCOUNT' is not declared (VERI-1128)
ERROR <1009990> - Stopping Synthesis Tool flow due to error.
C:/Users/eing/Documents/GitHub/e155-lab2/fpga/lab2_ei/source/impl_1/lab2_scanning_tb.sv(90): ERROR: 'reset' is not declared (VERI-1128)
ERROR <1009990> - Stopping Synthesis Tool flow due to error.
C:/Users/eing/Documents/GitHub/e155-lab2/fpga/lab2_ei/source/impl_1/lab2_scanning_tb.sv(91): ERROR: 'reset' is not declared (VERI-1128)
ERROR <1009990> - Stopping Synthesis Tool flow due to error.
C:/Users/eing/Documents/GitHub/e155-lab2/fpga/lab2_ei/source/impl_1/lab2_scanning_tb.sv(102): ERROR: module 'lab2_scanning_tb' is ignored due to previous errors (VERI-1072)
ERROR <1009990> - Stopping Synthesis Tool flow due to error.
-- Verilog file 'C:/Users/eing/Documents/GitHub/e155-lab2/fpga/lab2_ei/source/impl_1/lab2_scanning_tb.sv' ignored due to errors (VERI-1483)
-- Analyzing Verilog file 'C:/lscc/radiant/2026.1/cae_library/synthesis/verilog/iCE40UP.v' (VERI-1482)
-- Analyzing Verilog file 'C:/Users/eing/Documents/GitHub/e155-lab2/fpga/lab2_ei/source/impl_1/lab2_counter.sv' (VERI-1482)
-- Analyzing Verilog file 'C:/Users/eing/Documents/GitHub/e155-lab2/fpga/lab2_ei/source/impl_1/lab2_scanning.sv' (VERI-1482)
-- Analyzing Verilog file 'C:/Users/eing/Documents/GitHub/e155-lab2/fpga/lab2_ei/source/impl_1/lab2_scanning_tb.sv' (VERI-1482)
C:/Users/eing/Documents/GitHub/e155-lab2/fpga/lab2_ei/source/impl_1/lab2_scanning_tb.sv(12): ERROR: port 'clk' is already connected (VERI-1265)
ERROR <1009990> - Stopping Synthesis Tool flow due to error.
-- Analyzing Verilog file 'C:/lscc/radiant/2026.1/cae_library/synthesis/verilog/iCE40UP.v' (VERI-1482)
-- Analyzing Verilog file 'C:/Users/eing/Documents/GitHub/e155-lab2/fpga/lab2_ei/source/impl_1/lab2_counter.sv' (VERI-1482)
-- Analyzing Verilog file 'C:/Users/eing/Documents/GitHub/e155-lab2/fpga/lab2_ei/source/impl_1/lab2_scanning.sv' (VERI-1482)
-- Analyzing Verilog file 'C:/Users/eing/Documents/GitHub/e155-lab2/fpga/lab2_ei/source/impl_1/lab2_scanning_tb.sv' (VERI-1482)
C:/Users/eing/Documents/GitHub/e155-lab2/fpga/lab2_ei/source/impl_1/lab2_scanning_tb.sv(12): ERROR: port 'clk' is already connected (VERI-1265)
ERROR <1009990> - Stopping Synthesis Tool flow due to error.
-- Analyzing Verilog file 'C:/lscc/radiant/2026.1/cae_library/synthesis/verilog/iCE40UP.v' (VERI-1482)
-- Analyzing Verilog file 'C:/Users/eing/Documents/GitHub/e155-lab2/fpga/lab2_ei/source/impl_1/lab2_counter.sv' (VERI-1482)
-- Analyzing Verilog file 'C:/Users/eing/Documents/GitHub/e155-lab2/fpga/lab2_ei/source/impl_1/lab2_scanning.sv' (VERI-1482)
-- Analyzing Verilog file 'C:/Users/eing/Documents/GitHub/e155-lab2/fpga/lab2_ei/source/impl_1/lab2_scanning_tb.sv' (VERI-1482)
C:/Users/eing/Documents/GitHub/e155-lab2/fpga/lab2_ei/source/impl_1/lab2_scanning_tb.sv(12): ERROR: port 'clk' is already connected (VERI-1265)
ERROR <1009990> - Stopping Synthesis Tool flow due to error.
-- Analyzing Verilog file 'C:/lscc/radiant/2026.1/cae_library/synthesis/verilog/iCE40UP.v' (VERI-1482)
-- Analyzing Verilog file 'C:/Users/eing/Documents/GitHub/e155-lab2/fpga/lab2_ei/source/impl_1/lab2_counter.sv' (VERI-1482)
-- Analyzing Verilog file 'C:/Users/eing/Documents/GitHub/e155-lab2/fpga/lab2_ei/source/impl_1/lab2_scanning.sv' (VERI-1482)
-- Analyzing Verilog file 'C:/Users/eing/Documents/GitHub/e155-lab2/fpga/lab2_ei/source/impl_1/lab2_scanning_tb.sv' (VERI-1482)
-- Analyzing Verilog file 'C:/lscc/radiant/2026.1/cae_library/synthesis/verilog/iCE40UP.v' (VERI-1482)
-- Analyzing Verilog file 'C:/Users/eing/Documents/GitHub/e155-lab2/fpga/lab2_ei/source/impl_1/lab2_counter.sv' (VERI-1482)
-- Analyzing Verilog file 'C:/Users/eing/Documents/GitHub/e155-lab2/fpga/lab2_ei/source/impl_1/lab2_scanning.sv' (VERI-1482)
-- Analyzing Verilog file 'C:/Users/eing/Documents/GitHub/e155-lab2/fpga/lab2_ei/source/impl_1/lab2_scanning_tb.sv' (VERI-1482)
C:/Users/eing/Documents/GitHub/e155-lab2/fpga/lab2_ei/source/impl_1/lab2_scanning_tb.sv(61): ERROR: syntax error near '=' (VERI-1137)
ERROR <1009990> - Stopping Synthesis Tool flow due to error.
C:/Users/eing/Documents/GitHub/e155-lab2/fpga/lab2_ei/source/impl_1/lab2_scanning_tb.sv(61): ERROR: syntax error near ')' (VERI-1137)
ERROR <1009990> - Stopping Synthesis Tool flow due to error.
C:/Users/eing/Documents/GitHub/e155-lab2/fpga/lab2_ei/source/impl_1/lab2_scanning_tb.sv(63): ERROR: syntax error near 'else' (VERI-1137)
ERROR <1009990> - Stopping Synthesis Tool flow due to error.
C:/Users/eing/Documents/GitHub/e155-lab2/fpga/lab2_ei/source/impl_1/lab2_scanning_tb.sv(63): ERROR: SystemVerilog keyword 'else' used in incorrect context (VERI-2344)
ERROR <1009990> - Stopping Synthesis Tool flow due to error.
C:/Users/eing/Documents/GitHub/e155-lab2/fpga/lab2_ei/source/impl_1/lab2_scanning_tb.sv(68): ERROR: syntax error near '=' (VERI-1137)
ERROR <1009990> - Stopping Synthesis Tool flow due to error.
C:/Users/eing/Documents/GitHub/e155-lab2/fpga/lab2_ei/source/impl_1/lab2_scanning_tb.sv(68): ERROR: syntax error near ')' (VERI-1137)
ERROR <1009990> - Stopping Synthesis Tool flow due to error.
C:/Users/eing/Documents/GitHub/e155-lab2/fpga/lab2_ei/source/impl_1/lab2_scanning_tb.sv(70): ERROR: syntax error near 'else' (VERI-1137)
ERROR <1009990> - Stopping Synthesis Tool flow due to error.
C:/Users/eing/Documents/GitHub/e155-lab2/fpga/lab2_ei/source/impl_1/lab2_scanning_tb.sv(70): ERROR: SystemVerilog keyword 'else' used in incorrect context (VERI-2344)
ERROR <1009990> - Stopping Synthesis Tool flow due to error.
C:/Users/eing/Documents/GitHub/e155-lab2/fpga/lab2_ei/source/impl_1/lab2_scanning_tb.sv(75): ERROR: syntax error near '=' (VERI-1137)
ERROR <1009990> - Stopping Synthesis Tool flow due to error.
C:/Users/eing/Documents/GitHub/e155-lab2/fpga/lab2_ei/source/impl_1/lab2_scanning_tb.sv(75): ERROR: syntax error near ')' (VERI-1137)
ERROR <1009990> - Stopping Synthesis Tool flow due to error.
C:/Users/eing/Documents/GitHub/e155-lab2/fpga/lab2_ei/source/impl_1/lab2_scanning_tb.sv(77): ERROR: syntax error near 'else' (VERI-1137)
ERROR <1009990> - Stopping Synthesis Tool flow due to error.
C:/Users/eing/Documents/GitHub/e155-lab2/fpga/lab2_ei/source/impl_1/lab2_scanning_tb.sv(77): ERROR: SystemVerilog keyword 'else' used in incorrect context (VERI-2344)
ERROR <1009990> - Stopping Synthesis Tool flow due to error.
C:/Users/eing/Documents/GitHub/e155-lab2/fpga/lab2_ei/source/impl_1/lab2_scanning_tb.sv(82): ERROR: syntax error near '=' (VERI-1137)
ERROR <1009990> - Stopping Synthesis Tool flow due to error.
C:/Users/eing/Documents/GitHub/e155-lab2/fpga/lab2_ei/source/impl_1/lab2_scanning_tb.sv(82): ERROR: syntax error near ')' (VERI-1137)
ERROR <1009990> - Stopping Synthesis Tool flow due to error.
C:/Users/eing/Documents/GitHub/e155-lab2/fpga/lab2_ei/source/impl_1/lab2_scanning_tb.sv(84): ERROR: syntax error near 'else' (VERI-1137)
ERROR <1009990> - Stopping Synthesis Tool flow due to error.
C:/Users/eing/Documents/GitHub/e155-lab2/fpga/lab2_ei/source/impl_1/lab2_scanning_tb.sv(84): ERROR: SystemVerilog keyword 'else' used in incorrect context (VERI-2344)
ERROR <1009990> - Stopping Synthesis Tool flow due to error.
C:/Users/eing/Documents/GitHub/e155-lab2/fpga/lab2_ei/source/impl_1/lab2_scanning_tb.sv(103): ERROR: module 'lab2_scanning_tb' is ignored due to previous errors (VERI-1072)
ERROR <1009990> - Stopping Synthesis Tool flow due to error.
-- Verilog file 'C:/Users/eing/Documents/GitHub/e155-lab2/fpga/lab2_ei/source/impl_1/lab2_scanning_tb.sv' ignored due to errors (VERI-1483)
-- Analyzing Verilog file 'C:/lscc/radiant/2026.1/cae_library/synthesis/verilog/iCE40UP.v' (VERI-1482)
-- Analyzing Verilog file 'C:/Users/eing/Documents/GitHub/e155-lab2/fpga/lab2_ei/source/impl_1/lab2_counter.sv' (VERI-1482)
-- Analyzing Verilog file 'C:/Users/eing/Documents/GitHub/e155-lab2/fpga/lab2_ei/source/impl_1/lab2_scanning.sv' (VERI-1482)
-- Analyzing Verilog file 'C:/Users/eing/Documents/GitHub/e155-lab2/fpga/lab2_ei/source/impl_1/lab2_scanning_tb.sv' (VERI-1482)
-- Analyzing Verilog file 'C:/lscc/radiant/2026.1/cae_library/synthesis/verilog/iCE40UP.v' (VERI-1482)
-- Analyzing Verilog file 'C:/Users/eing/Documents/GitHub/e155-lab2/fpga/lab2_ei/source/impl_1/lab2_counter.sv' (VERI-1482)
-- Analyzing Verilog file 'C:/Users/eing/Documents/GitHub/e155-lab2/fpga/lab2_ei/source/impl_1/lab2_scanning.sv' (VERI-1482)
-- Analyzing Verilog file 'C:/Users/eing/Documents/GitHub/e155-lab2/fpga/lab2_ei/source/impl_1/lab2_scanning_tb.sv' (VERI-1482)
C:/Users/eing/Documents/GitHub/e155-lab2/fpga/lab2_ei/source/impl_1/lab2_scanning_tb.sv(24): ERROR: extra comma in port association list is not allowed (VERI-2523)
ERROR <1009990> - Stopping Synthesis Tool flow due to error.
C:/Users/eing/Documents/GitHub/e155-lab2/fpga/lab2_ei/source/impl_1/lab2_scanning_tb.sv(24): ERROR: 'dut' is already declared (VERI-1116)
ERROR <1009990> - Stopping Synthesis Tool flow due to error.
C:/Users/eing/Documents/GitHub/e155-lab2/fpga/lab2_ei/source/impl_1/lab2_scanning_tb.sv(113): ERROR: module 'lab2_scanning_tb' is ignored due to previous errors (VERI-1072)
ERROR <1009990> - Stopping Synthesis Tool flow due to error.
-- Verilog file 'C:/Users/eing/Documents/GitHub/e155-lab2/fpga/lab2_ei/source/impl_1/lab2_scanning_tb.sv' ignored due to errors (VERI-1483)
-- Analyzing Verilog file 'C:/lscc/radiant/2026.1/cae_library/synthesis/verilog/iCE40UP.v' (VERI-1482)
-- Analyzing Verilog file 'C:/Users/eing/Documents/GitHub/e155-lab2/fpga/lab2_ei/source/impl_1/lab2_counter.sv' (VERI-1482)
-- Analyzing Verilog file 'C:/Users/eing/Documents/GitHub/e155-lab2/fpga/lab2_ei/source/impl_1/lab2_scanning.sv' (VERI-1482)
-- Analyzing Verilog file 'C:/Users/eing/Documents/GitHub/e155-lab2/fpga/lab2_ei/source/impl_1/lab2_scanning_tb.sv' (VERI-1482)
C:/Users/eing/Documents/GitHub/e155-lab2/fpga/lab2_ei/source/impl_1/lab2_scanning_tb.sv(24): ERROR: 'dut' is already declared (VERI-1116)
ERROR <1009990> - Stopping Synthesis Tool flow due to error.
C:/Users/eing/Documents/GitHub/e155-lab2/fpga/lab2_ei/source/impl_1/lab2_scanning_tb.sv(113): ERROR: module 'lab2_scanning_tb' is ignored due to previous errors (VERI-1072)
ERROR <1009990> - Stopping Synthesis Tool flow due to error.
-- Verilog file 'C:/Users/eing/Documents/GitHub/e155-lab2/fpga/lab2_ei/source/impl_1/lab2_scanning_tb.sv' ignored due to errors (VERI-1483)
-- Analyzing Verilog file 'C:/lscc/radiant/2026.1/cae_library/synthesis/verilog/iCE40UP.v' (VERI-1482)
-- Analyzing Verilog file 'C:/Users/eing/Documents/GitHub/e155-lab2/fpga/lab2_ei/source/impl_1/lab2_counter.sv' (VERI-1482)
-- Analyzing Verilog file 'C:/Users/eing/Documents/GitHub/e155-lab2/fpga/lab2_ei/source/impl_1/lab2_scanning.sv' (VERI-1482)
-- Analyzing Verilog file 'C:/Users/eing/Documents/GitHub/e155-lab2/fpga/lab2_ei/source/impl_1/lab2_scanning_tb.sv' (VERI-1482)
-- Analyzing Verilog file 'C:/lscc/radiant/2026.1/cae_library/synthesis/verilog/iCE40UP.v' (VERI-1482)
-- Analyzing Verilog file 'C:/Users/eing/Documents/GitHub/e155-lab2/fpga/lab2_ei/source/impl_1/lab2_counter.sv' (VERI-1482)
-- Analyzing Verilog file 'C:/Users/eing/Documents/GitHub/e155-lab2/fpga/lab2_ei/source/impl_1/lab2_scanning.sv' (VERI-1482)
-- Analyzing Verilog file 'C:/Users/eing/Documents/GitHub/e155-lab2/fpga/lab2_ei/source/impl_1/lab2_scanning_tb.sv' (VERI-1482)
-- Analyzing Verilog file 'C:/lscc/radiant/2026.1/cae_library/synthesis/verilog/iCE40UP.v' (VERI-1482)
-- Analyzing Verilog file 'C:/Users/eing/Documents/GitHub/e155-lab2/fpga/lab2_ei/source/impl_1/lab2_counter.sv' (VERI-1482)
-- Analyzing Verilog file 'C:/Users/eing/Documents/GitHub/e155-lab2/fpga/lab2_ei/source/impl_1/lab2_scanning.sv' (VERI-1482)
-- Analyzing Verilog file 'C:/lscc/radiant/2026.1/cae_library/synthesis/verilog/iCE40UP.v' (VERI-1482)
-- Analyzing Verilog file 'C:/Users/eing/Documents/GitHub/e155-lab2/fpga/lab2_ei/source/impl_1/lab2_counter.sv' (VERI-1482)
-- Analyzing Verilog file 'C:/Users/eing/Documents/GitHub/e155-lab2/fpga/lab2_ei/source/impl_1/lab2_scanning.sv' (VERI-1482)
-- Analyzing Verilog file 'C:/Users/eing/Documents/GitHub/e155-lab2/fpga/lab2_ei/source/impl_1/lab2_scanning_tb.sv' (VERI-1482)
-- Analyzing Verilog file 'C:/lscc/radiant/2026.1/cae_library/synthesis/verilog/iCE40UP.v' (VERI-1482)
-- Analyzing Verilog file 'C:/Users/eing/Documents/GitHub/e155-lab2/fpga/lab2_ei/source/impl_1/lab2_counter.sv' (VERI-1482)
-- Analyzing Verilog file 'C:/Users/eing/Documents/GitHub/e155-lab2/fpga/lab2_ei/source/impl_1/lab2_scanning.sv' (VERI-1482)
-- Analyzing Verilog file 'C:/Users/eing/Documents/GitHub/e155-lab2/fpga/lab2_ei/source/impl_1/lab2_scanning_tb.sv' (VERI-1482)
C:/Users/eing/Documents/GitHub/e155-lab2/fpga/lab2_ei/source/impl_1/lab2_scanning_tb.sv(32): ERROR: syntax error near ''1' (VERI-1137)
ERROR <1009990> - Stopping Synthesis Tool flow due to error.
C:/Users/eing/Documents/GitHub/e155-lab2/fpga/lab2_ei/source/impl_1/lab2_scanning_tb.sv(34): ERROR: syntax error near 'else' (VERI-1137)
ERROR <1009990> - Stopping Synthesis Tool flow due to error.
C:/Users/eing/Documents/GitHub/e155-lab2/fpga/lab2_ei/source/impl_1/lab2_scanning_tb.sv(34): ERROR: SystemVerilog keyword 'else' used in incorrect context (VERI-2344)
ERROR <1009990> - Stopping Synthesis Tool flow due to error.
C:/Users/eing/Documents/GitHub/e155-lab2/fpga/lab2_ei/source/impl_1/lab2_scanning_tb.sv(44): ERROR: syntax error near ''0' (VERI-1137)
ERROR <1009990> - Stopping Synthesis Tool flow due to error.
C:/Users/eing/Documents/GitHub/e155-lab2/fpga/lab2_ei/source/impl_1/lab2_scanning_tb.sv(46): ERROR: syntax error near 'else' (VERI-1137)
ERROR <1009990> - Stopping Synthesis Tool flow due to error.
C:/Users/eing/Documents/GitHub/e155-lab2/fpga/lab2_ei/source/impl_1/lab2_scanning_tb.sv(46): ERROR: SystemVerilog keyword 'else' used in incorrect context (VERI-2344)
ERROR <1009990> - Stopping Synthesis Tool flow due to error.
C:/Users/eing/Documents/GitHub/e155-lab2/fpga/lab2_ei/source/impl_1/lab2_scanning_tb.sv(105): ERROR: module 'lab2_scanning_tb' is ignored due to previous errors (VERI-1072)
ERROR <1009990> - Stopping Synthesis Tool flow due to error.
-- Verilog file 'C:/Users/eing/Documents/GitHub/e155-lab2/fpga/lab2_ei/source/impl_1/lab2_scanning_tb.sv' ignored due to errors (VERI-1483)
-- Analyzing Verilog file 'C:/lscc/radiant/2026.1/cae_library/synthesis/verilog/iCE40UP.v' (VERI-1482)
-- Analyzing Verilog file 'C:/Users/eing/Documents/GitHub/e155-lab2/fpga/lab2_ei/source/impl_1/lab2_counter.sv' (VERI-1482)
-- Analyzing Verilog file 'C:/Users/eing/Documents/GitHub/e155-lab2/fpga/lab2_ei/source/impl_1/lab2_scanning.sv' (VERI-1482)
-- Analyzing Verilog file 'C:/Users/eing/Documents/GitHub/e155-lab2/fpga/lab2_ei/source/impl_1/lab2_scanning_tb.sv' (VERI-1482)
-- Analyzing Verilog file 'C:/lscc/radiant/2026.1/cae_library/synthesis/verilog/iCE40UP.v' (VERI-1482)
-- Analyzing Verilog file 'C:/Users/eing/Documents/GitHub/e155-lab2/fpga/lab2_ei/source/impl_1/lab2_counter.sv' (VERI-1482)
-- Analyzing Verilog file 'C:/Users/eing/Documents/GitHub/e155-lab2/fpga/lab2_ei/source/impl_1/lab2_scanning.sv' (VERI-1482)
-- Analyzing Verilog file 'C:/Users/eing/Documents/GitHub/e155-lab2/fpga/lab2_ei/source/impl_1/lab2_scanning_tb.sv' (VERI-1482)
-- Analyzing Verilog file 'C:/lscc/radiant/2026.1/cae_library/synthesis/verilog/iCE40UP.v' (VERI-1482)
-- Analyzing Verilog file 'C:/Users/eing/Documents/GitHub/e155-lab2/fpga/lab2_ei/source/impl_1/lab2_counter.sv' (VERI-1482)
-- Analyzing Verilog file 'C:/Users/eing/Documents/GitHub/e155-lab2/fpga/lab2_ei/source/impl_1/lab2_scanning.sv' (VERI-1482)
-- Analyzing Verilog file 'C:/Users/eing/Documents/GitHub/e155-lab2/fpga/lab2_ei/source/impl_1/lab2_scanning_tb.sv' (VERI-1482)
-- Analyzing Verilog file 'C:/lscc/radiant/2026.1/cae_library/synthesis/verilog/iCE40UP.v' (VERI-1482)
-- Analyzing Verilog file 'C:/Users/eing/Documents/GitHub/e155-lab2/fpga/lab2_ei/source/impl_1/lab2_counter.sv' (VERI-1482)
-- Analyzing Verilog file 'C:/Users/eing/Documents/GitHub/e155-lab2/fpga/lab2_ei/source/impl_1/lab2_scanning.sv' (VERI-1482)
-- Analyzing Verilog file 'C:/Users/eing/Documents/GitHub/e155-lab2/fpga/lab2_ei/source/impl_1/lab2_scanning_tb.sv' (VERI-1482)
-- Analyzing Verilog file 'C:/lscc/radiant/2026.1/cae_library/synthesis/verilog/iCE40UP.v' (VERI-1482)
-- Analyzing Verilog file 'C:/Users/eing/Documents/GitHub/e155-lab2/fpga/lab2_ei/source/impl_1/lab2_counter.sv' (VERI-1482)
-- Analyzing Verilog file 'C:/Users/eing/Documents/GitHub/e155-lab2/fpga/lab2_ei/source/impl_1/lab2_scanning.sv' (VERI-1482)
-- Analyzing Verilog file 'C:/Users/eing/Documents/GitHub/e155-lab2/fpga/lab2_ei/source/impl_1/lab2_scanning_tb.sv' (VERI-1482)
-- Analyzing Verilog file 'C:/lscc/radiant/2026.1/cae_library/synthesis/verilog/iCE40UP.v' (VERI-1482)
-- Analyzing Verilog file 'C:/Users/eing/Documents/GitHub/e155-lab2/fpga/lab2_ei/source/impl_1/lab2_counter.sv' (VERI-1482)
-- Analyzing Verilog file 'C:/Users/eing/Documents/GitHub/e155-lab2/fpga/lab2_ei/source/impl_1/lab2_scanning.sv' (VERI-1482)
-- Analyzing Verilog file 'C:/Users/eing/Documents/GitHub/e155-lab2/fpga/lab2_ei/source/impl_1/lab2_scanning_tb.sv' (VERI-1482)
-- Analyzing Verilog file 'C:/lscc/radiant/2026.1/cae_library/synthesis/verilog/iCE40UP.v' (VERI-1482)
-- Analyzing Verilog file 'C:/Users/eing/Documents/GitHub/e155-lab2/fpga/lab2_ei/source/impl_1/lab2_counter.sv' (VERI-1482)
-- Analyzing Verilog file 'C:/Users/eing/Documents/GitHub/e155-lab2/fpga/lab2_ei/source/impl_1/lab2_scanning.sv' (VERI-1482)
-- Analyzing Verilog file 'C:/Users/eing/Documents/GitHub/e155-lab2/fpga/lab2_ei/source/impl_1/lab2_scanning_tb.sv' (VERI-1482)
-- Analyzing Verilog file 'C:/lscc/radiant/2026.1/cae_library/synthesis/verilog/iCE40UP.v' (VERI-1482)
-- Analyzing Verilog file 'C:/Users/eing/Documents/GitHub/e155-lab2/fpga/lab2_ei/source/impl_1/lab2_counter.sv' (VERI-1482)
-- Analyzing Verilog file 'C:/Users/eing/Documents/GitHub/e155-lab2/fpga/lab2_ei/source/impl_1/lab2_scanning.sv' (VERI-1482)
-- Analyzing Verilog file 'C:/Users/eing/Documents/GitHub/e155-lab2/fpga/lab2_ei/source/impl_1/lab2_scanning_tb.sv' (VERI-1482)
-- Analyzing Verilog file 'C:/lscc/radiant/2026.1/cae_library/synthesis/verilog/iCE40UP.v' (VERI-1482)
-- Analyzing Verilog file 'C:/Users/eing/Documents/GitHub/e155-lab2/fpga/lab2_ei/source/impl_1/lab2_counter.sv' (VERI-1482)
-- Analyzing Verilog file 'C:/Users/eing/Documents/GitHub/e155-lab2/fpga/lab2_ei/source/impl_1/lab2_scanning.sv' (VERI-1482)
-- Analyzing Verilog file 'C:/Users/eing/Documents/GitHub/e155-lab2/fpga/lab2_ei/source/impl_1/lab2_scanning_tb.sv' (VERI-1482)
-- Analyzing Verilog file 'C:/lscc/radiant/2026.1/cae_library/synthesis/verilog/iCE40UP.v' (VERI-1482)
-- Analyzing Verilog file 'C:/Users/eing/Documents/GitHub/e155-lab2/fpga/lab2_ei/source/impl_1/lab2_counter.sv' (VERI-1482)
-- Analyzing Verilog file 'C:/Users/eing/Documents/GitHub/e155-lab2/fpga/lab2_ei/source/impl_1/lab2_scanning.sv' (VERI-1482)
-- Analyzing Verilog file 'C:/Users/eing/Documents/GitHub/e155-lab2/fpga/lab2_ei/source/impl_1/lab2_scanning_tb.sv' (VERI-1482)
-- Analyzing Verilog file 'C:/lscc/radiant/2026.1/cae_library/synthesis/verilog/iCE40UP.v' (VERI-1482)
-- Analyzing Verilog file 'C:/Users/eing/Documents/GitHub/e155-lab2/fpga/lab2_ei/source/impl_1/lab2_counter.sv' (VERI-1482)
-- Analyzing Verilog file 'C:/Users/eing/Documents/GitHub/e155-lab2/fpga/lab2_ei/source/impl_1/lab2_scanning.sv' (VERI-1482)
-- Analyzing Verilog file 'C:/Users/eing/Documents/GitHub/e155-lab2/fpga/lab2_ei/source/impl_1/lab2_scanning_tb.sv' (VERI-1482)
-- Analyzing Verilog file 'C:/lscc/radiant/2026.1/cae_library/synthesis/verilog/iCE40UP.v' (VERI-1482)
-- Analyzing Verilog file 'C:/Users/eing/Documents/GitHub/e155-lab2/fpga/lab2_ei/source/impl_1/lab2_counter.sv' (VERI-1482)
-- Analyzing Verilog file 'C:/Users/eing/Documents/GitHub/e155-lab2/fpga/lab2_ei/source/impl_1/lab2_scanning.sv' (VERI-1482)
-- Analyzing Verilog file 'C:/Users/eing/Documents/GitHub/e155-lab2/fpga/lab2_ei/source/impl_1/lab2_scanning_tb.sv' (VERI-1482)
-- Analyzing Verilog file 'C:/lscc/radiant/2026.1/cae_library/synthesis/verilog/iCE40UP.v' (VERI-1482)
-- Analyzing Verilog file 'C:/Users/eing/Documents/GitHub/e155-lab2/fpga/lab2_ei/source/impl_1/lab2_counter.sv' (VERI-1482)
-- Analyzing Verilog file 'C:/Users/eing/Documents/GitHub/e155-lab2/fpga/lab2_ei/source/impl_1/lab2_scanning.sv' (VERI-1482)
-- Analyzing Verilog file 'C:/Users/eing/Documents/GitHub/e155-lab2/fpga/lab2_ei/source/impl_1/lab2_scanning_tb.sv' (VERI-1482)
-- Analyzing Verilog file 'C:/lscc/radiant/2026.1/cae_library/synthesis/verilog/iCE40UP.v' (VERI-1482)
-- Analyzing Verilog file 'C:/Users/eing/Documents/GitHub/e155-lab2/fpga/lab2_ei/source/impl_1/lab2_counter.sv' (VERI-1482)
-- Analyzing Verilog file 'C:/Users/eing/Documents/GitHub/e155-lab2/fpga/lab2_ei/source/impl_1/lab2_scanning.sv' (VERI-1482)
-- Analyzing Verilog file 'C:/Users/eing/Documents/GitHub/e155-lab2/fpga/lab2_ei/source/impl_1/lab2_scanning_tb.sv' (VERI-1482)
-- Analyzing Verilog file 'C:/lscc/radiant/2026.1/cae_library/synthesis/verilog/iCE40UP.v' (VERI-1482)
-- Analyzing Verilog file 'C:/Users/eing/Documents/GitHub/e155-lab2/fpga/lab2_ei/source/impl_1/lab2_7_seg_decoder.sv' (VERI-1482)
-- Analyzing Verilog file 'C:/Users/eing/Documents/GitHub/e155-lab2/fpga/lab2_ei/source/impl_1/lab2_counter.sv' (VERI-1482)
-- Analyzing Verilog file 'C:/Users/eing/Documents/GitHub/e155-lab2/fpga/lab2_ei/source/impl_1/lab2_ei.sv' (VERI-1482)
-- Analyzing Verilog file 'C:/Users/eing/Documents/GitHub/e155-lab2/fpga/lab2_ei/source/impl_1/lab2_scanning.sv' (VERI-1482)
-- Analyzing Verilog file 'C:/lscc/radiant/2026.1/cae_library/synthesis/verilog/iCE40UP.v' (VERI-1482)
-- Analyzing Verilog file 'C:/Users/eing/Documents/GitHub/e155-lab2/fpga/lab2_ei/source/impl_1/lab2_counter.sv' (VERI-1482)
-- Analyzing Verilog file 'C:/Users/eing/Documents/GitHub/e155-lab2/fpga/lab2_ei/source/impl_1/lab2_scanning.sv' (VERI-1482)
-- Analyzing Verilog file 'C:/Users/eing/Documents/GitHub/e155-lab2/fpga/lab2_ei/source/impl_1/lab2_scanning_tb.sv' (VERI-1482)
-- Analyzing Verilog file 'C:/lscc/radiant/2026.1/cae_library/synthesis/verilog/iCE40UP.v' (VERI-1482)
-- Analyzing Verilog file 'C:/Users/eing/Documents/GitHub/e155-lab2/fpga/lab2_ei/source/impl_1/lab2_counter.sv' (VERI-1482)
-- Analyzing Verilog file 'C:/Users/eing/Documents/GitHub/e155-lab2/fpga/lab2_ei/source/impl_1/lab2_scanning.sv' (VERI-1482)
-- Analyzing Verilog file 'C:/Users/eing/Documents/GitHub/e155-lab2/fpga/lab2_ei/source/impl_1/lab2_scanning_tb.sv' (VERI-1482)
-- Analyzing Verilog file 'C:/lscc/radiant/2026.1/cae_library/synthesis/verilog/iCE40UP.v' (VERI-1482)
-- Analyzing Verilog file 'C:/Users/eing/Documents/GitHub/e155-lab2/fpga/lab2_ei/source/impl_1/lab2_counter.sv' (VERI-1482)
-- Analyzing Verilog file 'C:/Users/eing/Documents/GitHub/e155-lab2/fpga/lab2_ei/source/impl_1/lab2_scanning.sv' (VERI-1482)
-- Analyzing Verilog file 'C:/Users/eing/Documents/GitHub/e155-lab2/fpga/lab2_ei/source/impl_1/lab2_scanning_tb.sv' (VERI-1482)
-- Analyzing Verilog file 'C:/lscc/radiant/2026.1/cae_library/synthesis/verilog/iCE40UP.v' (VERI-1482)
-- Analyzing Verilog file 'C:/Users/eing/Documents/GitHub/e155-lab2/fpga/lab2_ei/source/impl_1/lab2_counter.sv' (VERI-1482)
-- Analyzing Verilog file 'C:/Users/eing/Documents/GitHub/e155-lab2/fpga/lab2_ei/source/impl_1/lab2_scanning.sv' (VERI-1482)
-- Analyzing Verilog file 'C:/Users/eing/Documents/GitHub/e155-lab2/fpga/lab2_ei/source/impl_1/lab2_scanning_tb.sv' (VERI-1482)
-- Analyzing Verilog file 'C:/lscc/radiant/2026.1/cae_library/synthesis/verilog/iCE40UP.v' (VERI-1482)
-- Analyzing Verilog file 'C:/Users/eing/Documents/GitHub/e155-lab2/fpga/lab2_ei/source/impl_1/lab2_counter.sv' (VERI-1482)
-- Analyzing Verilog file 'C:/Users/eing/Documents/GitHub/e155-lab2/fpga/lab2_ei/source/impl_1/lab2_scanning.sv' (VERI-1482)
-- Analyzing Verilog file 'C:/Users/eing/Documents/GitHub/e155-lab2/fpga/lab2_ei/source/impl_1/lab2_scanning_tb.sv' (VERI-1482)
C:/Users/eing/Documents/GitHub/e155-lab2/fpga/lab2_ei/source/impl_1/lab2_scanning_tb.sv(10): ERROR: syntax error near '=' (VERI-1137)
ERROR <1009990> - Stopping Synthesis Tool flow due to error.
C:/Users/eing/Documents/GitHub/e155-lab2/fpga/lab2_ei/source/impl_1/lab2_scanning_tb.sv(10): ERROR: syntax error near '=' (VERI-1137)
ERROR <1009990> - Stopping Synthesis Tool flow due to error.
C:/Users/eing/Documents/GitHub/e155-lab2/fpga/lab2_ei/source/impl_1/lab2_scanning_tb.sv(117): ERROR: module 'lab2_scanning_tb' is ignored due to previous errors (VERI-1072)
ERROR <1009990> - Stopping Synthesis Tool flow due to error.
-- Verilog file 'C:/Users/eing/Documents/GitHub/e155-lab2/fpga/lab2_ei/source/impl_1/lab2_scanning_tb.sv' ignored due to errors (VERI-1483)
-- Analyzing Verilog file 'C:/lscc/radiant/2026.1/cae_library/synthesis/verilog/iCE40UP.v' (VERI-1482)
-- Analyzing Verilog file 'C:/Users/eing/Documents/GitHub/e155-lab2/fpga/lab2_ei/source/impl_1/lab2_counter.sv' (VERI-1482)
-- Analyzing Verilog file 'C:/Users/eing/Documents/GitHub/e155-lab2/fpga/lab2_ei/source/impl_1/lab2_scanning.sv' (VERI-1482)
-- Analyzing Verilog file 'C:/Users/eing/Documents/GitHub/e155-lab2/fpga/lab2_ei/source/impl_1/lab2_scanning_tb.sv' (VERI-1482)
