# *** Summary *********************************************
#     qrun: Errors:   0, Warnings:   0
#     vlog: Errors:   0, Warnings:   0
#     vopt: Errors:   0, Warnings:   3
#   Totals: Errors:   0, Warnings:   3
# ** Note: (vsim-220) 'C:/lscc/radiant/2026.1/questasim/win64/../modelsim.ini' is used as the ini file.
# vsim -L work -L pmi_work -L ovi_ice40up -lib qrun.out/work -wlf vsim.wlf -gui -do "view wave" -do "add wave /*" -do "run -all" -statslog qrun.out/stats_log qrun_opt -suppress vsim-7033,vsim-8630,3009,3389 -appendlog -l qrun.log 
# Start time: 21:43:02 on Sep 15,2026
# Loading sv_std.std
# Loading work.lab2_scanning_tb(fast)
# Loading work.lab2_scanning(fast)
# Loading work.lab2_counter(fast)
# view wave
# .main_pane.wave.interior.cs.body.pw.wf
# add wave /*
# run -all
# PASSED! The counter enable behaves as desired at time: 120000063.
# PASSED! The counter enable behaves as desired at time: 240000103.
# PASSED! The output transitions (rows) behaves as desired at time: 240000105.
# ** Error: FAILED! The output transitions (rows) behaves incorrectly at time: 360000127.
#    Time: 360000127 ns  Scope: lab2_scanning_tb File: C:/Users/eing/Documents/GitHub/e155-lab2/fpga/lab2_ei/source/impl_1/lab2_scanning_tb.sv Line: 68
# ** Error: FAILED! The output transitions (rows) behaves incorrectly at time: 480000127.
#    Time: 480000127 ns  Scope: lab2_scanning_tb File: C:/Users/eing/Documents/GitHub/e155-lab2/fpga/lab2_ei/source/impl_1/lab2_scanning_tb.sv Line: 75
# ** Error: FAILED! The output transitions (rows) behaves incorrectly at time: 600000127.
#    Time: 600000127 ns  Scope: lab2_scanning_tb File: C:/Users/eing/Documents/GitHub/e155-lab2/fpga/lab2_ei/source/impl_1/lab2_scanning_tb.sv Line: 82
# ** Error: FAILED! The output transitions (rows) behaves incorrectly at time: 720000127.
#    Time: 720000127 ns  Scope: lab2_scanning_tb File: C:/Users/eing/Documents/GitHub/e155-lab2/fpga/lab2_ei/source/impl_1/lab2_scanning_tb.sv Line: 89
# ** Error: FAILED! The counter reset behaves incorrectly at time: 720000247.
#    Time: 720000247 ns  Scope: lab2_scanning_tb File: C:/Users/eing/Documents/GitHub/e155-lab2/fpga/lab2_ei/source/impl_1/lab2_scanning_tb.sv Line: 102
# ** Note: $stop    : C:/Users/eing/Documents/GitHub/e155-lab2/fpga/lab2_ei/source/impl_1/lab2_scanning_tb.sv(106)
#    Time: 720000347 ns  Iteration: 0  Instance: /lab2_scanning_tb
# Break in Module lab2_scanning_tb at C:/Users/eing/Documents/GitHub/e155-lab2/fpga/lab2_ei/source/impl_1/lab2_scanning_tb.sv line 106
# End time: 21:46:00 on Sep 15,2026, Elapsed time: 0:02:58
# Errors: 5, Warnings: 0
# *** Summary *********************************************
#     qrun: Errors:   0, Warnings:   0
#     vlog: Errors:   0, Warnings:   0
#     vopt: Errors:   0, Warnings:   3
#   Totals: Errors:   0, Warnings:   3
# ** Note: (vsim-220) 'C:/lscc/radiant/2026.1/questasim/win64/../modelsim.ini' is used as the ini file.
# vsim -L work -L pmi_work -L ovi_ice40up -lib qrun.out/work -wlf vsim.wlf -gui -do "view wave" -do "add wave /*" -do "run -all" -statslog qrun.out/stats_log qrun_opt -suppress vsim-7033,vsim-8630,3009,3389 -appendlog -l qrun.log 
# Start time: 21:46:31 on Sep 15,2026
# Loading sv_std.std
# Loading work.lab2_scanning_tb(fast)
# Loading work.lab2_scanning(fast)
# Loading work.lab2_counter(fast)
# view wave
# .main_pane.wave.interior.cs.body.pw.wf
# add wave /*
# run -all
# PASSED! The counter enable behaves as desired at time: 120000063.
# PASSED! The counter enable behaves as desired at time: 240000103.
# PASSED! The output transitions (rows) behaves as desired at time: 240000105.
# ** Error: FAILED! The output transitions (rows) behaves incorrectly at time: 360000625.
#    Time: 360000625 ns  Scope: lab2_scanning_tb File: C:/Users/eing/Documents/GitHub/e155-lab2/fpga/lab2_ei/source/impl_1/lab2_scanning_tb.sv Line: 68
# ** Error: FAILED! The output transitions (rows) behaves incorrectly at time: 480000625.
#    Time: 480000625 ns  Scope: lab2_scanning_tb File: C:/Users/eing/Documents/GitHub/e155-lab2/fpga/lab2_ei/source/impl_1/lab2_scanning_tb.sv Line: 75
# ** Error: FAILED! The output transitions (rows) behaves incorrectly at time: 600000625.
#    Time: 600000625 ns  Scope: lab2_scanning_tb File: C:/Users/eing/Documents/GitHub/e155-lab2/fpga/lab2_ei/source/impl_1/lab2_scanning_tb.sv Line: 82
# ** Error: FAILED! The output transitions (rows) behaves incorrectly at time: 720000625.
#    Time: 720000625 ns  Scope: lab2_scanning_tb File: C:/Users/eing/Documents/GitHub/e155-lab2/fpga/lab2_ei/source/impl_1/lab2_scanning_tb.sv Line: 89
# ** Error: FAILED! The counter reset behaves incorrectly at time: 720000745.
#    Time: 720000745 ns  Scope: lab2_scanning_tb File: C:/Users/eing/Documents/GitHub/e155-lab2/fpga/lab2_ei/source/impl_1/lab2_scanning_tb.sv Line: 102
# ** Note: $stop    : C:/Users/eing/Documents/GitHub/e155-lab2/fpga/lab2_ei/source/impl_1/lab2_scanning_tb.sv(106)
#    Time: 720000845 ns  Iteration: 0  Instance: /lab2_scanning_tb
# Break in Module lab2_scanning_tb at C:/Users/eing/Documents/GitHub/e155-lab2/fpga/lab2_ei/source/impl_1/lab2_scanning_tb.sv line 106
# End time: 21:55:47 on Sep 15,2026, Elapsed time: 0:09:16
# Errors: 5, Warnings: 0
# *** Summary *********************************************
#     qrun: Errors:   0, Warnings:   0
#     vlog: Errors:   0, Warnings:   0
#     vopt: Errors:   0, Warnings:   3
#   Totals: Errors:   0, Warnings:   3
# ** Note: (vsim-220) 'C:/lscc/radiant/2026.1/questasim/win64/../modelsim.ini' is used as the ini file.
# vsim -L work -L pmi_work -L ovi_ice40up -lib qrun.out/work -wlf vsim.wlf -gui -do "view wave" -do "add wave /*" -do "run -all" -statslog qrun.out/stats_log qrun_opt -suppress vsim-7033,vsim-8630,3009,3389 -appendlog -l qrun.log 
# Start time: 21:56:19 on Sep 15,2026
# Loading sv_std.std
# Loading work.lab2_scanning_tb(fast)
# Loading work.lab2_scanning(fast)
# Loading work.lab2_counter(fast)
# view wave
# .main_pane.wave.interior.cs.body.pw.wf
# add wave /*
# run -all
# PASSED! The counter enable behaves as desired at time: 120000063.
# PASSED! The counter enable behaves as desired at time: 240000103.
# PASSED! The output transitions (rows) behaves as desired at time: 240000105.
# ** Error: FAILED! The output transitions (rows) behaves incorrectly at time: 360000185.
#    Time: 360000185 ns  Scope: lab2_scanning_tb File: C:/Users/eing/Documents/GitHub/e155-lab2/fpga/lab2_ei/source/impl_1/lab2_scanning_tb.sv Line: 69
# ** Error: FAILED! The output transitions (rows) behaves incorrectly at time: 480000185.
#    Time: 480000185 ns  Scope: lab2_scanning_tb File: C:/Users/eing/Documents/GitHub/e155-lab2/fpga/lab2_ei/source/impl_1/lab2_scanning_tb.sv Line: 76
# ** Error: FAILED! The output transitions (rows) behaves incorrectly at time: 600000185.
#    Time: 600000185 ns  Scope: lab2_scanning_tb File: C:/Users/eing/Documents/GitHub/e155-lab2/fpga/lab2_ei/source/impl_1/lab2_scanning_tb.sv Line: 83
# ** Error: FAILED! The output transitions (rows) behaves incorrectly at time: 720000185.
#    Time: 720000185 ns  Scope: lab2_scanning_tb File: C:/Users/eing/Documents/GitHub/e155-lab2/fpga/lab2_ei/source/impl_1/lab2_scanning_tb.sv Line: 90
# ** Error: FAILED! The counter reset behaves incorrectly at time: 720000305.
#    Time: 720000305 ns  Scope: lab2_scanning_tb File: C:/Users/eing/Documents/GitHub/e155-lab2/fpga/lab2_ei/source/impl_1/lab2_scanning_tb.sv Line: 103
# ** Note: $stop    : C:/Users/eing/Documents/GitHub/e155-lab2/fpga/lab2_ei/source/impl_1/lab2_scanning_tb.sv(107)
#    Time: 720000405 ns  Iteration: 0  Instance: /lab2_scanning_tb
# Break in Module lab2_scanning_tb at C:/Users/eing/Documents/GitHub/e155-lab2/fpga/lab2_ei/source/impl_1/lab2_scanning_tb.sv line 107
# End time: 21:57:36 on Sep 15,2026, Elapsed time: 0:01:17
# Errors: 5, Warnings: 0
# *** Summary *********************************************
#     qrun: Errors:   0, Warnings:   0
#     vlog: Errors:   0, Warnings:   0
#     vopt: Errors:   0, Warnings:   3
#   Totals: Errors:   0, Warnings:   3
# ** Note: (vsim-220) 'C:/lscc/radiant/2026.1/questasim/win64/../modelsim.ini' is used as the ini file.
# vsim -L work -L pmi_work -L ovi_ice40up -lib qrun.out/work -wlf vsim.wlf -gui -do "view wave" -do "add wave /*" -do "run -all" -statslog qrun.out/stats_log qrun_opt -suppress vsim-7033,vsim-8630,3009,3389 -appendlog -l qrun.log 
# Start time: 21:58:02 on Sep 15,2026
# Loading sv_std.std
# Loading work.lab2_scanning_tb(fast)
# Loading work.lab2_scanning(fast)
# Loading work.lab2_counter(fast)
# view wave
# .main_pane.wave.interior.cs.body.pw.wf
# add wave /*
# run -all
# PASSED! The counter enable behaves as desired at time: 120000063.
# PASSED! The counter enable behaves as desired at time: 240000103.
# PASSED! The output transitions (rows) behaves as desired at time: 240000105.
# ** Error: FAILED! The output transitions (rows) behaves incorrectly at time: 360000185.
#    Time: 360000185 ns  Scope: lab2_scanning_tb File: C:/Users/eing/Documents/GitHub/e155-lab2/fpga/lab2_ei/source/impl_1/lab2_scanning_tb.sv Line: 69
# ** Error: FAILED! The output transitions (rows) behaves incorrectly at time: 480000245.
#    Time: 480000245 ns  Scope: lab2_scanning_tb File: C:/Users/eing/Documents/GitHub/e155-lab2/fpga/lab2_ei/source/impl_1/lab2_scanning_tb.sv Line: 78
# ** Error: FAILED! The output transitions (rows) behaves incorrectly at time: 600000305.
#    Time: 600000305 ns  Scope: lab2_scanning_tb File: C:/Users/eing/Documents/GitHub/e155-lab2/fpga/lab2_ei/source/impl_1/lab2_scanning_tb.sv Line: 87
# ** Error: FAILED! The output transitions (rows) behaves incorrectly at time: 720000365.
#    Time: 720000365 ns  Scope: lab2_scanning_tb File: C:/Users/eing/Documents/GitHub/e155-lab2/fpga/lab2_ei/source/impl_1/lab2_scanning_tb.sv Line: 96
# ** Error: FAILED! The counter reset behaves incorrectly at time: 720000485.
#    Time: 720000485 ns  Scope: lab2_scanning_tb File: C:/Users/eing/Documents/GitHub/e155-lab2/fpga/lab2_ei/source/impl_1/lab2_scanning_tb.sv Line: 109
# ** Note: $stop    : C:/Users/eing/Documents/GitHub/e155-lab2/fpga/lab2_ei/source/impl_1/lab2_scanning_tb.sv(113)
#    Time: 720000585 ns  Iteration: 0  Instance: /lab2_scanning_tb
# Break in Module lab2_scanning_tb at C:/Users/eing/Documents/GitHub/e155-lab2/fpga/lab2_ei/source/impl_1/lab2_scanning_tb.sv line 113
# End time: 22:01:40 on Sep 15,2026, Elapsed time: 0:03:38
# Errors: 5, Warnings: 0
# *** Summary *********************************************
#     qrun: Errors:   0, Warnings:   0
#     vlog: Errors:   0, Warnings:   0
#     vsim: Errors:   5, Warnings:   0
#     vopt: Errors:   0, Warnings:   8
#   Totals: Errors:   5, Warnings:   8
# Error 31: Unable to unlink file "qrun.out/work/qrun_opt/_lib.qdb".
# Error 31: Unable to unlink file "qrun.out/work/qrun_opt/_lib3_0.qdb".
# Error 31: Unable to unlink file "qrun.out/work/qrun_opt/_lib3_0.qpg".
# Error 31: Unable to unlink file "qrun.out/work/qrun_opt/_lib3_0.qtl".
# Error 133: Unable to remove directory "qrun.out/work/qrun_opt".
# Error 133: Unable to remove directory "qrun.out/work".
# Error 133: Unable to remove directory "qrun.out".
# ** Note: (vsim-220) 'C:/lscc/radiant/2026.1/questasim/win64/../modelsim.ini' is used as the ini file.
# vsim -L work -L pmi_work -L ovi_ice40up -lib qrun.out/work -wlf vsim.wlf -gui -do "view wave" -do "add wave /*" -do "run -all" -statslog qrun.out/stats_log qrun_opt -suppress vsim-7033,vsim-8630,3009,3389 -appendlog -l qrun.log 
# Start time: 22:01:42 on Sep 15,2026
# Loading sv_std.std
# Loading work.lab2_scanning_tb(fast)
# Loading work.lab2_scanning(fast)
# Loading work.lab2_counter(fast)
# view wave
# .main_pane.wave.interior.cs.body.pw.wf
# add wave /*
# run -all
# PASSED! The counter enable behaves as desired at time: 120000063.
# PASSED! The counter enable behaves as desired at time: 240000103.
# PASSED! The output transitions (rows) behaves as desired at time: 240000105.
# ** Error: FAILED! The output transitions (rows) behaves incorrectly at time: 360000145.
#    Time: 360000145 ns  Scope: lab2_scanning_tb File: C:/Users/eing/Documents/GitHub/e155-lab2/fpga/lab2_ei/source/impl_1/lab2_scanning_tb.sv Line: 69
# ** Error: FAILED! The output transitions (rows) behaves incorrectly at time: 480000165.
#    Time: 480000165 ns  Scope: lab2_scanning_tb File: C:/Users/eing/Documents/GitHub/e155-lab2/fpga/lab2_ei/source/impl_1/lab2_scanning_tb.sv Line: 78
# ** Error: FAILED! The output transitions (rows) behaves incorrectly at time: 600000185.
#    Time: 600000185 ns  Scope: lab2_scanning_tb File: C:/Users/eing/Documents/GitHub/e155-lab2/fpga/lab2_ei/source/impl_1/lab2_scanning_tb.sv Line: 87
# ** Error: FAILED! The output transitions (rows) behaves incorrectly at time: 720000205.
#    Time: 720000205 ns  Scope: lab2_scanning_tb File: C:/Users/eing/Documents/GitHub/e155-lab2/fpga/lab2_ei/source/impl_1/lab2_scanning_tb.sv Line: 96
# ** Error: FAILED! The counter reset behaves incorrectly at time: 720000325.
#    Time: 720000325 ns  Scope: lab2_scanning_tb File: C:/Users/eing/Documents/GitHub/e155-lab2/fpga/lab2_ei/source/impl_1/lab2_scanning_tb.sv Line: 109
# ** Note: $stop    : C:/Users/eing/Documents/GitHub/e155-lab2/fpga/lab2_ei/source/impl_1/lab2_scanning_tb.sv(113)
#    Time: 720000425 ns  Iteration: 0  Instance: /lab2_scanning_tb
# Break in Module lab2_scanning_tb at C:/Users/eing/Documents/GitHub/e155-lab2/fpga/lab2_ei/source/impl_1/lab2_scanning_tb.sv line 113
# End time: 22:04:41 on Sep 15,2026, Elapsed time: 0:02:59
# Errors: 5, Warnings: 0
# *** Summary *********************************************
#     qrun: Errors:   0, Warnings:   0
#     vlog: Errors:   0, Warnings:   0
#     vopt: Errors:   0, Warnings:   5
#   Totals: Errors:   0, Warnings:   5
# ** Note: (vsim-220) 'C:/lscc/radiant/2026.1/questasim/win64/../modelsim.ini' is used as the ini file.
# vsim -L work -L pmi_work -L ovi_ice40up -lib qrun.out/work -wlf vsim.wlf -gui -do "view wave" -do "add wave /*" -do "run -all" -statslog qrun.out/stats_log qrun_opt -suppress vsim-7033,vsim-8630,3009,3389 -appendlog -l qrun.log 
# Start time: 22:07:09 on Sep 15,2026
# Loading sv_std.std
# Loading work.lab2_scanning_tb(fast)
# Loading work.lab2_scanning(fast)
# Loading work.lab2_counter(fast)
# view wave
# .main_pane.wave.interior.cs.body.pw.wf
# add wave /*
# run -all
# PASSED! The counter enable behaves as desired at time: 120000063.
# ** Error: FAILED! The counter enable behaves incorrectly at time: 240000103.
#    Time: 240000103 ns  Scope: lab2_scanning_tb File: C:/Users/eing/Documents/GitHub/e155-lab2/fpga/lab2_ei/source/impl_1/lab2_scanning_tb.sv Line: 49
# PASSED! The output transitions (rows) behaves as desired at time: 240000105.
# PASSED! The output transitions (rows) behaves as desired at time: 360000145.
# ** Error: FAILED! The output transitions (rows) behaves incorrectly at time: 480000165.
#    Time: 480000165 ns  Scope: lab2_scanning_tb File: C:/Users/eing/Documents/GitHub/e155-lab2/fpga/lab2_ei/source/impl_1/lab2_scanning_tb.sv Line: 79
# ** Error: FAILED! The output transitions (rows) behaves incorrectly at time: 600000185.
#    Time: 600000185 ns  Scope: lab2_scanning_tb File: C:/Users/eing/Documents/GitHub/e155-lab2/fpga/lab2_ei/source/impl_1/lab2_scanning_tb.sv Line: 88
# ** Error: FAILED! The output transitions (rows) behaves incorrectly at time: 720000205.
#    Time: 720000205 ns  Scope: lab2_scanning_tb File: C:/Users/eing/Documents/GitHub/e155-lab2/fpga/lab2_ei/source/impl_1/lab2_scanning_tb.sv Line: 97
# ** Error: FAILED! The counter reset behaves incorrectly at time: 720000325.
#    Time: 720000325 ns  Scope: lab2_scanning_tb File: C:/Users/eing/Documents/GitHub/e155-lab2/fpga/lab2_ei/source/impl_1/lab2_scanning_tb.sv Line: 110
# ** Note: $stop    : C:/Users/eing/Documents/GitHub/e155-lab2/fpga/lab2_ei/source/impl_1/lab2_scanning_tb.sv(114)
#    Time: 720000425 ns  Iteration: 0  Instance: /lab2_scanning_tb
# Break in Module lab2_scanning_tb at C:/Users/eing/Documents/GitHub/e155-lab2/fpga/lab2_ei/source/impl_1/lab2_scanning_tb.sv line 114
# End time: 22:08:43 on Sep 15,2026, Elapsed time: 0:01:34
# Errors: 5, Warnings: 0
# *** Summary *********************************************
#     qrun: Errors:   0, Warnings:   0
#     vlog: Errors:   0, Warnings:   0
#     vopt: Errors:   0, Warnings:   3
#   Totals: Errors:   0, Warnings:   3
# ** Note: (vsim-220) 'C:/lscc/radiant/2026.1/questasim/win64/../modelsim.ini' is used as the ini file.
# vsim -L work -L pmi_work -L ovi_ice40up -lib qrun.out/work -wlf vsim.wlf -gui -do "view wave" -do "add wave /*" -do "run -all" -statslog qrun.out/stats_log qrun_opt -suppress vsim-7033,vsim-8630,3009,3389 -appendlog -l qrun.log 
# Start time: 22:09:14 on Sep 15,2026
# Loading sv_std.std
# Loading work.lab2_scanning_tb(fast)
# Loading work.lab2_scanning(fast)
# Loading work.lab2_counter(fast)
# view wave
# .main_pane.wave.interior.cs.body.pw.wf
# add wave /*
# run -all
# PASSED! The counter enable behaves as desired at time: 240000043.
# ** Error: FAILED! The counter enable behaves incorrectly at time: 480000083.
#    Time: 480000083 ns  Scope: lab2_scanning_tb File: C:/Users/eing/Documents/GitHub/e155-lab2/fpga/lab2_ei/source/impl_1/lab2_scanning_tb.sv Line: 51
# PASSED! The output transitions (rows) behaves as desired at time: 480000085.
# ** Error: FAILED! The output transitions (rows) behaves incorrectly at time: 600000125.
#    Time: 600000125 ns  Scope: lab2_scanning_tb File: C:/Users/eing/Documents/GitHub/e155-lab2/fpga/lab2_ei/source/impl_1/lab2_scanning_tb.sv Line: 72
# ** Error: FAILED! The output transitions (rows) behaves incorrectly at time: 720000145.
#    Time: 720000145 ns  Scope: lab2_scanning_tb File: C:/Users/eing/Documents/GitHub/e155-lab2/fpga/lab2_ei/source/impl_1/lab2_scanning_tb.sv Line: 81
# ** Error: FAILED! The output transitions (rows) behaves incorrectly at time: 840000165.
#    Time: 840000165 ns  Scope: lab2_scanning_tb File: C:/Users/eing/Documents/GitHub/e155-lab2/fpga/lab2_ei/source/impl_1/lab2_scanning_tb.sv Line: 90
# ** Error: FAILED! The output transitions (rows) behaves incorrectly at time: 960000185.
#    Time: 960000185 ns  Scope: lab2_scanning_tb File: C:/Users/eing/Documents/GitHub/e155-lab2/fpga/lab2_ei/source/impl_1/lab2_scanning_tb.sv Line: 99
# ** Error: FAILED! The counter reset behaves incorrectly at time: 960000305.
#    Time: 960000305 ns  Scope: lab2_scanning_tb File: C:/Users/eing/Documents/GitHub/e155-lab2/fpga/lab2_ei/source/impl_1/lab2_scanning_tb.sv Line: 112
# ** Note: $stop    : C:/Users/eing/Documents/GitHub/e155-lab2/fpga/lab2_ei/source/impl_1/lab2_scanning_tb.sv(116)
#    Time: 960000405 ns  Iteration: 0  Instance: /lab2_scanning_tb
# Break in Module lab2_scanning_tb at C:/Users/eing/Documents/GitHub/e155-lab2/fpga/lab2_ei/source/impl_1/lab2_scanning_tb.sv line 116
# End time: 22:13:56 on Sep 15,2026, Elapsed time: 0:04:42
# Errors: 6, Warnings: 0
# *** Summary *********************************************
#     qrun: Errors:   0, Warnings:   0
#     vlog: Errors:   0, Warnings:   0
#     vopt: Errors:   0, Warnings:   3
#   Totals: Errors:   0, Warnings:   3
# ** Note: (vsim-220) 'C:/lscc/radiant/2026.1/questasim/win64/../modelsim.ini' is used as the ini file.
# vsim -L work -L pmi_work -L ovi_ice40up -lib qrun.out/work -wlf vsim.wlf -gui -do "view wave" -do "add wave /*" -do "run -all" -statslog qrun.out/stats_log qrun_opt -suppress vsim-7033,vsim-8630,3009,3389 -appendlog -l qrun.log 
# Start time: 22:15:59 on Sep 15,2026
# Loading sv_std.std
# Loading work.lab2_scanning_tb(fast)
# Loading work.lab2_scanning(fast)
# Loading work.lab2_counter(fast)
# view wave
# .main_pane.wave.interior.cs.body.pw.wf
# add wave /*
# run -all
# PASSED! The output transitions (rows) behaves as desired at time: 42.
# PASSED! The output transitions (rows) behaves as desired at time: 120000082.
# ** Error: FAILED! The output transitions (rows) behaves incorrectly at time: 240000102.
#    Time: 240000102 ns  Scope: lab2_scanning_tb File: C:/Users/eing/Documents/GitHub/e155-lab2/fpga/lab2_ei/source/impl_1/lab2_scanning_tb.sv Line: 55
# ** Error: FAILED! The output transitions (rows) behaves incorrectly at time: 360000122.
#    Time: 360000122 ns  Scope: lab2_scanning_tb File: C:/Users/eing/Documents/GitHub/e155-lab2/fpga/lab2_ei/source/impl_1/lab2_scanning_tb.sv Line: 64
# ** Error: FAILED! The output transitions (rows) behaves incorrectly at time: 480000142.
#    Time: 480000142 ns  Scope: lab2_scanning_tb File: C:/Users/eing/Documents/GitHub/e155-lab2/fpga/lab2_ei/source/impl_1/lab2_scanning_tb.sv Line: 73
# ** Error: FAILED! The counter reset behaves incorrectly at time: 480000262.
#    Time: 480000262 ns  Scope: lab2_scanning_tb File: C:/Users/eing/Documents/GitHub/e155-lab2/fpga/lab2_ei/source/impl_1/lab2_scanning_tb.sv Line: 86
# PASSED! The counter enable behaves as desired at time: 720000305.
# ** Error: FAILED! The counter enable behaves incorrectly at time: 960000345.
#    Time: 960000345 ns  Scope: lab2_scanning_tb File: C:/Users/eing/Documents/GitHub/e155-lab2/fpga/lab2_ei/source/impl_1/lab2_scanning_tb.sv Line: 115
# ** Note: $stop    : C:/Users/eing/Documents/GitHub/e155-lab2/fpga/lab2_ei/source/impl_1/lab2_scanning_tb.sv(119)
#    Time: 960000445 ns  Iteration: 0  Instance: /lab2_scanning_tb
# Break in Module lab2_scanning_tb at C:/Users/eing/Documents/GitHub/e155-lab2/fpga/lab2_ei/source/impl_1/lab2_scanning_tb.sv line 119
# End time: 22:18:19 on Sep 15,2026, Elapsed time: 0:02:20
# Errors: 5, Warnings: 0
# *** Summary *********************************************
#     qrun: Errors:   0, Warnings:   0
#     vlog: Errors:   0, Warnings:   0
#     vopt: Errors:   0, Warnings:   3
#   Totals: Errors:   0, Warnings:   3
# ** Note: (vsim-220) 'C:/lscc/radiant/2026.1/questasim/win64/../modelsim.ini' is used as the ini file.
# vsim -L work -L pmi_work -L ovi_ice40up -lib qrun.out/work -wlf vsim.wlf -gui -do "view wave" -do "add wave /*" -do "run -all" -statslog qrun.out/stats_log qrun_opt -suppress vsim-7033,vsim-8630,3009,3389 -appendlog -l qrun.log 
# Start time: 22:18:45 on Sep 15,2026
# Loading sv_std.std
# Loading work.lab2_scanning_tb(fast)
# Loading work.lab2_scanning(fast)
# Loading work.lab2_counter(fast)
# view wave
# .main_pane.wave.interior.cs.body.pw.wf
# add wave /*
# run -all
# PASSED! The output transitions (rows) behaves as desired at time: 42.
# PASSED! The output transitions (rows) behaves as desired at time: 120000082.
# ** Error: FAILED! The output transitions (rows) behaves incorrectly at time: 240000082.
#    Time: 240000082 ns  Scope: lab2_scanning_tb File: C:/Users/eing/Documents/GitHub/e155-lab2/fpga/lab2_ei/source/impl_1/lab2_scanning_tb.sv Line: 54
# ** Error: FAILED! The output transitions (rows) behaves incorrectly at time: 360000082.
#    Time: 360000082 ns  Scope: lab2_scanning_tb File: C:/Users/eing/Documents/GitHub/e155-lab2/fpga/lab2_ei/source/impl_1/lab2_scanning_tb.sv Line: 62
# ** Error: FAILED! The output transitions (rows) behaves incorrectly at time: 480000082.
#    Time: 480000082 ns  Scope: lab2_scanning_tb File: C:/Users/eing/Documents/GitHub/e155-lab2/fpga/lab2_ei/source/impl_1/lab2_scanning_tb.sv Line: 70
# ** Error: FAILED! The counter reset behaves incorrectly at time: 480000202.
#    Time: 480000202 ns  Scope: lab2_scanning_tb File: C:/Users/eing/Documents/GitHub/e155-lab2/fpga/lab2_ei/source/impl_1/lab2_scanning_tb.sv Line: 83
# PASSED! The counter enable behaves as desired at time: 720000245.
# ** Error: FAILED! The counter enable behaves incorrectly at time: 960000285.
#    Time: 960000285 ns  Scope: lab2_scanning_tb File: C:/Users/eing/Documents/GitHub/e155-lab2/fpga/lab2_ei/source/impl_1/lab2_scanning_tb.sv Line: 112
# ** Note: $stop    : C:/Users/eing/Documents/GitHub/e155-lab2/fpga/lab2_ei/source/impl_1/lab2_scanning_tb.sv(116)
#    Time: 960000385 ns  Iteration: 0  Instance: /lab2_scanning_tb
# Break in Module lab2_scanning_tb at C:/Users/eing/Documents/GitHub/e155-lab2/fpga/lab2_ei/source/impl_1/lab2_scanning_tb.sv line 116
# End time: 22:20:36 on Sep 15,2026, Elapsed time: 0:01:51
# Errors: 5, Warnings: 0
# *** Summary *********************************************
#     qrun: Errors:   0, Warnings:   0
#     vlog: Errors:   0, Warnings:   0
#     vopt: Errors:   0, Warnings:   3
#   Totals: Errors:   0, Warnings:   3
# ** Note: (vsim-220) 'C:/lscc/radiant/2026.1/questasim/win64/../modelsim.ini' is used as the ini file.
# vsim -L work -L pmi_work -L ovi_ice40up -lib qrun.out/work -wlf vsim.wlf -gui -do "view wave" -do "add wave /*" -do "run -all" -statslog qrun.out/stats_log qrun_opt -suppress vsim-7033,vsim-8630,3009,3389 -appendlog -l qrun.log 
# Start time: 22:21:14 on Sep 15,2026
# Loading sv_std.std
# Loading work.lab2_scanning_tb(fast)
# Loading work.lab2_scanning(fast)
# Loading work.lab2_counter(fast)
# view wave
# .main_pane.wave.interior.cs.body.pw.wf
# add wave /*
# run -all
# PASSED! The output transitions (rows) behaves as desired at time: 40.
# PASSED! The output transitions (rows) behaves as desired at time: 120000560.
# ** Error: FAILED! The output transitions (rows) behaves incorrectly at time: 240000560.
#    Time: 240000560 ns  Scope: lab2_scanning_tb File: C:/Users/eing/Documents/GitHub/e155-lab2/fpga/lab2_ei/source/impl_1/lab2_scanning_tb.sv Line: 53
# ** Error: FAILED! The output transitions (rows) behaves incorrectly at time: 360000560.
#    Time: 360000560 ns  Scope: lab2_scanning_tb File: C:/Users/eing/Documents/GitHub/e155-lab2/fpga/lab2_ei/source/impl_1/lab2_scanning_tb.sv Line: 61
# ** Error: FAILED! The output transitions (rows) behaves incorrectly at time: 480000560.
#    Time: 480000560 ns  Scope: lab2_scanning_tb File: C:/Users/eing/Documents/GitHub/e155-lab2/fpga/lab2_ei/source/impl_1/lab2_scanning_tb.sv Line: 69
# ** Error: FAILED! The counter reset behaves incorrectly at time: 480000680.
#    Time: 480000680 ns  Scope: lab2_scanning_tb File: C:/Users/eing/Documents/GitHub/e155-lab2/fpga/lab2_ei/source/impl_1/lab2_scanning_tb.sv Line: 82
# PASSED! The counter enable behaves as desired at time: 720000723.
# ** Error: FAILED! The counter enable behaves incorrectly at time: 960000763.
#    Time: 960000763 ns  Scope: lab2_scanning_tb File: C:/Users/eing/Documents/GitHub/e155-lab2/fpga/lab2_ei/source/impl_1/lab2_scanning_tb.sv Line: 111
# ** Note: $stop    : C:/Users/eing/Documents/GitHub/e155-lab2/fpga/lab2_ei/source/impl_1/lab2_scanning_tb.sv(115)
#    Time: 960000863 ns  Iteration: 0  Instance: /lab2_scanning_tb
# Break in Module lab2_scanning_tb at C:/Users/eing/Documents/GitHub/e155-lab2/fpga/lab2_ei/source/impl_1/lab2_scanning_tb.sv line 115
# End time: 22:23:22 on Sep 15,2026, Elapsed time: 0:02:08
# Errors: 5, Warnings: 0
# *** Summary *********************************************
#     qrun: Errors:   0, Warnings:   0
#     vlog: Errors:   0, Warnings:   0
#     vopt: Errors:   0, Warnings:   3
#   Totals: Errors:   0, Warnings:   3
# ** Note: (vsim-220) 'C:/lscc/radiant/2026.1/questasim/win64/../modelsim.ini' is used as the ini file.
# vsim -L work -L pmi_work -L ovi_ice40up -lib qrun.out/work -wlf vsim.wlf -gui -do "view wave" -do "add wave /*" -do "run -all" -statslog qrun.out/stats_log qrun_opt -suppress vsim-7033,vsim-8630,3009,3389 -appendlog -l qrun.log 
# Start time: 22:24:11 on Sep 15,2026
# Loading sv_std.std
# Loading work.lab2_scanning_tb(fast)
# Loading work.lab2_scanning(fast)
# Loading work.lab2_counter(fast)
# view wave
# .main_pane.wave.interior.cs.body.pw.wf
# add wave /*
# run -all
# PASSED! The output transitions (rows) behaves as desired at time: 40.
# ** Error: FAILED! The output transitions (rows) behaves incorrectly at time: 120000760.
#    Time: 120000760 ns  Scope: lab2_scanning_tb File: C:/Users/eing/Documents/GitHub/e155-lab2/fpga/lab2_ei/source/impl_1/lab2_scanning_tb.sv Line: 46
# ** Error: FAILED! The output transitions (rows) behaves incorrectly at time: 240000760.
#    Time: 240000760 ns  Scope: lab2_scanning_tb File: C:/Users/eing/Documents/GitHub/e155-lab2/fpga/lab2_ei/source/impl_1/lab2_scanning_tb.sv Line: 54
# ** Error: FAILED! The output transitions (rows) behaves incorrectly at time: 360000760.
#    Time: 360000760 ns  Scope: lab2_scanning_tb File: C:/Users/eing/Documents/GitHub/e155-lab2/fpga/lab2_ei/source/impl_1/lab2_scanning_tb.sv Line: 62
# ** Error: FAILED! The output transitions (rows) behaves incorrectly at time: 480000760.
#    Time: 480000760 ns  Scope: lab2_scanning_tb File: C:/Users/eing/Documents/GitHub/e155-lab2/fpga/lab2_ei/source/impl_1/lab2_scanning_tb.sv Line: 70
# ** Error: FAILED! The counter reset behaves incorrectly at time: 480000880.
#    Time: 480000880 ns  Scope: lab2_scanning_tb File: C:/Users/eing/Documents/GitHub/e155-lab2/fpga/lab2_ei/source/impl_1/lab2_scanning_tb.sv Line: 83
# PASSED! The counter enable behaves as desired at time: 720000923.
# Break key hit
# Simulation stop requested.
# End time: 22:25:25 on Sep 15,2026, Elapsed time: 0:01:14
# Errors: 5, Warnings: 0
# *** Summary *********************************************
#     qrun: Errors:   0, Warnings:   0
#     vlog: Errors:   0, Warnings:   0
#     vopt: Errors:   0, Warnings:   3
#   Totals: Errors:   0, Warnings:   3
# ** Note: (vsim-220) 'C:/lscc/radiant/2026.1/questasim/win64/../modelsim.ini' is used as the ini file.
# vsim -L work -L pmi_work -L ovi_ice40up -lib qrun.out/work -wlf vsim.wlf -gui -do "view wave" -do "add wave /*" -do "run -all" -statslog qrun.out/stats_log qrun_opt -suppress vsim-7033,vsim-8630,3009,3389 -appendlog -l qrun.log 
# Start time: 22:25:57 on Sep 15,2026
# Loading sv_std.std
# Loading work.lab2_scanning_tb(fast)
# Loading work.lab2_scanning(fast)
# Loading work.lab2_counter(fast)
# view wave
# .main_pane.wave.interior.cs.body.pw.wf
# add wave /*
# run -all
# PASSED! The output transitions (rows) behaves as desired at time: 40.
# ** Error: FAILED! The output transitions (rows) behaves incorrectly at time: 120000565.
#    Time: 120000565 ns  Scope: lab2_scanning_tb File: C:/Users/eing/Documents/GitHub/e155-lab2/fpga/lab2_ei/source/impl_1/lab2_scanning_tb.sv Line: 46
# ** Error: FAILED! The output transitions (rows) behaves incorrectly at time: 240000565.
#    Time: 240000565 ns  Scope: lab2_scanning_tb File: C:/Users/eing/Documents/GitHub/e155-lab2/fpga/lab2_ei/source/impl_1/lab2_scanning_tb.sv Line: 54
# ** Error: FAILED! The output transitions (rows) behaves incorrectly at time: 360000565.
#    Time: 360000565 ns  Scope: lab2_scanning_tb File: C:/Users/eing/Documents/GitHub/e155-lab2/fpga/lab2_ei/source/impl_1/lab2_scanning_tb.sv Line: 62
# ** Error: FAILED! The output transitions (rows) behaves incorrectly at time: 480000565.
#    Time: 480000565 ns  Scope: lab2_scanning_tb File: C:/Users/eing/Documents/GitHub/e155-lab2/fpga/lab2_ei/source/impl_1/lab2_scanning_tb.sv Line: 70
# ** Error: FAILED! The counter reset behaves incorrectly at time: 480000685.
#    Time: 480000685 ns  Scope: lab2_scanning_tb File: C:/Users/eing/Documents/GitHub/e155-lab2/fpga/lab2_ei/source/impl_1/lab2_scanning_tb.sv Line: 83
# PASSED! The counter enable behaves as desired at time: 720000728.
# ** Error: FAILED! The counter enable behaves incorrectly at time: 960000768.
#    Time: 960000768 ns  Scope: lab2_scanning_tb File: C:/Users/eing/Documents/GitHub/e155-lab2/fpga/lab2_ei/source/impl_1/lab2_scanning_tb.sv Line: 112
# ** Note: $stop    : C:/Users/eing/Documents/GitHub/e155-lab2/fpga/lab2_ei/source/impl_1/lab2_scanning_tb.sv(116)
#    Time: 960000868 ns  Iteration: 0  Instance: /lab2_scanning_tb
# Break in Module lab2_scanning_tb at C:/Users/eing/Documents/GitHub/e155-lab2/fpga/lab2_ei/source/impl_1/lab2_scanning_tb.sv line 116
# End time: 22:29:38 on Sep 15,2026, Elapsed time: 0:03:41
# Errors: 6, Warnings: 0
# *** Summary *********************************************
#     qrun: Errors:   0, Warnings:   0
#     vlog: Errors:   0, Warnings:   0
#     vopt: Errors:   0, Warnings:   3
#   Totals: Errors:   0, Warnings:   3
# ** Note: (vsim-220) 'C:/lscc/radiant/2026.1/questasim/win64/../modelsim.ini' is used as the ini file.
# vsim -L work -L pmi_work -L ovi_ice40up -lib qrun.out/work -wlf vsim.wlf -gui -do "view wave" -do "add wave /*" -do "run -all" -statslog qrun.out/stats_log qrun_opt -suppress vsim-7033,vsim-8630,3009,3389 -appendlog -l qrun.log 
# Start time: 22:34:05 on Sep 15,2026
# Loading sv_std.std
# Loading work.lab2_scanning_tb(fast)
# Loading work.lab2_scanning(fast)
# Loading work.lab2_counter(fast)
# view wave
# .main_pane.wave.interior.cs.body.pw.wf
# add wave /*
# run -all
# PASSED! The output transitions (rows) behaves as desired at time: 40.
# PASSED! The output transitions (rows) behaves as desired at time: 6000060.
# PASSED! The output transitions (rows) behaves as desired at time: 126000060.
# PASSED! The output transitions (rows) behaves as desired at time: 246000060.
# PASSED! The output transitions (rows) behaves as desired at time: 366000060.
# ** Error: FAILED! The counter reset behaves incorrectly at time: 366000180.
#    Time: 366000180 ns  Scope: lab2_scanning_tb File: C:/Users/eing/Documents/GitHub/e155-lab2/fpga/lab2_ei/source/impl_1/lab2_scanning_tb.sv Line: 83
# PASSED! The counter enable behaves as desired at time: 606000220.
# ** Error: FAILED! The counter enable behaves incorrectly at time: 846000260.
#    Time: 846000260 ns  Scope: lab2_scanning_tb File: C:/Users/eing/Documents/GitHub/e155-lab2/fpga/lab2_ei/source/impl_1/lab2_scanning_tb.sv Line: 111
# ** Note: $stop    : C:/Users/eing/Documents/GitHub/e155-lab2/fpga/lab2_ei/source/impl_1/lab2_scanning_tb.sv(115)
#    Time: 846000360 ns  Iteration: 0  Instance: /lab2_scanning_tb
# Break in Module lab2_scanning_tb at C:/Users/eing/Documents/GitHub/e155-lab2/fpga/lab2_ei/source/impl_1/lab2_scanning_tb.sv line 115
# End time: 22:36:49 on Sep 15,2026, Elapsed time: 0:02:44
# Errors: 2, Warnings: 0
# *** Summary *********************************************
#     qrun: Errors:   0, Warnings:   0
#     vlog: Errors:   0, Warnings:   0
#     vopt: Errors:   0, Warnings:   3
#   Totals: Errors:   0, Warnings:   3
# ** Note: (vsim-220) 'C:/lscc/radiant/2026.1/questasim/win64/../modelsim.ini' is used as the ini file.
# vsim -L work -L pmi_work -L ovi_ice40up -lib qrun.out/work -wlf vsim.wlf -gui -do "view wave" -do "add wave /*" -do "run -all" -statslog qrun.out/stats_log qrun_opt -suppress vsim-7033,vsim-8630,3009,3389 -appendlog -l qrun.log 
# Start time: 22:37:15 on Sep 15,2026
# Loading sv_std.std
# Loading work.lab2_scanning_tb(fast)
# Loading work.lab2_scanning(fast)
# Loading work.lab2_counter(fast)
# view wave
# .main_pane.wave.interior.cs.body.pw.wf
# add wave /*
# run -all
# PASSED! The output transitions (rows) behaves as desired at time: 40.
# PASSED! The output transitions (rows) behaves as desired at time: 6000060.
# PASSED! The output transitions (rows) behaves as desired at time: 126000060.
# PASSED! The output transitions (rows) behaves as desired at time: 246000060.
# PASSED! The output transitions (rows) behaves as desired at time: 366000060.
# ** Error: FAILED! The counter reset behaves incorrectly at time: 366000180.
#    Time: 366000180 ns  Scope: lab2_scanning_tb File: C:/Users/eing/Documents/GitHub/e155-lab2/fpga/lab2_ei/source/impl_1/lab2_scanning_tb.sv Line: 83
# ** Error: FAILED! The counter enable behaves incorrectly at time: 606000220.
#    Time: 606000220 ns  Scope: lab2_scanning_tb File: C:/Users/eing/Documents/GitHub/e155-lab2/fpga/lab2_ei/source/impl_1/lab2_scanning_tb.sv Line: 97
# ** Error: FAILED! The counter enable behaves incorrectly at time: 846000260.
#    Time: 846000260 ns  Scope: lab2_scanning_tb File: C:/Users/eing/Documents/GitHub/e155-lab2/fpga/lab2_ei/source/impl_1/lab2_scanning_tb.sv Line: 111
# ** Note: $stop    : C:/Users/eing/Documents/GitHub/e155-lab2/fpga/lab2_ei/source/impl_1/lab2_scanning_tb.sv(115)
#    Time: 846000360 ns  Iteration: 0  Instance: /lab2_scanning_tb
# Break in Module lab2_scanning_tb at C:/Users/eing/Documents/GitHub/e155-lab2/fpga/lab2_ei/source/impl_1/lab2_scanning_tb.sv line 115
# *** Summary *********************************************
#     qrun: Errors:   0, Warnings:   0
#     vlog: Errors:   0, Warnings:   0
#     vopt: Errors:   0, Warnings:   5
#   Totals: Errors:   0, Warnings:   5
# Error 31: Unable to unlink file "qrun.out/work/qrun_opt/_lib.qdb".
# Error 133: Unable to remove directory "qrun.out/work/qrun_opt".
# Error 133: Unable to remove directory "qrun.out/work".
# Error 133: Unable to remove directory "qrun.out".
# End time: 22:39:40 on Sep 15,2026, Elapsed time: 0:02:25
# Errors: 3, Warnings: 0
# ** Note: (vsim-220) 'C:/lscc/radiant/2026.1/questasim/win64/../modelsim.ini' is used as the ini file.
# vsim -L work -L pmi_work -L ovi_ice40up -lib qrun.out/work -wlf vsim.wlf -gui -do "view wave" -do "add wave /*" -do "run -all" -statslog qrun.out/stats_log qrun_opt -suppress vsim-7033,vsim-8630,3009,3389 -appendlog -l qrun.log 
# Start time: 22:39:39 on Sep 15,2026
# Loading sv_std.std
# Loading work.lab2_scanning_tb(fast)
# Loading work.lab2_scanning(fast)
# Loading work.lab2_counter(fast)
# view wave
# .main_pane.wave.interior.cs.body.pw.wf
# add wave /*
# run -all
# PASSED! The output transitions (rows) behaves as desired at time: 40.
# PASSED! The output transitions (rows) behaves as desired at time: 6000060.
# PASSED! The output transitions (rows) behaves as desired at time: 126000060.
# PASSED! The output transitions (rows) behaves as desired at time: 246000060.
# PASSED! The output transitions (rows) behaves as desired at time: 366000060.
# ** Error: FAILED! The counter reset behaves incorrectly at time: 366000180.
#    Time: 366000180 ns  Scope: lab2_scanning_tb File: C:/Users/eing/Documents/GitHub/e155-lab2/fpga/lab2_ei/source/impl_1/lab2_scanning_tb.sv Line: 83
# PASSED! The counter enable behaves as desired at time: 606000320.
# ** Error: FAILED! The counter enable behaves incorrectly at time: 846000360.
#    Time: 846000360 ns  Scope: lab2_scanning_tb File: C:/Users/eing/Documents/GitHub/e155-lab2/fpga/lab2_ei/source/impl_1/lab2_scanning_tb.sv Line: 112
# ** Note: $stop    : C:/Users/eing/Documents/GitHub/e155-lab2/fpga/lab2_ei/source/impl_1/lab2_scanning_tb.sv(116)
#    Time: 846000460 ns  Iteration: 0  Instance: /lab2_scanning_tb
# Break in Module lab2_scanning_tb at C:/Users/eing/Documents/GitHub/e155-lab2/fpga/lab2_ei/source/impl_1/lab2_scanning_tb.sv line 116
# End time: 22:41:45 on Sep 15,2026, Elapsed time: 0:02:06
# Errors: 2, Warnings: 0
# *** Summary *********************************************
#     qrun: Errors:   0, Warnings:   0
#     vlog: Errors:   0, Warnings:   0
#     vopt: Errors:   0, Warnings:   3
#   Totals: Errors:   0, Warnings:   3
# ** Note: (vsim-220) 'C:/lscc/radiant/2026.1/questasim/win64/../modelsim.ini' is used as the ini file.
# vsim -L work -L pmi_work -L ovi_ice40up -lib qrun.out/work -wlf vsim.wlf -gui -do "view wave" -do "add wave /*" -do "run -all" -statslog qrun.out/stats_log qrun_opt -suppress vsim-7033,vsim-8630,3009,3389 -appendlog -l qrun.log 
# Start time: 22:42:25 on Sep 15,2026
# Loading sv_std.std
# Loading work.lab2_scanning_tb(fast)
# Loading work.lab2_scanning(fast)
# Loading work.lab2_counter(fast)
# view wave
# .main_pane.wave.interior.cs.body.pw.wf
# add wave /*
# run -all
# PASSED! The output transitions (rows) behaves as desired at time: 40.
# PASSED! The output transitions (rows) behaves as desired at time: 6000060.
# PASSED! The output transitions (rows) behaves as desired at time: 126000060.
# PASSED! The output transitions (rows) behaves as desired at time: 246000060.
# PASSED! The output transitions (rows) behaves as desired at time: 366000060.
# PASSED! The counter reset behaves as desired at time: 366000180.
# PASSED! The counter enable behaves as desired at time: 606000320.
# PASSED! The counter enable behaves as desired at time: 726000360.
# ** Note: $stop    : C:/Users/eing/Documents/GitHub/e155-lab2/fpga/lab2_ei/source/impl_1/lab2_scanning_tb.sv(115)
#    Time: 726000460 ns  Iteration: 0  Instance: /lab2_scanning_tb
# Break in Module lab2_scanning_tb at C:/Users/eing/Documents/GitHub/e155-lab2/fpga/lab2_ei/source/impl_1/lab2_scanning_tb.sv line 115
# End time: 22:44:02 on Sep 15,2026, Elapsed time: 0:01:37
# Errors: 0, Warnings: 0
# *** Summary *********************************************
#     qrun: Errors:   0, Warnings:   0
#     vlog: Errors:   0, Warnings:   0
#     vopt: Errors:   0, Warnings:   3
#   Totals: Errors:   0, Warnings:   3
# ** Note: (vsim-220) 'C:/lscc/radiant/2026.1/questasim/win64/../modelsim.ini' is used as the ini file.
# vsim -L work -L pmi_work -L ovi_ice40up -lib qrun.out/work -wlf vsim.wlf -gui -do "view wave" -do "add wave /*" -do "run -all" -statslog qrun.out/stats_log qrun_opt -suppress vsim-7033,vsim-8630,3009,3389 -appendlog -l qrun.log 
# Start time: 01:42:24 on Sep 16,2026
# Loading sv_std.std
# Loading work.lab2_scanning_tb(fast)
# Loading work.lab2_scanning(fast)
# Loading work.lab2_counter(fast)
# view wave
# .main_pane.wave.interior.cs.body.pw.wf
# add wave /*
# run -all
# PASSED! The output transitions (rows) behaves as desired at time: 40.
# PASSED! The output transitions (rows) behaves as desired at time: 6000060.
# PASSED! The output transitions (rows) behaves as desired at time: 126000060.
# PASSED! The output transitions (rows) behaves as desired at time: 246000060.
# PASSED! The output transitions (rows) behaves as desired at time: 366000060.
# PASSED! The counter reset behaves as desired at time: 366000180.
# PASSED! The counter enable behaves as desired at time: 606000320.
# PASSED! The counter enable behaves as desired at time: 726000360.
# ** Note: $stop    : C:/Users/eing/Documents/GitHub/e155-lab2/fpga/lab2_ei/source/impl_1/lab2_scanning_tb.sv(115)
#    Time: 726000460 ns  Iteration: 0  Instance: /lab2_scanning_tb
# Break in Module lab2_scanning_tb at C:/Users/eing/Documents/GitHub/e155-lab2/fpga/lab2_ei/source/impl_1/lab2_scanning_tb.sv line 115
# Causality operation skipped due to absence of debug database file
# End time: 01:55:08 on Sep 16,2026, Elapsed time: 0:12:44
# Errors: 0, Warnings: 0
# *** Summary *********************************************
#     qrun: Errors:   0, Warnings:   0
#     vlog: Errors:   0, Warnings:   0
#     vopt: Errors:   0, Warnings:   3
#   Totals: Errors:   0, Warnings:   3
# ** Note: (vsim-220) 'C:/lscc/radiant/2026.1/questasim/win64/../modelsim.ini' is used as the ini file.
# vsim -L work -L pmi_work -L ovi_ice40up -lib qrun.out/work -wlf vsim.wlf -gui -do "view wave" -do "add wave /*" -do "run -all" -statslog qrun.out/stats_log qrun_opt -suppress vsim-7033,vsim-8630,3009,3389 -appendlog -l qrun.log 
# Start time: 02:12:08 on Sep 16,2026
# Loading sv_std.std
# Loading work.lab2_scanning_tb(fast)
# Loading work.lab2_scanning(fast)
# Loading work.lab2_counter(fast)
# view wave
# .main_pane.wave.interior.cs.body.pw.wf
# add wave /*
# run -all
# PASSED! The output transitions (rows) behaves as desired at time: 40.
# PASSED! The output transitions (rows) behaves as desired at time: 6000060.
# PASSED! The output transitions (rows) behaves as desired at time: 126000060.
# PASSED! The output transitions (rows) behaves as desired at time: 246000060.
# PASSED! The output transitions (rows) behaves as desired at time: 366000060.
# PASSED! The counter reset behaves as desired at time: 366000180.
# PASSED! The counter enable behaves as desired at time: 606000320.
# PASSED! The counter enable behaves as desired at time: 726000360.
# ** Note: $stop    : C:/Users/eing/Documents/GitHub/e155-lab2/fpga/lab2_ei/source/impl_1/lab2_scanning_tb.sv(115)
#    Time: 726000460 ns  Iteration: 0  Instance: /lab2_scanning_tb
# Break in Module lab2_scanning_tb at C:/Users/eing/Documents/GitHub/e155-lab2/fpga/lab2_ei/source/impl_1/lab2_scanning_tb.sv line 115
# End time: 02:14:25 on Sep 16,2026, Elapsed time: 0:02:17
# Errors: 0, Warnings: 0
# *** Summary *********************************************
#     qrun: Errors:   0, Warnings:   0
#     vlog: Errors:   0, Warnings:   0
#     vopt: Errors:   0, Warnings:   3
#   Totals: Errors:   0, Warnings:   3
# ** Note: (vsim-220) 'C:/lscc/radiant/2026.1/questasim/win64/../modelsim.ini' is used as the ini file.
# vsim -L work -L pmi_work -L ovi_ice40up -lib qrun.out/work -wlf vsim.wlf -gui -do "view wave" -do "add wave /*" -do "run -all" -statslog qrun.out/stats_log qrun_opt -suppress vsim-7033,vsim-8630,3009,3389 -appendlog -l qrun.log 
# Start time: 20:43:16 on Sep 16,2026
# Loading sv_std.std
# Loading work.lab2_scanning_tb(fast)
# Loading work.lab2_scanning(fast)
# Loading work.lab2_counter(fast)
# view wave
# .main_pane.wave.interior.cs.body.pw.wf
# add wave /*
# run -all
# PASSED! The output transitions (rows) behaves as desired at time: 40.
# PASSED! The output transitions (rows) behaves as desired at time: 6000060.
# PASSED! The output transitions (rows) behaves as desired at time: 126000060.
# PASSED! The output transitions (rows) behaves as desired at time: 246000060.
# PASSED! The output transitions (rows) behaves as desired at time: 366000060.
# PASSED! The counter reset behaves as desired at time: 366000180.
# PASSED! The counter enable behaves as desired at time: 606000320.
# PASSED! The counter enable behaves as desired at time: 726000360.
# ** Note: $stop    : C:/Users/eing/Documents/GitHub/e155-lab2/fpga/lab2_ei/source/impl_1/lab2_scanning_tb.sv(115)
#    Time: 726000460 ns  Iteration: 0  Instance: /lab2_scanning_tb
# Break in Module lab2_scanning_tb at C:/Users/eing/Documents/GitHub/e155-lab2/fpga/lab2_ei/source/impl_1/lab2_scanning_tb.sv line 115
# End time: 20:49:40 on Sep 16,2026, Elapsed time: 0:06:24
# Errors: 0, Warnings: 0
# *** Summary *********************************************
#     qrun: Errors:   0, Warnings:   0
#     vlog: Errors:   0, Warnings:   0
#     vopt: Errors:   0, Warnings:   3
#   Totals: Errors:   0, Warnings:   3
# ** Note: (vsim-220) 'C:/lscc/radiant/2026.1/questasim/win64/../modelsim.ini' is used as the ini file.
# vsim -L work -L pmi_work -L ovi_ice40up -lib qrun.out/work -wlf vsim.wlf -gui -do "view wave" -do "add wave /*" -do "run -all" -statslog qrun.out/stats_log qrun_opt -suppress vsim-7033,vsim-8630,3009,3389 -appendlog -l qrun.log 
# Start time: 20:50:14 on Sep 16,2026
# Loading sv_std.std
# Loading work.lab2_scanning_tb(fast)
# Loading work.lab2_scanning(fast)
# Loading work.lab2_counter(fast)
# view wave
# .main_pane.wave.interior.cs.body.pw.wf
# add wave /*
# run -all
# PASSED! The output transitions (rows) behaves as desired at time: 40.
# PASSED! The output transitions (rows) behaves as desired at time: 6000060.
# PASSED! The output transitions (rows) behaves as desired at time: 126000060.
# PASSED! The output transitions (rows) behaves as desired at time: 246000060.
# PASSED! The output transitions (rows) behaves as desired at time: 366000060.
# PASSED! The counter reset behaves as desired at time: 366200160.
# PASSED! The counter enable behaves as desired at time: 606200300.
# ** Error: FAILED! The counter enable behaves incorrectly at time: 846200320.
#    Time: 846200320 ns  Scope: lab2_scanning_tb File: C:/Users/eing/Documents/GitHub/e155-lab2/fpga/lab2_ei/source/impl_1/lab2_scanning_tb.sv Line: 111
# ** Note: $stop    : C:/Users/eing/Documents/GitHub/e155-lab2/fpga/lab2_ei/source/impl_1/lab2_scanning_tb.sv(115)
#    Time: 846200420 ns  Iteration: 0  Instance: /lab2_scanning_tb
# Break in Module lab2_scanning_tb at C:/Users/eing/Documents/GitHub/e155-lab2/fpga/lab2_ei/source/impl_1/lab2_scanning_tb.sv line 115
# End time: 20:54:17 on Sep 16,2026, Elapsed time: 0:04:03
# Errors: 1, Warnings: 0
# *** Summary *********************************************
#     qrun: Errors:   0, Warnings:   0
#     vlog: Errors:   0, Warnings:   0
#     vopt: Errors:   0, Warnings:   3
#   Totals: Errors:   0, Warnings:   3
# ** Note: (vsim-220) 'C:/lscc/radiant/2026.1/questasim/win64/../modelsim.ini' is used as the ini file.
# vsim -L work -L pmi_work -L ovi_ice40up -lib qrun.out/work -wlf vsim.wlf -gui -do "view wave" -do "add wave /*" -do "run 100 ns" -statslog qrun.out/stats_log qrun_opt -suppress vsim-7033,vsim-8630,3009,3389 -appendlog -l qrun.log 
# Start time: 20:54:51 on Sep 16,2026
# Loading sv_std.std
# Loading work.lab2_scanning_tb(fast)
# Loading work.lab2_scanning(fast)
# Loading work.lab2_counter(fast)
# view wave
# .main_pane.wave.interior.cs.body.pw.wf
# add wave /*
# run 100 ns
# PASSED! The output transitions (rows) behaves as desired at time: 40.
restart -f
# Loading work.lab2_scanning_tb(fast)
# Loading work.lab2_scanning(fast)
# Loading work.lab2_counter(fast)
run -all
# PASSED! The output transitions (rows) behaves as desired at time: 40.
# PASSED! The output transitions (rows) behaves as desired at time: 6000060.
# PASSED! The output transitions (rows) behaves as desired at time: 126000060.
# PASSED! The output transitions (rows) behaves as desired at time: 246000060.
# PASSED! The output transitions (rows) behaves as desired at time: 366000060.
# PASSED! The counter reset behaves as desired at time: 666000140.
# PASSED! The counter enable behaves as desired at time: 906000280.
# ** Error: FAILED! The counter enable behaves incorrectly at time: 1146000300.
#    Time: 1146000300 ns  Scope: lab2_scanning_tb File: C:/Users/eing/Documents/GitHub/e155-lab2/fpga/lab2_ei/source/impl_1/lab2_scanning_tb.sv Line: 111
# ** Note: $stop    : C:/Users/eing/Documents/GitHub/e155-lab2/fpga/lab2_ei/source/impl_1/lab2_scanning_tb.sv(116)
#    Time: 1266000400 ns  Iteration: 0  Instance: /lab2_scanning_tb
# Break in Module lab2_scanning_tb at C:/Users/eing/Documents/GitHub/e155-lab2/fpga/lab2_ei/source/impl_1/lab2_scanning_tb.sv line 116
# End time: 21:13:53 on Sep 16,2026, Elapsed time: 0:19:02
# Errors: 1, Warnings: 0
