Lattice Timing Report -  Setup  and Hold, Version Radiant Software (64-bit) 2026.1.0.37.0

Wed Sep  9 00:51:53 2026

Copyright (c) 1991-1994 by NeoCAD Inc. All rights reserved.
Copyright (c) 1995 AT&T Corp.   All rights reserved.
Copyright (c) 1995-2001 Lucent Technologies Inc.  All rights reserved.
Copyright (c) 2001 Agere Systems   All rights reserved.
Copyright (c) 2002-2026 Lattice Semiconductor Corporation,  All rights reserved.

Command line:    timing -sethld -v 10 -u 10 -endpoints 10 -nperend 1 -sp High-Performance_1.2V -hsp m -pwrprd -html -rpt lab1_ai_prototype_ei_impl_1.twr lab1_ai_prototype_ei_impl_1.udb -gui -msgset C:/Users/eing/Documents/GitHub/e155-lab1/fpga/lab1_ai_prototype_ei/promote.xml

-----------------------------------------
Design:          top
Family:          iCE40UP
Device:          iCE40UP5K
Package:         SG48
Performance:     High-Performance_1.2V
Package Status:                     Preliminary    Version 1.5
**Performance Hardware Data Status :   Advanced Version 1.0
-----------------------------------------


=====================================================================
                    Table of Contents
=====================================================================
    1  Timing Overview
        1.1  SDC Constraints
        1.2  Constraint Coverage
        1.3  Overall Summary
        1.4  Unconstrained Report
        1.5  Combinational Loop
    2  Setup at Speed Grade High-Performance_1.2V Corner at 100 Degrees
        2.1  Clock Summary
        2.2  Endpoint slacks
        2.3  Detailed Report
    3  Hold at Speed Grade m Corner at -40 Degrees
        3.1  Endpoint slacks
        3.2  Detailed Report

=====================================================================
                    End of Table of Contents
=====================================================================

==============================================
1  Timing Overview
==============================================

1.1  SDC Constraints
=====================
create_clock -name {clk} -period 166.667 [get_pins {hfosc_inst/CLKHF }] 

1.2  Constraint Coverage
---------------------------
Constraint Coverage: 98.3871%


1.3  Overall Summary
---------------------------
 Setup at Speed Grade High-Performance_1.2V Corner at 100 Degrees     Timing Errors: 0 endpoints;  Total Negative Slack: 0.000 ns 
 Hold at Speed Grade m Corner at -40 Degrees                          Timing Errors: 0 endpoints;  Total Negative Slack: 0.000 ns 

1.4  Unconstrained Report
===========================

1.4.1  Unconstrained Start/End Points
--------------------------------------

Clocked but unconstrained timing start points
--------------------------------------------------
There is no start point satisfying reporting criteria


Clocked but unconstrained timing end points
--------------------------------------------------
There is no end point satisfying reporting criteria


1.4.2  Start/End Points Without Timing Constraints
---------------------------------------------------

I/O ports without constraint
----------------------------
Possible constraints to use on I/O ports are:
set_input_delay,
set_output_delay,
set_max_delay,
create_clock,
create_generated_clock,
...

-------------------------------------------------------------------
     Listing 1 Start or End Points      |           Type           
-------------------------------------------------------------------
led                                     |                    output
-------------------------------------------------------------------
                                        |                          
Number of I/O ports without constraint  |                         1
                                        |                          
-------------------------------------------------------------------

Nets without clock definition
Define a clock on a top level port or a generated clock on a clock divider pin associated with this net(s).
--------------------------------------------------
There is no instance satisfying reporting criteria



1.5  Combinational Loop
========================
None

===============================================================
2  Setup at Speed Grade High-Performance_1.2V Corner at 100 Degrees
===============================================================

2.1  Clock Summary
=======================

2.1.1 Clock "clk"
=======================
create_clock -name {clk} -period 166.667 [get_pins {hfosc_inst/CLKHF }] 

Single Clock Domain
-------------------------------------------------------------------------------------------------------
               Clock clk                |                    |       Period       |     Frequency      
-------------------------------------------------------------------------------------------------------
 From clk                               |             Target |         166.667 ns |          6.000 MHz 
                                        | Actual (all paths) |          20.792 ns |         48.095 MHz 
hfosc_inst/CLKHF (MPW)                  |   (50% duty cycle) |          20.792 ns |         48.095 MHz 
-------------------------------------------------------------------------------------------------------

Clock Domain Crossing

2.2  Endpoint slacks
=======================
-------------------------------------------------------
          Listing 10 End Points          |    Slack    
-------------------------------------------------------
counter_16__i0/SR                        |  153.595 ns 
{counter_16__i1/SR   counter_16__i2/SR}  |  153.595 ns 
{counter_16__i3/SR   counter_16__i4/SR}  |  153.595 ns 
{counter_16__i5/SR   counter_16__i6/SR}  |  153.595 ns 
{counter_16__i15/SR   counter_16__i16/SR}|  153.938 ns 
{counter_16__i17/SR   counter_16__i18/SR}|  153.938 ns 
{counter_16__i19/SR   counter_16__i20/SR}|  153.938 ns 
{counter_16__i9/SR   counter_16__i10/SR} |  154.018 ns 
{counter_16__i11/SR   counter_16__i12/SR}|  154.018 ns 
{counter_16__i13/SR   counter_16__i14/SR}|  154.018 ns 
-------------------------------------------------------
                                         |             
Setup # of endpoints with negative slack:|           0 
                                         |             
-------------------------------------------------------

2.3  Detailed Report
=======================


XXXXXXXXXXXXXXXXXXXXXXXXXXXXXXXXXXXXXXXXXXXXXXXXXXXXXXXXXX

Detail report of critical paths

XXXXXXXXXXXXXXXXXXXXXXXXXXXXXXXXXXXXXXXXXXXXXXXXXXXXXXXXXX

+++++++++++++++++++++++++++++++++++++++++++++++++++++++++++++++++++++ 
                    Detailed Report for timing paths 
+++++++++++++++++++++++++++++++++++++++++++++++++++++++++++++++++++++ 

++++ Path 1 ++++++++++++++++++++++++++++++++++++++++++++++++++++++++++ 

Path Begin       : counter_16__i18/Q  (SLICE_R11C5B)
Path End         : counter_16__i0/SR  (SLICE_R11C3A)
Source Clock     : clk (R)
Destination Clock: clk (R)
Logic Level      : 4
Delay Ratio      : 78.0% (route), 22.0% (logic)
Clock Skew       : 0.000 ns 
Setup Constraint : 166.666 ns 
Path Slack       : 153.594 ns  (Passed)


Source Clock Path
Name                                      Cell/Site Name     Delay Name       Incr      Arrival/Required Time  Fanout  
----------------------------------------  -----------------  ---------------  --------  ---------------------  ------  
hfosc_inst/CLKHF                          HFOSC_HFOSC_R1C32  CLOCK LATENCY       0.000                  0.000  13      
clk                                                          NET DELAY           5.499                  5.499  13      
{counter_16__i17/CK   counter_16__i18/CK}
                                                             CLOCK PIN           0.000                  5.499  1       


Data Path
Name                                      Cell/Site Name     Delay Name       Incr      Arrival/Required Time  Fanout  
----------------------------------------  -----------------  ---------------  --------  ---------------------  ------  
counter_16__i18/CK->counter_16__i18/Q     SLICE_R11C5B       CLK_TO_Q1_DELAY     1.388                  6.887  2       
counter[18]                                                  NET DELAY           2.736                  9.623  2       
i162_4_lut/C->i162_4_lut/Z                SLICE_R10C4B       A1_TO_F1_DELAY      0.449                 10.072  1       
n301                                                         NET DELAY           3.146                 13.218  1       
i4_4_lut/C->i4_4_lut/Z                    SLICE_R10C5B       A0_TO_F0_DELAY      0.476                 13.694  1       
n12                                                          NET DELAY           0.304                 13.998  1       
i223_4_lut/C->i223_4_lut/Z                SLICE_R10C5B       C1_TO_F1_DELAY      0.449                 14.447  12      
n121                                                         NET DELAY           3.595                 18.042  12      
counter_16__i0/SR                                            ENDPOINT            0.000                 18.042  1       


Destination Clock Path
Name                                      Cell/Site Name     Delay Name       Incr      Arrival/Required Time  Fanout  
----------------------------------------  -----------------  ---------------  --------  ---------------------  ------  
                                                             CONSTRAINT          0.000                166.666  1       
hfosc_inst/CLKHF                          HFOSC_HFOSC_R1C32  CLOCK LATENCY       0.000                166.666  13      
clk                                                          NET DELAY           5.499                172.165  13      
counter_16__i0/CK                                            CLOCK PIN           0.000                172.165  1       
                                                             Uncertainty      -(0.000)                172.165  
                                                             Setup time       -(0.529)                171.636  
----------------------------------------  -----------------  ---------------  --------  ---------------------  ------  
Required Time                                                                                         171.636  
Arrival Time                                                                                        -(18.041)  
----------------------------------------  -----------------  ---------------  --------  ---------------------  ------  
Path Slack  (Passed)                                                                                  153.594  




++++ Path 2 ++++++++++++++++++++++++++++++++++++++++++++++++++++++++++ 

Path Begin       : counter_16__i18/Q  (SLICE_R11C5B)
Path End         : {counter_16__i1/SR   counter_16__i2/SR}  (SLICE_R11C3B)
Source Clock     : clk (R)
Destination Clock: clk (R)
Logic Level      : 4
Delay Ratio      : 78.0% (route), 22.0% (logic)
Clock Skew       : 0.000 ns 
Setup Constraint : 166.666 ns 
Path Slack       : 153.594 ns  (Passed)


Source Clock Path
Name                                      Cell/Site Name     Delay Name       Incr      Arrival/Required Time  Fanout  
----------------------------------------  -----------------  ---------------  --------  ---------------------  ------  
hfosc_inst/CLKHF                          HFOSC_HFOSC_R1C32  CLOCK LATENCY       0.000                  0.000  13      
clk                                                          NET DELAY           5.499                  5.499  13      
{counter_16__i17/CK   counter_16__i18/CK}
                                                             CLOCK PIN           0.000                  5.499  1       


Data Path
Name                                      Cell/Site Name     Delay Name       Incr      Arrival/Required Time  Fanout  
----------------------------------------  -----------------  ---------------  --------  ---------------------  ------  
counter_16__i18/CK->counter_16__i18/Q     SLICE_R11C5B       CLK_TO_Q1_DELAY     1.388                  6.887  2       
counter[18]                                                  NET DELAY           2.736                  9.623  2       
i162_4_lut/C->i162_4_lut/Z                SLICE_R10C4B       A1_TO_F1_DELAY      0.449                 10.072  1       
n301                                                         NET DELAY           3.146                 13.218  1       
i4_4_lut/C->i4_4_lut/Z                    SLICE_R10C5B       A0_TO_F0_DELAY      0.476                 13.694  1       
n12                                                          NET DELAY           0.304                 13.998  1       
i223_4_lut/C->i223_4_lut/Z                SLICE_R10C5B       C1_TO_F1_DELAY      0.449                 14.447  12      
n121                                                         NET DELAY           3.595                 18.042  12      
{counter_16__i1/SR   counter_16__i2/SR}                      ENDPOINT            0.000                 18.042  1       


Destination Clock Path
Name                                      Cell/Site Name     Delay Name       Incr      Arrival/Required Time  Fanout  
----------------------------------------  -----------------  ---------------  --------  ---------------------  ------  
                                                             CONSTRAINT          0.000                166.666  1       
hfosc_inst/CLKHF                          HFOSC_HFOSC_R1C32  CLOCK LATENCY       0.000                166.666  13      
clk                                                          NET DELAY           5.499                172.165  13      
{counter_16__i1/CK   counter_16__i2/CK}                      CLOCK PIN           0.000                172.165  1       
                                                             Uncertainty      -(0.000)                172.165  
                                                             Setup time       -(0.529)                171.636  
----------------------------------------  -----------------  ---------------  --------  ---------------------  ------  
Required Time                                                                                         171.636  
Arrival Time                                                                                        -(18.041)  
----------------------------------------  -----------------  ---------------  --------  ---------------------  ------  
Path Slack  (Passed)                                                                                  153.594  




++++ Path 3 ++++++++++++++++++++++++++++++++++++++++++++++++++++++++++ 

Path Begin       : counter_16__i18/Q  (SLICE_R11C5B)
Path End         : {counter_16__i3/SR   counter_16__i4/SR}  (SLICE_R11C3C)
Source Clock     : clk (R)
Destination Clock: clk (R)
Logic Level      : 4
Delay Ratio      : 78.0% (route), 22.0% (logic)
Clock Skew       : 0.000 ns 
Setup Constraint : 166.666 ns 
Path Slack       : 153.594 ns  (Passed)


Source Clock Path
Name                                      Cell/Site Name     Delay Name       Incr      Arrival/Required Time  Fanout  
----------------------------------------  -----------------  ---------------  --------  ---------------------  ------  
hfosc_inst/CLKHF                          HFOSC_HFOSC_R1C32  CLOCK LATENCY       0.000                  0.000  13      
clk                                                          NET DELAY           5.499                  5.499  13      
{counter_16__i17/CK   counter_16__i18/CK}
                                                             CLOCK PIN           0.000                  5.499  1       


Data Path
Name                                      Cell/Site Name     Delay Name       Incr      Arrival/Required Time  Fanout  
----------------------------------------  -----------------  ---------------  --------  ---------------------  ------  
counter_16__i18/CK->counter_16__i18/Q     SLICE_R11C5B       CLK_TO_Q1_DELAY     1.388                  6.887  2       
counter[18]                                                  NET DELAY           2.736                  9.623  2       
i162_4_lut/C->i162_4_lut/Z                SLICE_R10C4B       A1_TO_F1_DELAY      0.449                 10.072  1       
n301                                                         NET DELAY           3.146                 13.218  1       
i4_4_lut/C->i4_4_lut/Z                    SLICE_R10C5B       A0_TO_F0_DELAY      0.476                 13.694  1       
n12                                                          NET DELAY           0.304                 13.998  1       
i223_4_lut/C->i223_4_lut/Z                SLICE_R10C5B       C1_TO_F1_DELAY      0.449                 14.447  12      
n121                                                         NET DELAY           3.595                 18.042  12      
{counter_16__i3/SR   counter_16__i4/SR}                      ENDPOINT            0.000                 18.042  1       


Destination Clock Path
Name                                      Cell/Site Name     Delay Name       Incr      Arrival/Required Time  Fanout  
----------------------------------------  -----------------  ---------------  --------  ---------------------  ------  
                                                             CONSTRAINT          0.000                166.666  1       
hfosc_inst/CLKHF                          HFOSC_HFOSC_R1C32  CLOCK LATENCY       0.000                166.666  13      
clk                                                          NET DELAY           5.499                172.165  13      
{counter_16__i3/CK   counter_16__i4/CK}                      CLOCK PIN           0.000                172.165  1       
                                                             Uncertainty      -(0.000)                172.165  
                                                             Setup time       -(0.529)                171.636  
----------------------------------------  -----------------  ---------------  --------  ---------------------  ------  
Required Time                                                                                         171.636  
Arrival Time                                                                                        -(18.041)  
----------------------------------------  -----------------  ---------------  --------  ---------------------  ------  
Path Slack  (Passed)                                                                                  153.594  




++++ Path 4 ++++++++++++++++++++++++++++++++++++++++++++++++++++++++++ 

Path Begin       : counter_16__i18/Q  (SLICE_R11C5B)
Path End         : {counter_16__i5/SR   counter_16__i6/SR}  (SLICE_R11C3D)
Source Clock     : clk (R)
Destination Clock: clk (R)
Logic Level      : 4
Delay Ratio      : 78.0% (route), 22.0% (logic)
Clock Skew       : 0.000 ns 
Setup Constraint : 166.666 ns 
Path Slack       : 153.594 ns  (Passed)


Source Clock Path
Name                                      Cell/Site Name     Delay Name       Incr      Arrival/Required Time  Fanout  
----------------------------------------  -----------------  ---------------  --------  ---------------------  ------  
hfosc_inst/CLKHF                          HFOSC_HFOSC_R1C32  CLOCK LATENCY       0.000                  0.000  13      
clk                                                          NET DELAY           5.499                  5.499  13      
{counter_16__i17/CK   counter_16__i18/CK}
                                                             CLOCK PIN           0.000                  5.499  1       


Data Path
Name                                      Cell/Site Name     Delay Name       Incr      Arrival/Required Time  Fanout  
----------------------------------------  -----------------  ---------------  --------  ---------------------  ------  
counter_16__i18/CK->counter_16__i18/Q     SLICE_R11C5B       CLK_TO_Q1_DELAY     1.388                  6.887  2       
counter[18]                                                  NET DELAY           2.736                  9.623  2       
i162_4_lut/C->i162_4_lut/Z                SLICE_R10C4B       A1_TO_F1_DELAY      0.449                 10.072  1       
n301                                                         NET DELAY           3.146                 13.218  1       
i4_4_lut/C->i4_4_lut/Z                    SLICE_R10C5B       A0_TO_F0_DELAY      0.476                 13.694  1       
n12                                                          NET DELAY           0.304                 13.998  1       
i223_4_lut/C->i223_4_lut/Z                SLICE_R10C5B       C1_TO_F1_DELAY      0.449                 14.447  12      
n121                                                         NET DELAY           3.595                 18.042  12      
{counter_16__i5/SR   counter_16__i6/SR}                      ENDPOINT            0.000                 18.042  1       


Destination Clock Path
Name                                      Cell/Site Name     Delay Name       Incr      Arrival/Required Time  Fanout  
----------------------------------------  -----------------  ---------------  --------  ---------------------  ------  
                                                             CONSTRAINT          0.000                166.666  1       
hfosc_inst/CLKHF                          HFOSC_HFOSC_R1C32  CLOCK LATENCY       0.000                166.666  13      
clk                                                          NET DELAY           5.499                172.165  13      
{counter_16__i5/CK   counter_16__i6/CK}                      CLOCK PIN           0.000                172.165  1       
                                                             Uncertainty      -(0.000)                172.165  
                                                             Setup time       -(0.529)                171.636  
----------------------------------------  -----------------  ---------------  --------  ---------------------  ------  
Required Time                                                                                         171.636  
Arrival Time                                                                                        -(18.041)  
----------------------------------------  -----------------  ---------------  --------  ---------------------  ------  
Path Slack  (Passed)                                                                                  153.594  




++++ Path 5 ++++++++++++++++++++++++++++++++++++++++++++++++++++++++++ 

Path Begin       : counter_16__i18/Q  (SLICE_R11C5B)
Path End         : {counter_16__i15/SR   counter_16__i16/SR}  (SLICE_R11C5A)
Source Clock     : clk (R)
Destination Clock: clk (R)
Logic Level      : 4
Delay Ratio      : 77.4% (route), 22.6% (logic)
Clock Skew       : 0.000 ns 
Setup Constraint : 166.666 ns 
Path Slack       : 153.937 ns  (Passed)


Source Clock Path
Name                                      Cell/Site Name     Delay Name       Incr      Arrival/Required Time  Fanout  
----------------------------------------  -----------------  ---------------  --------  ---------------------  ------  
hfosc_inst/CLKHF                          HFOSC_HFOSC_R1C32  CLOCK LATENCY       0.000                  0.000  13      
clk                                                          NET DELAY           5.499                  5.499  13      
{counter_16__i17/CK   counter_16__i18/CK}
                                                             CLOCK PIN           0.000                  5.499  1       


Data Path
Name                                      Cell/Site Name     Delay Name       Incr      Arrival/Required Time  Fanout  
----------------------------------------  -----------------  ---------------  --------  ---------------------  ------  
counter_16__i18/CK->counter_16__i18/Q     SLICE_R11C5B       CLK_TO_Q1_DELAY     1.388                  6.887  2       
counter[18]                                                  NET DELAY           2.736                  9.623  2       
i162_4_lut/C->i162_4_lut/Z                SLICE_R10C4B       A1_TO_F1_DELAY      0.449                 10.072  1       
n301                                                         NET DELAY           3.146                 13.218  1       
i4_4_lut/C->i4_4_lut/Z                    SLICE_R10C5B       A0_TO_F0_DELAY      0.476                 13.694  1       
n12                                                          NET DELAY           0.304                 13.998  1       
i223_4_lut/C->i223_4_lut/Z                SLICE_R10C5B       C1_TO_F1_DELAY      0.449                 14.447  12      
n121                                                         NET DELAY           3.252                 17.699  12      
{counter_16__i15/SR   counter_16__i16/SR}
                                                             ENDPOINT            0.000                 17.699  1       


Destination Clock Path
Name                                      Cell/Site Name     Delay Name       Incr      Arrival/Required Time  Fanout  
----------------------------------------  -----------------  ---------------  --------  ---------------------  ------  
                                                             CONSTRAINT          0.000                166.666  1       
hfosc_inst/CLKHF                          HFOSC_HFOSC_R1C32  CLOCK LATENCY       0.000                166.666  13      
clk                                                          NET DELAY           5.499                172.165  13      
{counter_16__i15/CK   counter_16__i16/CK}
                                                             CLOCK PIN           0.000                172.165  1       
                                                             Uncertainty      -(0.000)                172.165  
                                                             Setup time       -(0.529)                171.636  
----------------------------------------  -----------------  ---------------  --------  ---------------------  ------  
Required Time                                                                                         171.636  
Arrival Time                                                                                        -(17.698)  
----------------------------------------  -----------------  ---------------  --------  ---------------------  ------  
Path Slack  (Passed)                                                                                  153.937  




++++ Path 6 ++++++++++++++++++++++++++++++++++++++++++++++++++++++++++ 

Path Begin       : counter_16__i18/Q  (SLICE_R11C5B)
Path End         : {counter_16__i17/SR   counter_16__i18/SR}  (SLICE_R11C5B)
Source Clock     : clk (R)
Destination Clock: clk (R)
Logic Level      : 4
Delay Ratio      : 77.4% (route), 22.6% (logic)
Clock Skew       : 0.000 ns 
Setup Constraint : 166.666 ns 
Path Slack       : 153.937 ns  (Passed)


Source Clock Path
Name                                      Cell/Site Name     Delay Name       Incr      Arrival/Required Time  Fanout  
----------------------------------------  -----------------  ---------------  --------  ---------------------  ------  
hfosc_inst/CLKHF                          HFOSC_HFOSC_R1C32  CLOCK LATENCY       0.000                  0.000  13      
clk                                                          NET DELAY           5.499                  5.499  13      
{counter_16__i17/CK   counter_16__i18/CK}
                                                             CLOCK PIN           0.000                  5.499  1       


Data Path
Name                                      Cell/Site Name     Delay Name       Incr      Arrival/Required Time  Fanout  
----------------------------------------  -----------------  ---------------  --------  ---------------------  ------  
counter_16__i18/CK->counter_16__i18/Q     SLICE_R11C5B       CLK_TO_Q1_DELAY     1.388                  6.887  2       
counter[18]                                                  NET DELAY           2.736                  9.623  2       
i162_4_lut/C->i162_4_lut/Z                SLICE_R10C4B       A1_TO_F1_DELAY      0.449                 10.072  1       
n301                                                         NET DELAY           3.146                 13.218  1       
i4_4_lut/C->i4_4_lut/Z                    SLICE_R10C5B       A0_TO_F0_DELAY      0.476                 13.694  1       
n12                                                          NET DELAY           0.304                 13.998  1       
i223_4_lut/C->i223_4_lut/Z                SLICE_R10C5B       C1_TO_F1_DELAY      0.449                 14.447  12      
n121                                                         NET DELAY           3.252                 17.699  12      
{counter_16__i17/SR   counter_16__i18/SR}
                                                             ENDPOINT            0.000                 17.699  1       


Destination Clock Path
Name                                      Cell/Site Name     Delay Name       Incr      Arrival/Required Time  Fanout  
----------------------------------------  -----------------  ---------------  --------  ---------------------  ------  
                                                             CONSTRAINT          0.000                166.666  1       
hfosc_inst/CLKHF                          HFOSC_HFOSC_R1C32  CLOCK LATENCY       0.000                166.666  13      
clk                                                          NET DELAY           5.499                172.165  13      
{counter_16__i17/CK   counter_16__i18/CK}
                                                             CLOCK PIN           0.000                172.165  1       
                                                             Uncertainty      -(0.000)                172.165  
                                                             Setup time       -(0.529)                171.636  
----------------------------------------  -----------------  ---------------  --------  ---------------------  ------  
Required Time                                                                                         171.636  
Arrival Time                                                                                        -(17.698)  
----------------------------------------  -----------------  ---------------  --------  ---------------------  ------  
Path Slack  (Passed)                                                                                  153.937  




++++ Path 7 ++++++++++++++++++++++++++++++++++++++++++++++++++++++++++ 

Path Begin       : counter_16__i18/Q  (SLICE_R11C5B)
Path End         : {counter_16__i19/SR   counter_16__i20/SR}  (SLICE_R11C5C)
Source Clock     : clk (R)
Destination Clock: clk (R)
Logic Level      : 4
Delay Ratio      : 77.4% (route), 22.6% (logic)
Clock Skew       : 0.000 ns 
Setup Constraint : 166.666 ns 
Path Slack       : 153.937 ns  (Passed)


Source Clock Path
Name                                      Cell/Site Name     Delay Name       Incr      Arrival/Required Time  Fanout  
----------------------------------------  -----------------  ---------------  --------  ---------------------  ------  
hfosc_inst/CLKHF                          HFOSC_HFOSC_R1C32  CLOCK LATENCY       0.000                  0.000  13      
clk                                                          NET DELAY           5.499                  5.499  13      
{counter_16__i17/CK   counter_16__i18/CK}
                                                             CLOCK PIN           0.000                  5.499  1       


Data Path
Name                                      Cell/Site Name     Delay Name       Incr      Arrival/Required Time  Fanout  
----------------------------------------  -----------------  ---------------  --------  ---------------------  ------  
counter_16__i18/CK->counter_16__i18/Q     SLICE_R11C5B       CLK_TO_Q1_DELAY     1.388                  6.887  2       
counter[18]                                                  NET DELAY           2.736                  9.623  2       
i162_4_lut/C->i162_4_lut/Z                SLICE_R10C4B       A1_TO_F1_DELAY      0.449                 10.072  1       
n301                                                         NET DELAY           3.146                 13.218  1       
i4_4_lut/C->i4_4_lut/Z                    SLICE_R10C5B       A0_TO_F0_DELAY      0.476                 13.694  1       
n12                                                          NET DELAY           0.304                 13.998  1       
i223_4_lut/C->i223_4_lut/Z                SLICE_R10C5B       C1_TO_F1_DELAY      0.449                 14.447  12      
n121                                                         NET DELAY           3.252                 17.699  12      
{counter_16__i19/SR   counter_16__i20/SR}
                                                             ENDPOINT            0.000                 17.699  1       


Destination Clock Path
Name                                      Cell/Site Name     Delay Name       Incr      Arrival/Required Time  Fanout  
----------------------------------------  -----------------  ---------------  --------  ---------------------  ------  
                                                             CONSTRAINT          0.000                166.666  1       
hfosc_inst/CLKHF                          HFOSC_HFOSC_R1C32  CLOCK LATENCY       0.000                166.666  13      
clk                                                          NET DELAY           5.499                172.165  13      
{counter_16__i19/CK   counter_16__i20/CK}
                                                             CLOCK PIN           0.000                172.165  1       
                                                             Uncertainty      -(0.000)                172.165  
                                                             Setup time       -(0.529)                171.636  
----------------------------------------  -----------------  ---------------  --------  ---------------------  ------  
Required Time                                                                                         171.636  
Arrival Time                                                                                        -(17.698)  
----------------------------------------  -----------------  ---------------  --------  ---------------------  ------  
Path Slack  (Passed)                                                                                  153.937  




++++ Path 8 ++++++++++++++++++++++++++++++++++++++++++++++++++++++++++ 

Path Begin       : counter_16__i18/Q  (SLICE_R11C5B)
Path End         : {counter_16__i9/SR   counter_16__i10/SR}  (SLICE_R11C4B)
Source Clock     : clk (R)
Destination Clock: clk (R)
Logic Level      : 4
Delay Ratio      : 77.2% (route), 22.8% (logic)
Clock Skew       : 0.000 ns 
Setup Constraint : 166.666 ns 
Path Slack       : 154.017 ns  (Passed)


Source Clock Path
Name                                      Cell/Site Name     Delay Name       Incr      Arrival/Required Time  Fanout  
----------------------------------------  -----------------  ---------------  --------  ---------------------  ------  
hfosc_inst/CLKHF                          HFOSC_HFOSC_R1C32  CLOCK LATENCY       0.000                  0.000  13      
clk                                                          NET DELAY           5.499                  5.499  13      
{counter_16__i17/CK   counter_16__i18/CK}
                                                             CLOCK PIN           0.000                  5.499  1       


Data Path
Name                                      Cell/Site Name     Delay Name       Incr      Arrival/Required Time  Fanout  
----------------------------------------  -----------------  ---------------  --------  ---------------------  ------  
counter_16__i18/CK->counter_16__i18/Q     SLICE_R11C5B       CLK_TO_Q1_DELAY     1.388                  6.887  2       
counter[18]                                                  NET DELAY           2.736                  9.623  2       
i162_4_lut/C->i162_4_lut/Z                SLICE_R10C4B       A1_TO_F1_DELAY      0.449                 10.072  1       
n301                                                         NET DELAY           3.146                 13.218  1       
i4_4_lut/C->i4_4_lut/Z                    SLICE_R10C5B       A0_TO_F0_DELAY      0.476                 13.694  1       
n12                                                          NET DELAY           0.304                 13.998  1       
i223_4_lut/C->i223_4_lut/Z                SLICE_R10C5B       C1_TO_F1_DELAY      0.449                 14.447  12      
n121                                                         NET DELAY           3.172                 17.619  12      
{counter_16__i9/SR   counter_16__i10/SR}                     ENDPOINT            0.000                 17.619  1       


Destination Clock Path
Name                                      Cell/Site Name     Delay Name       Incr      Arrival/Required Time  Fanout  
----------------------------------------  -----------------  ---------------  --------  ---------------------  ------  
                                                             CONSTRAINT          0.000                166.666  1       
hfosc_inst/CLKHF                          HFOSC_HFOSC_R1C32  CLOCK LATENCY       0.000                166.666  13      
clk                                                          NET DELAY           5.499                172.165  13      
{counter_16__i9/CK   counter_16__i10/CK}                     CLOCK PIN           0.000                172.165  1       
                                                             Uncertainty      -(0.000)                172.165  
                                                             Setup time       -(0.529)                171.636  
----------------------------------------  -----------------  ---------------  --------  ---------------------  ------  
Required Time                                                                                         171.636  
Arrival Time                                                                                        -(17.618)  
----------------------------------------  -----------------  ---------------  --------  ---------------------  ------  
Path Slack  (Passed)                                                                                  154.017  




++++ Path 9 ++++++++++++++++++++++++++++++++++++++++++++++++++++++++++ 

Path Begin       : counter_16__i18/Q  (SLICE_R11C5B)
Path End         : {counter_16__i11/SR   counter_16__i12/SR}  (SLICE_R11C4C)
Source Clock     : clk (R)
Destination Clock: clk (R)
Logic Level      : 4
Delay Ratio      : 77.2% (route), 22.8% (logic)
Clock Skew       : 0.000 ns 
Setup Constraint : 166.666 ns 
Path Slack       : 154.017 ns  (Passed)


Source Clock Path
Name                                      Cell/Site Name     Delay Name       Incr      Arrival/Required Time  Fanout  
----------------------------------------  -----------------  ---------------  --------  ---------------------  ------  
hfosc_inst/CLKHF                          HFOSC_HFOSC_R1C32  CLOCK LATENCY       0.000                  0.000  13      
clk                                                          NET DELAY           5.499                  5.499  13      
{counter_16__i17/CK   counter_16__i18/CK}
                                                             CLOCK PIN           0.000                  5.499  1       


Data Path
Name                                      Cell/Site Name     Delay Name       Incr      Arrival/Required Time  Fanout  
----------------------------------------  -----------------  ---------------  --------  ---------------------  ------  
counter_16__i18/CK->counter_16__i18/Q     SLICE_R11C5B       CLK_TO_Q1_DELAY     1.388                  6.887  2       
counter[18]                                                  NET DELAY           2.736                  9.623  2       
i162_4_lut/C->i162_4_lut/Z                SLICE_R10C4B       A1_TO_F1_DELAY      0.449                 10.072  1       
n301                                                         NET DELAY           3.146                 13.218  1       
i4_4_lut/C->i4_4_lut/Z                    SLICE_R10C5B       A0_TO_F0_DELAY      0.476                 13.694  1       
n12                                                          NET DELAY           0.304                 13.998  1       
i223_4_lut/C->i223_4_lut/Z                SLICE_R10C5B       C1_TO_F1_DELAY      0.449                 14.447  12      
n121                                                         NET DELAY           3.172                 17.619  12      
{counter_16__i11/SR   counter_16__i12/SR}
                                                             ENDPOINT            0.000                 17.619  1       


Destination Clock Path
Name                                      Cell/Site Name     Delay Name       Incr      Arrival/Required Time  Fanout  
----------------------------------------  -----------------  ---------------  --------  ---------------------  ------  
                                                             CONSTRAINT          0.000                166.666  1       
hfosc_inst/CLKHF                          HFOSC_HFOSC_R1C32  CLOCK LATENCY       0.000                166.666  13      
clk                                                          NET DELAY           5.499                172.165  13      
{counter_16__i11/CK   counter_16__i12/CK}
                                                             CLOCK PIN           0.000                172.165  1       
                                                             Uncertainty      -(0.000)                172.165  
                                                             Setup time       -(0.529)                171.636  
----------------------------------------  -----------------  ---------------  --------  ---------------------  ------  
Required Time                                                                                         171.636  
Arrival Time                                                                                        -(17.618)  
----------------------------------------  -----------------  ---------------  --------  ---------------------  ------  
Path Slack  (Passed)                                                                                  154.017  




++++ Path 10 ++++++++++++++++++++++++++++++++++++++++++++++++++++++++++ 

Path Begin       : counter_16__i18/Q  (SLICE_R11C5B)
Path End         : {counter_16__i13/SR   counter_16__i14/SR}  (SLICE_R11C4D)
Source Clock     : clk (R)
Destination Clock: clk (R)
Logic Level      : 4
Delay Ratio      : 77.2% (route), 22.8% (logic)
Clock Skew       : 0.000 ns 
Setup Constraint : 166.666 ns 
Path Slack       : 154.017 ns  (Passed)


Source Clock Path
Name                                      Cell/Site Name     Delay Name       Incr      Arrival/Required Time  Fanout  
----------------------------------------  -----------------  ---------------  --------  ---------------------  ------  
hfosc_inst/CLKHF                          HFOSC_HFOSC_R1C32  CLOCK LATENCY       0.000                  0.000  13      
clk                                                          NET DELAY           5.499                  5.499  13      
{counter_16__i17/CK   counter_16__i18/CK}
                                                             CLOCK PIN           0.000                  5.499  1       


Data Path
Name                                      Cell/Site Name     Delay Name       Incr      Arrival/Required Time  Fanout  
----------------------------------------  -----------------  ---------------  --------  ---------------------  ------  
counter_16__i18/CK->counter_16__i18/Q     SLICE_R11C5B       CLK_TO_Q1_DELAY     1.388                  6.887  2       
counter[18]                                                  NET DELAY           2.736                  9.623  2       
i162_4_lut/C->i162_4_lut/Z                SLICE_R10C4B       A1_TO_F1_DELAY      0.449                 10.072  1       
n301                                                         NET DELAY           3.146                 13.218  1       
i4_4_lut/C->i4_4_lut/Z                    SLICE_R10C5B       A0_TO_F0_DELAY      0.476                 13.694  1       
n12                                                          NET DELAY           0.304                 13.998  1       
i223_4_lut/C->i223_4_lut/Z                SLICE_R10C5B       C1_TO_F1_DELAY      0.449                 14.447  12      
n121                                                         NET DELAY           3.172                 17.619  12      
{counter_16__i13/SR   counter_16__i14/SR}
                                                             ENDPOINT            0.000                 17.619  1       


Destination Clock Path
Name                                      Cell/Site Name     Delay Name       Incr      Arrival/Required Time  Fanout  
----------------------------------------  -----------------  ---------------  --------  ---------------------  ------  
                                                             CONSTRAINT          0.000                166.666  1       
hfosc_inst/CLKHF                          HFOSC_HFOSC_R1C32  CLOCK LATENCY       0.000                166.666  13      
clk                                                          NET DELAY           5.499                172.165  13      
{counter_16__i13/CK   counter_16__i14/CK}
                                                             CLOCK PIN           0.000                172.165  1       
                                                             Uncertainty      -(0.000)                172.165  
                                                             Setup time       -(0.529)                171.636  
----------------------------------------  -----------------  ---------------  --------  ---------------------  ------  
Required Time                                                                                         171.636  
Arrival Time                                                                                        -(17.618)  
----------------------------------------  -----------------  ---------------  --------  ---------------------  ------  
Path Slack  (Passed)                                                                                  154.017  



+++++++++++++++++++++++++++++++++++++++++++++++++++++++++++++++++++++ 
                    End of Detailed Report for timing paths 
+++++++++++++++++++++++++++++++++++++++++++++++++++++++++++++++++++++ 


##########################################################



===============================================================
3  Hold at Speed Grade m Corner at -40 Degrees
===============================================================

3.1  Endpoint slacks
=======================
-------------------------------------------------------
          Listing 10 End Points          |    Slack    
-------------------------------------------------------
led_reg/D                                |    1.743 ns 
counter_16__i12/D                        |    1.913 ns 
counter_16__i13/D                        |    1.913 ns 
counter_16__i14/D                        |    1.913 ns 
counter_16__i15/D                        |    1.913 ns 
counter_16__i16/D                        |    1.913 ns 
counter_16__i17/D                        |    1.913 ns 
counter_16__i18/D                        |    1.913 ns 
counter_16__i19/D                        |    1.913 ns 
counter_16__i20/D                        |    1.913 ns 
-------------------------------------------------------
                                         |             
Hold # of endpoints with negative slack: |           0 
                                         |             
-------------------------------------------------------

3.2  Detailed Report
=======================


XXXXXXXXXXXXXXXXXXXXXXXXXXXXXXXXXXXXXXXXXXXXXXXXXXXXXXXXXX

Detail report of critical paths

XXXXXXXXXXXXXXXXXXXXXXXXXXXXXXXXXXXXXXXXXXXXXXXXXXXXXXXXXX

+++++++++++++++++++++++++++++++++++++++++++++++++++++++++++++++++++++ 
                    Detailed Report for timing paths 
+++++++++++++++++++++++++++++++++++++++++++++++++++++++++++++++++++++ 

++++ Path 1 ++++++++++++++++++++++++++++++++++++++++++++++++++++++++++ 

Path Begin       : led_reg/Q  (SLICE_R10C3A)
Path End         : led_reg/D  (SLICE_R10C3A)
Source Clock     : clk (R)
Destination Clock: clk (R)
Logic Level      : 2
Delay Ratio      : 40.8% (route), 59.2% (logic)
Clock Skew       : 0.000 ns 
Hold Constraint  : 0.000 ns 
Path Slack       : 1.743 ns  (Passed)


Source Clock Path
Name                                      Cell/Site Name     Delay Name       Incr   Arrival/Required Time  Fanout  
----------------------------------------  -----------------  ---------------  -----  ---------------------  ------  
hfosc_inst/CLKHF                          HFOSC_HFOSC_R1C32  CLOCK LATENCY    0.000                  0.000  14      
clk                                                          NET DELAY        3.084                  3.084  14      
led_reg/CK                                                   CLOCK PIN        0.000                  3.084  1       


Data Path
Name                                      Cell/Site Name     Delay Name       Incr   Arrival/Required Time  Fanout  
----------------------------------------  -----------------  ---------------  -----  ---------------------  ------  
led_reg/CK->led_reg/Q                     SLICE_R10C3A       CLK_TO_Q0_DELAY  0.779                  3.863  2       
led_c                                                        NET DELAY        0.712                  4.575  2       
i1_2_lut/A->i1_2_lut/Z                    SLICE_R10C3A       D0_TO_F0_DELAY   0.252                  4.827  1       
n117                                                         NET DELAY        0.000                  4.827  1       
led_reg/D                                                    ENDPOINT         0.000                  4.827  1       


Destination Clock Path
Name                                      Cell/Site Name     Delay Name       Incr   Arrival/Required Time  Fanout  
----------------------------------------  -----------------  ---------------  -----  ---------------------  ------  
                                                             CONSTRAINT       0.000                  0.000  1       
hfosc_inst/CLKHF                          HFOSC_HFOSC_R1C32  CLOCK LATENCY    0.000                  0.000  14      
clk                                                          NET DELAY        3.084                  3.084  14      
led_reg/CK                                                   CLOCK PIN        0.000                  3.084  1       
                                                             Uncertainty      0.000                  3.084  
                                                             Hold time        0.000                  3.084  
----------------------------------------  -----------------  ---------------  -----  ---------------------  ------  
Required Time                                                                                       -3.084  
Arrival Time                                                                                         4.827  
----------------------------------------  -----------------  ---------------  -----  ---------------------  ------  
Path Slack  (Passed)                                                                                 1.743  




++++ Path 2 ++++++++++++++++++++++++++++++++++++++++++++++++++++++++++ 

Path Begin       : counter_16__i12/Q  (SLICE_R11C4C)
Path End         : counter_16__i12/D  (SLICE_R11C4C)
Source Clock     : clk (R)
Destination Clock: clk (R)
Logic Level      : 2
Delay Ratio      : 46.1% (route), 53.9% (logic)
Clock Skew       : 0.000 ns 
Hold Constraint  : 0.000 ns 
Path Slack       : 1.913 ns  (Passed)


Source Clock Path
Name                                      Cell/Site Name     Delay Name       Incr   Arrival/Required Time  Fanout  
----------------------------------------  -----------------  ---------------  -----  ---------------------  ------  
hfosc_inst/CLKHF                          HFOSC_HFOSC_R1C32  CLOCK LATENCY    0.000                  0.000  14      
clk                                                          NET DELAY        3.084                  3.084  14      
{counter_16__i11/CK   counter_16__i12/CK}
                                                             CLOCK PIN        0.000                  3.084  1       


Data Path
Name                                      Cell/Site Name     Delay Name       Incr   Arrival/Required Time  Fanout  
----------------------------------------  -----------------  ---------------  -----  ---------------------  ------  
counter_16__i12/CK->counter_16__i12/Q     SLICE_R11C4C       CLK_TO_Q1_DELAY  0.779                  3.863  2       
counter[12]                                                  NET DELAY        0.882                  4.745  2       
counter_16_add_4_13/C1->counter_16_add_4_13/S1
                                          SLICE_R11C4C       C1_TO_F1_DELAY   0.252                  4.997  1       
n89[12]                                                      NET DELAY        0.000                  4.997  1       
counter_16__i12/D                                            ENDPOINT         0.000                  4.997  1       


Destination Clock Path
Name                                      Cell/Site Name     Delay Name       Incr   Arrival/Required Time  Fanout  
----------------------------------------  -----------------  ---------------  -----  ---------------------  ------  
                                                             CONSTRAINT       0.000                  0.000  1       
hfosc_inst/CLKHF                          HFOSC_HFOSC_R1C32  CLOCK LATENCY    0.000                  0.000  14      
clk                                                          NET DELAY        3.084                  3.084  14      
{counter_16__i11/CK   counter_16__i12/CK}
                                                             CLOCK PIN        0.000                  3.084  1       
                                                             Uncertainty      0.000                  3.084  
                                                             Hold time        0.000                  3.084  
----------------------------------------  -----------------  ---------------  -----  ---------------------  ------  
Required Time                                                                                       -3.084  
Arrival Time                                                                                         4.997  
----------------------------------------  -----------------  ---------------  -----  ---------------------  ------  
Path Slack  (Passed)                                                                                 1.913  




++++ Path 3 ++++++++++++++++++++++++++++++++++++++++++++++++++++++++++ 

Path Begin       : counter_16__i13/Q  (SLICE_R11C4D)
Path End         : counter_16__i13/D  (SLICE_R11C4D)
Source Clock     : clk (R)
Destination Clock: clk (R)
Logic Level      : 2
Delay Ratio      : 46.1% (route), 53.9% (logic)
Clock Skew       : 0.000 ns 
Hold Constraint  : 0.000 ns 
Path Slack       : 1.913 ns  (Passed)


Source Clock Path
Name                                      Cell/Site Name     Delay Name       Incr   Arrival/Required Time  Fanout  
----------------------------------------  -----------------  ---------------  -----  ---------------------  ------  
hfosc_inst/CLKHF                          HFOSC_HFOSC_R1C32  CLOCK LATENCY    0.000                  0.000  14      
clk                                                          NET DELAY        3.084                  3.084  14      
{counter_16__i13/CK   counter_16__i14/CK}
                                                             CLOCK PIN        0.000                  3.084  1       


Data Path
Name                                      Cell/Site Name     Delay Name       Incr   Arrival/Required Time  Fanout  
----------------------------------------  -----------------  ---------------  -----  ---------------------  ------  
counter_16__i13/CK->counter_16__i13/Q     SLICE_R11C4D       CLK_TO_Q0_DELAY  0.779                  3.863  2       
counter[13]                                                  NET DELAY        0.882                  4.745  2       
counter_16_add_4_15/C0->counter_16_add_4_15/S0
                                          SLICE_R11C4D       C0_TO_F0_DELAY   0.252                  4.997  1       
n89[13]                                                      NET DELAY        0.000                  4.997  1       
counter_16__i13/D                                            ENDPOINT         0.000                  4.997  1       


Destination Clock Path
Name                                      Cell/Site Name     Delay Name       Incr   Arrival/Required Time  Fanout  
----------------------------------------  -----------------  ---------------  -----  ---------------------  ------  
                                                             CONSTRAINT       0.000                  0.000  1       
hfosc_inst/CLKHF                          HFOSC_HFOSC_R1C32  CLOCK LATENCY    0.000                  0.000  14      
clk                                                          NET DELAY        3.084                  3.084  14      
{counter_16__i13/CK   counter_16__i14/CK}
                                                             CLOCK PIN        0.000                  3.084  1       
                                                             Uncertainty      0.000                  3.084  
                                                             Hold time        0.000                  3.084  
----------------------------------------  -----------------  ---------------  -----  ---------------------  ------  
Required Time                                                                                       -3.084  
Arrival Time                                                                                         4.997  
----------------------------------------  -----------------  ---------------  -----  ---------------------  ------  
Path Slack  (Passed)                                                                                 1.913  




++++ Path 4 ++++++++++++++++++++++++++++++++++++++++++++++++++++++++++ 

Path Begin       : counter_16__i14/Q  (SLICE_R11C4D)
Path End         : counter_16__i14/D  (SLICE_R11C4D)
Source Clock     : clk (R)
Destination Clock: clk (R)
Logic Level      : 2
Delay Ratio      : 46.1% (route), 53.9% (logic)
Clock Skew       : 0.000 ns 
Hold Constraint  : 0.000 ns 
Path Slack       : 1.913 ns  (Passed)


Source Clock Path
Name                                      Cell/Site Name     Delay Name       Incr   Arrival/Required Time  Fanout  
----------------------------------------  -----------------  ---------------  -----  ---------------------  ------  
hfosc_inst/CLKHF                          HFOSC_HFOSC_R1C32  CLOCK LATENCY    0.000                  0.000  14      
clk                                                          NET DELAY        3.084                  3.084  14      
{counter_16__i13/CK   counter_16__i14/CK}
                                                             CLOCK PIN        0.000                  3.084  1       


Data Path
Name                                      Cell/Site Name     Delay Name       Incr   Arrival/Required Time  Fanout  
----------------------------------------  -----------------  ---------------  -----  ---------------------  ------  
counter_16__i14/CK->counter_16__i14/Q     SLICE_R11C4D       CLK_TO_Q1_DELAY  0.779                  3.863  2       
counter[14]                                                  NET DELAY        0.882                  4.745  2       
counter_16_add_4_15/C1->counter_16_add_4_15/S1
                                          SLICE_R11C4D       C1_TO_F1_DELAY   0.252                  4.997  1       
n89[14]                                                      NET DELAY        0.000                  4.997  1       
counter_16__i14/D                                            ENDPOINT         0.000                  4.997  1       


Destination Clock Path
Name                                      Cell/Site Name     Delay Name       Incr   Arrival/Required Time  Fanout  
----------------------------------------  -----------------  ---------------  -----  ---------------------  ------  
                                                             CONSTRAINT       0.000                  0.000  1       
hfosc_inst/CLKHF                          HFOSC_HFOSC_R1C32  CLOCK LATENCY    0.000                  0.000  14      
clk                                                          NET DELAY        3.084                  3.084  14      
{counter_16__i13/CK   counter_16__i14/CK}
                                                             CLOCK PIN        0.000                  3.084  1       
                                                             Uncertainty      0.000                  3.084  
                                                             Hold time        0.000                  3.084  
----------------------------------------  -----------------  ---------------  -----  ---------------------  ------  
Required Time                                                                                       -3.084  
Arrival Time                                                                                         4.997  
----------------------------------------  -----------------  ---------------  -----  ---------------------  ------  
Path Slack  (Passed)                                                                                 1.913  




++++ Path 5 ++++++++++++++++++++++++++++++++++++++++++++++++++++++++++ 

Path Begin       : counter_16__i15/Q  (SLICE_R11C5A)
Path End         : counter_16__i15/D  (SLICE_R11C5A)
Source Clock     : clk (R)
Destination Clock: clk (R)
Logic Level      : 2
Delay Ratio      : 46.1% (route), 53.9% (logic)
Clock Skew       : 0.000 ns 
Hold Constraint  : 0.000 ns 
Path Slack       : 1.913 ns  (Passed)


Source Clock Path
Name                                      Cell/Site Name     Delay Name       Incr   Arrival/Required Time  Fanout  
----------------------------------------  -----------------  ---------------  -----  ---------------------  ------  
hfosc_inst/CLKHF                          HFOSC_HFOSC_R1C32  CLOCK LATENCY    0.000                  0.000  14      
clk                                                          NET DELAY        3.084                  3.084  14      
{counter_16__i15/CK   counter_16__i16/CK}
                                                             CLOCK PIN        0.000                  3.084  1       


Data Path
Name                                      Cell/Site Name     Delay Name       Incr   Arrival/Required Time  Fanout  
----------------------------------------  -----------------  ---------------  -----  ---------------------  ------  
counter_16__i15/CK->counter_16__i15/Q     SLICE_R11C5A       CLK_TO_Q0_DELAY  0.779                  3.863  2       
counter[15]                                                  NET DELAY        0.882                  4.745  2       
counter_16_add_4_17/C0->counter_16_add_4_17/S0
                                          SLICE_R11C5A       C0_TO_F0_DELAY   0.252                  4.997  1       
n89[15]                                                      NET DELAY        0.000                  4.997  1       
counter_16__i15/D                                            ENDPOINT         0.000                  4.997  1       


Destination Clock Path
Name                                      Cell/Site Name     Delay Name       Incr   Arrival/Required Time  Fanout  
----------------------------------------  -----------------  ---------------  -----  ---------------------  ------  
                                                             CONSTRAINT       0.000                  0.000  1       
hfosc_inst/CLKHF                          HFOSC_HFOSC_R1C32  CLOCK LATENCY    0.000                  0.000  14      
clk                                                          NET DELAY        3.084                  3.084  14      
{counter_16__i15/CK   counter_16__i16/CK}
                                                             CLOCK PIN        0.000                  3.084  1       
                                                             Uncertainty      0.000                  3.084  
                                                             Hold time        0.000                  3.084  
----------------------------------------  -----------------  ---------------  -----  ---------------------  ------  
Required Time                                                                                       -3.084  
Arrival Time                                                                                         4.997  
----------------------------------------  -----------------  ---------------  -----  ---------------------  ------  
Path Slack  (Passed)                                                                                 1.913  




++++ Path 6 ++++++++++++++++++++++++++++++++++++++++++++++++++++++++++ 

Path Begin       : counter_16__i16/Q  (SLICE_R11C5A)
Path End         : counter_16__i16/D  (SLICE_R11C5A)
Source Clock     : clk (R)
Destination Clock: clk (R)
Logic Level      : 2
Delay Ratio      : 46.1% (route), 53.9% (logic)
Clock Skew       : 0.000 ns 
Hold Constraint  : 0.000 ns 
Path Slack       : 1.913 ns  (Passed)


Source Clock Path
Name                                      Cell/Site Name     Delay Name       Incr   Arrival/Required Time  Fanout  
----------------------------------------  -----------------  ---------------  -----  ---------------------  ------  
hfosc_inst/CLKHF                          HFOSC_HFOSC_R1C32  CLOCK LATENCY    0.000                  0.000  14      
clk                                                          NET DELAY        3.084                  3.084  14      
{counter_16__i15/CK   counter_16__i16/CK}
                                                             CLOCK PIN        0.000                  3.084  1       


Data Path
Name                                      Cell/Site Name     Delay Name       Incr   Arrival/Required Time  Fanout  
----------------------------------------  -----------------  ---------------  -----  ---------------------  ------  
counter_16__i16/CK->counter_16__i16/Q     SLICE_R11C5A       CLK_TO_Q1_DELAY  0.779                  3.863  2       
counter[16]                                                  NET DELAY        0.882                  4.745  2       
counter_16_add_4_17/C1->counter_16_add_4_17/S1
                                          SLICE_R11C5A       C1_TO_F1_DELAY   0.252                  4.997  1       
n89[16]                                                      NET DELAY        0.000                  4.997  1       
counter_16__i16/D                                            ENDPOINT         0.000                  4.997  1       


Destination Clock Path
Name                                      Cell/Site Name     Delay Name       Incr   Arrival/Required Time  Fanout  
----------------------------------------  -----------------  ---------------  -----  ---------------------  ------  
                                                             CONSTRAINT       0.000                  0.000  1       
hfosc_inst/CLKHF                          HFOSC_HFOSC_R1C32  CLOCK LATENCY    0.000                  0.000  14      
clk                                                          NET DELAY        3.084                  3.084  14      
{counter_16__i15/CK   counter_16__i16/CK}
                                                             CLOCK PIN        0.000                  3.084  1       
                                                             Uncertainty      0.000                  3.084  
                                                             Hold time        0.000                  3.084  
----------------------------------------  -----------------  ---------------  -----  ---------------------  ------  
Required Time                                                                                       -3.084  
Arrival Time                                                                                         4.997  
----------------------------------------  -----------------  ---------------  -----  ---------------------  ------  
Path Slack  (Passed)                                                                                 1.913  




++++ Path 7 ++++++++++++++++++++++++++++++++++++++++++++++++++++++++++ 

Path Begin       : counter_16__i17/Q  (SLICE_R11C5B)
Path End         : counter_16__i17/D  (SLICE_R11C5B)
Source Clock     : clk (R)
Destination Clock: clk (R)
Logic Level      : 2
Delay Ratio      : 46.1% (route), 53.9% (logic)
Clock Skew       : 0.000 ns 
Hold Constraint  : 0.000 ns 
Path Slack       : 1.913 ns  (Passed)


Source Clock Path
Name                                      Cell/Site Name     Delay Name       Incr   Arrival/Required Time  Fanout  
----------------------------------------  -----------------  ---------------  -----  ---------------------  ------  
hfosc_inst/CLKHF                          HFOSC_HFOSC_R1C32  CLOCK LATENCY    0.000                  0.000  14      
clk                                                          NET DELAY        3.084                  3.084  14      
{counter_16__i17/CK   counter_16__i18/CK}
                                                             CLOCK PIN        0.000                  3.084  1       


Data Path
Name                                      Cell/Site Name     Delay Name       Incr   Arrival/Required Time  Fanout  
----------------------------------------  -----------------  ---------------  -----  ---------------------  ------  
counter_16__i17/CK->counter_16__i17/Q     SLICE_R11C5B       CLK_TO_Q0_DELAY  0.779                  3.863  2       
counter[17]                                                  NET DELAY        0.882                  4.745  2       
counter_16_add_4_19/C0->counter_16_add_4_19/S0
                                          SLICE_R11C5B       C0_TO_F0_DELAY   0.252                  4.997  1       
n89[17]                                                      NET DELAY        0.000                  4.997  1       
counter_16__i17/D                                            ENDPOINT         0.000                  4.997  1       


Destination Clock Path
Name                                      Cell/Site Name     Delay Name       Incr   Arrival/Required Time  Fanout  
----------------------------------------  -----------------  ---------------  -----  ---------------------  ------  
                                                             CONSTRAINT       0.000                  0.000  1       
hfosc_inst/CLKHF                          HFOSC_HFOSC_R1C32  CLOCK LATENCY    0.000                  0.000  14      
clk                                                          NET DELAY        3.084                  3.084  14      
{counter_16__i17/CK   counter_16__i18/CK}
                                                             CLOCK PIN        0.000                  3.084  1       
                                                             Uncertainty      0.000                  3.084  
                                                             Hold time        0.000                  3.084  
----------------------------------------  -----------------  ---------------  -----  ---------------------  ------  
Required Time                                                                                       -3.084  
Arrival Time                                                                                         4.997  
----------------------------------------  -----------------  ---------------  -----  ---------------------  ------  
Path Slack  (Passed)                                                                                 1.913  




++++ Path 8 ++++++++++++++++++++++++++++++++++++++++++++++++++++++++++ 

Path Begin       : counter_16__i18/Q  (SLICE_R11C5B)
Path End         : counter_16__i18/D  (SLICE_R11C5B)
Source Clock     : clk (R)
Destination Clock: clk (R)
Logic Level      : 2
Delay Ratio      : 46.1% (route), 53.9% (logic)
Clock Skew       : 0.000 ns 
Hold Constraint  : 0.000 ns 
Path Slack       : 1.913 ns  (Passed)


Source Clock Path
Name                                      Cell/Site Name     Delay Name       Incr   Arrival/Required Time  Fanout  
----------------------------------------  -----------------  ---------------  -----  ---------------------  ------  
hfosc_inst/CLKHF                          HFOSC_HFOSC_R1C32  CLOCK LATENCY    0.000                  0.000  14      
clk                                                          NET DELAY        3.084                  3.084  14      
{counter_16__i17/CK   counter_16__i18/CK}
                                                             CLOCK PIN        0.000                  3.084  1       


Data Path
Name                                      Cell/Site Name     Delay Name       Incr   Arrival/Required Time  Fanout  
----------------------------------------  -----------------  ---------------  -----  ---------------------  ------  
counter_16__i18/CK->counter_16__i18/Q     SLICE_R11C5B       CLK_TO_Q1_DELAY  0.779                  3.863  2       
counter[18]                                                  NET DELAY        0.882                  4.745  2       
counter_16_add_4_19/C1->counter_16_add_4_19/S1
                                          SLICE_R11C5B       C1_TO_F1_DELAY   0.252                  4.997  1       
n89[18]                                                      NET DELAY        0.000                  4.997  1       
counter_16__i18/D                                            ENDPOINT         0.000                  4.997  1       


Destination Clock Path
Name                                      Cell/Site Name     Delay Name       Incr   Arrival/Required Time  Fanout  
----------------------------------------  -----------------  ---------------  -----  ---------------------  ------  
                                                             CONSTRAINT       0.000                  0.000  1       
hfosc_inst/CLKHF                          HFOSC_HFOSC_R1C32  CLOCK LATENCY    0.000                  0.000  14      
clk                                                          NET DELAY        3.084                  3.084  14      
{counter_16__i17/CK   counter_16__i18/CK}
                                                             CLOCK PIN        0.000                  3.084  1       
                                                             Uncertainty      0.000                  3.084  
                                                             Hold time        0.000                  3.084  
----------------------------------------  -----------------  ---------------  -----  ---------------------  ------  
Required Time                                                                                       -3.084  
Arrival Time                                                                                         4.997  
----------------------------------------  -----------------  ---------------  -----  ---------------------  ------  
Path Slack  (Passed)                                                                                 1.913  




++++ Path 9 ++++++++++++++++++++++++++++++++++++++++++++++++++++++++++ 

Path Begin       : counter_16__i19/Q  (SLICE_R11C5C)
Path End         : counter_16__i19/D  (SLICE_R11C5C)
Source Clock     : clk (R)
Destination Clock: clk (R)
Logic Level      : 2
Delay Ratio      : 46.1% (route), 53.9% (logic)
Clock Skew       : 0.000 ns 
Hold Constraint  : 0.000 ns 
Path Slack       : 1.913 ns  (Passed)


Source Clock Path
Name                                      Cell/Site Name     Delay Name       Incr   Arrival/Required Time  Fanout  
----------------------------------------  -----------------  ---------------  -----  ---------------------  ------  
hfosc_inst/CLKHF                          HFOSC_HFOSC_R1C32  CLOCK LATENCY    0.000                  0.000  14      
clk                                                          NET DELAY        3.084                  3.084  14      
{counter_16__i19/CK   counter_16__i20/CK}
                                                             CLOCK PIN        0.000                  3.084  1       


Data Path
Name                                      Cell/Site Name     Delay Name       Incr   Arrival/Required Time  Fanout  
----------------------------------------  -----------------  ---------------  -----  ---------------------  ------  
counter_16__i19/CK->counter_16__i19/Q     SLICE_R11C5C       CLK_TO_Q0_DELAY  0.779                  3.863  2       
counter[19]                                                  NET DELAY        0.882                  4.745  2       
counter_16_add_4_21/C0->counter_16_add_4_21/S0
                                          SLICE_R11C5C       C0_TO_F0_DELAY   0.252                  4.997  1       
n89[19]                                                      NET DELAY        0.000                  4.997  1       
counter_16__i19/D                                            ENDPOINT         0.000                  4.997  1       


Destination Clock Path
Name                                      Cell/Site Name     Delay Name       Incr   Arrival/Required Time  Fanout  
----------------------------------------  -----------------  ---------------  -----  ---------------------  ------  
                                                             CONSTRAINT       0.000                  0.000  1       
hfosc_inst/CLKHF                          HFOSC_HFOSC_R1C32  CLOCK LATENCY    0.000                  0.000  14      
clk                                                          NET DELAY        3.084                  3.084  14      
{counter_16__i19/CK   counter_16__i20/CK}
                                                             CLOCK PIN        0.000                  3.084  1       
                                                             Uncertainty      0.000                  3.084  
                                                             Hold time        0.000                  3.084  
----------------------------------------  -----------------  ---------------  -----  ---------------------  ------  
Required Time                                                                                       -3.084  
Arrival Time                                                                                         4.997  
----------------------------------------  -----------------  ---------------  -----  ---------------------  ------  
Path Slack  (Passed)                                                                                 1.913  




++++ Path 10 ++++++++++++++++++++++++++++++++++++++++++++++++++++++++++ 

Path Begin       : counter_16__i20/Q  (SLICE_R11C5C)
Path End         : counter_16__i20/D  (SLICE_R11C5C)
Source Clock     : clk (R)
Destination Clock: clk (R)
Logic Level      : 2
Delay Ratio      : 46.1% (route), 53.9% (logic)
Clock Skew       : 0.000 ns 
Hold Constraint  : 0.000 ns 
Path Slack       : 1.913 ns  (Passed)


Source Clock Path
Name                                      Cell/Site Name     Delay Name       Incr   Arrival/Required Time  Fanout  
----------------------------------------  -----------------  ---------------  -----  ---------------------  ------  
hfosc_inst/CLKHF                          HFOSC_HFOSC_R1C32  CLOCK LATENCY    0.000                  0.000  14      
clk                                                          NET DELAY        3.084                  3.084  14      
{counter_16__i19/CK   counter_16__i20/CK}
                                                             CLOCK PIN        0.000                  3.084  1       


Data Path
Name                                      Cell/Site Name     Delay Name       Incr   Arrival/Required Time  Fanout  
----------------------------------------  -----------------  ---------------  -----  ---------------------  ------  
counter_16__i20/CK->counter_16__i20/Q     SLICE_R11C5C       CLK_TO_Q1_DELAY  0.779                  3.863  2       
counter[20]                                                  NET DELAY        0.882                  4.745  2       
counter_16_add_4_21/C1->counter_16_add_4_21/S1
                                          SLICE_R11C5C       C1_TO_F1_DELAY   0.252                  4.997  1       
n89[20]                                                      NET DELAY        0.000                  4.997  1       
counter_16__i20/D                                            ENDPOINT         0.000                  4.997  1       


Destination Clock Path
Name                                      Cell/Site Name     Delay Name       Incr   Arrival/Required Time  Fanout  
----------------------------------------  -----------------  ---------------  -----  ---------------------  ------  
                                                             CONSTRAINT       0.000                  0.000  1       
hfosc_inst/CLKHF                          HFOSC_HFOSC_R1C32  CLOCK LATENCY    0.000                  0.000  14      
clk                                                          NET DELAY        3.084                  3.084  14      
{counter_16__i19/CK   counter_16__i20/CK}
                                                             CLOCK PIN        0.000                  3.084  1       
                                                             Uncertainty      0.000                  3.084  
                                                             Hold time        0.000                  3.084  
----------------------------------------  -----------------  ---------------  -----  ---------------------  ------  
Required Time                                                                                       -3.084  
Arrival Time                                                                                         4.997  
----------------------------------------  -----------------  ---------------  -----  ---------------------  ------  
Path Slack  (Passed)                                                                                 1.913  



+++++++++++++++++++++++++++++++++++++++++++++++++++++++++++++++++++++ 
                    End of Detailed Report for timing paths 
+++++++++++++++++++++++++++++++++++++++++++++++++++++++++++++++++++++ 


##########################################################



