
                         Lattice Mapping Report File

Design:  lab2_ei
Family:  iCE40UP
Device:  iCE40UP5K
Package: SG48
Performance Grade:  High-Performance_1.2V

Mapper:    version Radiant Software (64-bit) 2026.1.0.37.0
Mapped on: Sun Sep 13 01:42:38 2026

Design Information
------------------

Command line:   map -i lab2_ei_impl_1_syn.udb -o lab2_ei_impl_1_map.udb -mp
     lab2_ei_impl_1.mrp -hierrpt -gui -msgset
     C:/Users/eing/Documents/GitHub/e155-lab2/promote.xml

Design Summary
--------------

   Number of slice registers:   0 out of  5280 (0%)
   Number of I/O registers:      0 out of   117 (0%)
   Number of LUT4s:            11 out of  5280 (<1%)
      Number of logic LUT4s:              11
      Number of ripple logic:              0 (0 LUT4s)
   Number of IO sites used:   19 out of 39 (49%)
      Number of IO sites used for general PIO: 19
      Number of IO sites used for I3C: 0 out of 2 (0%)
      (note: If I3C is not used, its site can be used as general PIO)
      Number of IO sites used for PIO+I3C: 19 out of 36 (53%)
      Number of IO sites used for OD+RGB IO buffers: 0 out of 3 (0%)
      (note: If RGB LED drivers are not used, sites can be used as OD outputs,
       see TN1288 iCE40 LED Driver Usage Guide)
      Number of IO sites used for PIO+I3C+OD+RGB: 19 out of 39 (49%)
   Number of DSPs:             0 out of 8 (0%)
   Number of I2Cs:             0 out of 2 (0%)
   Number of High Speed OSCs:  1 out of 1 (100%)
   Number of Low Speed OSCs:   0 out of 1 (0%)
   Number of RGB PWM:          0 out of 1 (0%)
   Number of RGB Drivers:      0 out of 1 (0%)
   Number of SCL FILTERs:      0 out of 2 (0%)
   Number of SRAMs:            0 out of 4 (0%)
   Number of WARMBOOTs:        0 out of 1 (0%)
   Number of SPIs:             0 out of 2 (0%)
   Number of EBRs:             0 out of 30 (0%)
   Number of PLLs:             0 out of 1 (0%)
   Number of Clocks:  0
   Number of Clock Enables:  1
      Net VCC_net: 1 loads, 0 SLICEs
   Number of LSRs:  0
   Top 10 highest fanout non-clock nets:
      Net sw1_c[0]: 7 loads
      Net sw1_c[1]: 7 loads
      Net sw1_c[2]: 7 loads
      Net sw1_c[3]: 7 loads
      Net col_c[0]: 3 loads
      Net col_c[1]: 3 loads
      Net col_c[2]: 3 loads
      Net col_c[3]: 3 loads
      Net VCC_net: 2 loads

                                    Page 1





Design Summary (cont)
---------------------
      Net led_c[0]: 1 loads





   Number of warnings:  10
   Number of criticals: 0
   Number of errors:    0

Design Errors/Criticals/Warnings
--------------------------------

WARNING <71003020> - map: Top module port 'nreset' does not connect to anything.
WARNING <71003020> - map: Top module port 'sw2[3]' does not connect to anything.
WARNING <71003020> - map: Top module port 'sw2[2]' does not connect to anything.
WARNING <71003020> - map: Top module port 'sw2[1]' does not connect to anything.
WARNING <71003020> - map: Top module port 'sw2[0]' does not connect to anything.
WARNING <71003020> - map: Top module port 'nreset' does not connect to anything.
WARNING <71003020> - map: Top module port 'sw2[3]' does not connect to anything.
WARNING <71003020> - map: Top module port 'sw2[2]' does not connect to anything.
WARNING <71003020> - map: Top module port 'sw2[1]' does not connect to anything.
WARNING <71003020> - map: Top module port 'sw2[0]' does not connect to anything.

IO (PIO) Attributes
-------------------

+---------------------+-----------+-----------+-------+-------+-----------+
| IO Name             | Direction | Levelmode |  IO   |  IO   | Special   |
|                     |           |  IO_TYPE  |  REG  |  DDR  | IO Buffer |
+---------------------+-----------+-----------+-------+-------+-----------+
| sw1[3]              | INPUT     |           |       |       |           |
+---------------------+-----------+-----------+-------+-------+-----------+
| sw1[2]              | INPUT     |           |       |       |           |
+---------------------+-----------+-----------+-------+-------+-----------+
| sw1[1]              | INPUT     |           |       |       |           |
+---------------------+-----------+-----------+-------+-------+-----------+
| sw1[0]              | INPUT     |           |       |       |           |
+---------------------+-----------+-----------+-------+-------+-----------+
| col[3]              | INPUT     |           |       |       |           |
+---------------------+-----------+-----------+-------+-------+-----------+
| col[2]              | INPUT     |           |       |       |           |
+---------------------+-----------+-----------+-------+-------+-----------+
| col[1]              | INPUT     |           |       |       |           |
+---------------------+-----------+-----------+-------+-------+-----------+
| col[0]              | INPUT     |           |       |       |           |
+---------------------+-----------+-----------+-------+-------+-----------+
| seg[6]              | OUTPUT    |           |       |       |           |
+---------------------+-----------+-----------+-------+-------+-----------+
| seg[5]              | OUTPUT    |           |       |       |           |
+---------------------+-----------+-----------+-------+-------+-----------+
| seg[4]              | OUTPUT    |           |       |       |           |
+---------------------+-----------+-----------+-------+-------+-----------+
| seg[3]              | OUTPUT    |           |       |       |           |
+---------------------+-----------+-----------+-------+-------+-----------+
| seg[2]              | OUTPUT    |           |       |       |           |
+---------------------+-----------+-----------+-------+-------+-----------+
| seg[1]              | OUTPUT    |           |       |       |           |

                                    Page 2





IO (PIO) Attributes (cont)
--------------------------
+---------------------+-----------+-----------+-------+-------+-----------+
| seg[0]              | OUTPUT    |           |       |       |           |
+---------------------+-----------+-----------+-------+-------+-----------+
| led[2]              | OUTPUT    |           |       |       |           |
+---------------------+-----------+-----------+-------+-------+-----------+
| led[1]              | OUTPUT    |           |       |       |           |
+---------------------+-----------+-----------+-------+-------+-----------+
| led[0]              | OUTPUT    |           |       |       |           |
+---------------------+-----------+-----------+-------+-------+-----------+
| clk                 | OUTPUT    |           |       |       |           |
+---------------------+-----------+-----------+-------+-------+-----------+

Removed logic
-------------

Block i198 was optimized away.

OSC Summary
-----------

OSC 1:                                 Pin/Node Value
  OSC Instance Name:                            hf_osc
  Power UP:                            NODE     VCC_net
  Enable Signal:                       NODE     VCC_net
  OSC Output:                          PIN      clk_c
  DIV Setting:                                  00

ASIC Components
---------------

Instance Name: hf_osc
         Type: HFOSC

Constraint Summary
------------------

   Total number of constraints: 2
   Total number of constraints dropped: 0

Run Time and Memory Usage
-------------------------

   Total CPU Time: 0 secs
   Total REAL Time: 0 secs
   Peak Memory Usage: 64 MB
Checksum -- map: 4ace976a700b25e1357768fe64960462444362bd












                                    Page 3


Copyright (c) 1991-1994 by NeoCAD Inc. All rights reserved.
Copyright (c) 1995
     AT&T Corp.   All rights reserved.
Copyright (c) 1995-2001 Lucent
     Technologies Inc.  All rights reserved.
Copyright (c) 2001 Agere Systems
     All rights reserved.
Copyright (c) 2002-2026 Lattice Semiconductor
     Corporation,  All rights reserved.
