-- Analyzing Verilog file 'C:/lscc/radiant/2026.1/cae_library/synthesis/verilog/iCE40UP.v' (VERI-1482)
-- Analyzing Verilog file 'C:/Users/eing/Documents/GitHub/e155-lab2/fpga/lab2_ei/source/impl_1/lab2_7_seg_decoder.sv' (VERI-1482)
-- Analyzing Verilog file 'C:/Users/eing/Documents/GitHub/e155-lab2/fpga/lab2_ei/source/impl_1/lab2_counter.sv' (VERI-1482)
-- Analyzing Verilog file 'C:/Users/eing/Documents/GitHub/e155-lab2/fpga/lab2_ei/source/impl_1/lab2_ei.sv' (VERI-1482)
-- Analyzing Verilog file 'C:/Users/eing/Documents/GitHub/e155-lab2/fpga/lab2_ei/source/impl_1/lab2_scanning.sv' (VERI-1482)
-- Analyzing Verilog file 'C:/Users/eing/Documents/GitHub/e155-lab2/fpga/lab2_ei/source/impl_1/lab2_ei_tb.sv' (VERI-1482)
C:/Users/eing/Documents/GitHub/e155-lab2/fpga/lab2_ei/source/impl_1/lab2_ei_tb.sv(71): ERROR: syntax error near '==' (VERI-1137)
ERROR <1009990> - Stopping Synthesis Tool flow due to error.
C:/Users/eing/Documents/GitHub/e155-lab2/fpga/lab2_ei/source/impl_1/lab2_ei_tb.sv(71): ERROR: syntax error near ';' (VERI-1137)
ERROR <1009990> - Stopping Synthesis Tool flow due to error.
C:/Users/eing/Documents/GitHub/e155-lab2/fpga/lab2_ei/source/impl_1/lab2_ei_tb.sv(79): ERROR: syntax error near '==' (VERI-1137)
ERROR <1009990> - Stopping Synthesis Tool flow due to error.
C:/Users/eing/Documents/GitHub/e155-lab2/fpga/lab2_ei/source/impl_1/lab2_ei_tb.sv(79): ERROR: syntax error near ';' (VERI-1137)
ERROR <1009990> - Stopping Synthesis Tool flow due to error.
C:/Users/eing/Documents/GitHub/e155-lab2/fpga/lab2_ei/source/impl_1/lab2_ei_tb.sv(87): ERROR: syntax error near '==' (VERI-1137)
ERROR <1009990> - Stopping Synthesis Tool flow due to error.
C:/Users/eing/Documents/GitHub/e155-lab2/fpga/lab2_ei/source/impl_1/lab2_ei_tb.sv(87): ERROR: syntax error near ';' (VERI-1137)
ERROR <1009990> - Stopping Synthesis Tool flow due to error.
C:/Users/eing/Documents/GitHub/e155-lab2/fpga/lab2_ei/source/impl_1/lab2_ei_tb.sv(95): ERROR: syntax error near '==' (VERI-1137)
ERROR <1009990> - Stopping Synthesis Tool flow due to error.
C:/Users/eing/Documents/GitHub/e155-lab2/fpga/lab2_ei/source/impl_1/lab2_ei_tb.sv(95): ERROR: syntax error near ';' (VERI-1137)
ERROR <1009990> - Stopping Synthesis Tool flow due to error.
C:/Users/eing/Documents/GitHub/e155-lab2/fpga/lab2_ei/source/impl_1/lab2_ei_tb.sv(104): ERROR: module 'lab2_ei_tb' is ignored due to previous errors (VERI-1072)
ERROR <1009990> - Stopping Synthesis Tool flow due to error.
-- Verilog file 'C:/Users/eing/Documents/GitHub/e155-lab2/fpga/lab2_ei/source/impl_1/lab2_ei_tb.sv' ignored due to errors (VERI-1483)
-- Analyzing Verilog file 'C:/lscc/radiant/2026.1/cae_library/synthesis/verilog/iCE40UP.v' (VERI-1482)
-- Analyzing Verilog file 'C:/Users/eing/Documents/GitHub/e155-lab2/fpga/lab2_ei/source/impl_1/lab2_7_seg_decoder.sv' (VERI-1482)
-- Analyzing Verilog file 'C:/Users/eing/Documents/GitHub/e155-lab2/fpga/lab2_ei/source/impl_1/lab2_counter.sv' (VERI-1482)
-- Analyzing Verilog file 'C:/Users/eing/Documents/GitHub/e155-lab2/fpga/lab2_ei/source/impl_1/lab2_ei.sv' (VERI-1482)
-- Analyzing Verilog file 'C:/Users/eing/Documents/GitHub/e155-lab2/fpga/lab2_ei/source/impl_1/lab2_scanning.sv' (VERI-1482)
-- Analyzing Verilog file 'C:/Users/eing/Documents/GitHub/e155-lab2/fpga/lab2_ei/source/impl_1/lab2_ei_tb.sv' (VERI-1482)
-- Analyzing Verilog file 'C:/lscc/radiant/2026.1/cae_library/synthesis/verilog/iCE40UP.v' (VERI-1482)
-- Analyzing Verilog file 'C:/Users/eing/Documents/GitHub/e155-lab2/fpga/lab2_ei/source/impl_1/lab2_7_seg_decoder.sv' (VERI-1482)
-- Analyzing Verilog file 'C:/Users/eing/Documents/GitHub/e155-lab2/fpga/lab2_ei/source/impl_1/lab2_counter.sv' (VERI-1482)
-- Analyzing Verilog file 'C:/Users/eing/Documents/GitHub/e155-lab2/fpga/lab2_ei/source/impl_1/lab2_ei.sv' (VERI-1482)
-- Analyzing Verilog file 'C:/Users/eing/Documents/GitHub/e155-lab2/fpga/lab2_ei/source/impl_1/lab2_scanning.sv' (VERI-1482)
-- Analyzing Verilog file 'C:/Users/eing/Documents/GitHub/e155-lab2/fpga/lab2_ei/source/impl_1/lab2_ei_tb.sv' (VERI-1482)
C:/Users/eing/Documents/GitHub/e155-lab2/fpga/lab2_ei/source/impl_1/lab2_ei_tb.sv(22): ERROR: cannot find port 'clk' on this module (VERI-1010)
ERROR <1009990> - Stopping Synthesis Tool flow due to error.
-- Analyzing Verilog file 'C:/lscc/radiant/2026.1/cae_library/synthesis/verilog/iCE40UP.v' (VERI-1482)
-- Analyzing Verilog file 'C:/Users/eing/Documents/GitHub/e155-lab2/fpga/lab2_ei/source/impl_1/lab2_7_seg_decoder.sv' (VERI-1482)
-- Analyzing Verilog file 'C:/Users/eing/Documents/GitHub/e155-lab2/fpga/lab2_ei/source/impl_1/lab2_counter.sv' (VERI-1482)
-- Analyzing Verilog file 'C:/Users/eing/Documents/GitHub/e155-lab2/fpga/lab2_ei/source/impl_1/lab2_ei.sv' (VERI-1482)
-- Analyzing Verilog file 'C:/Users/eing/Documents/GitHub/e155-lab2/fpga/lab2_ei/source/impl_1/lab2_scanning.sv' (VERI-1482)
-- Analyzing Verilog file 'C:/Users/eing/Documents/GitHub/e155-lab2/fpga/lab2_ei/source/impl_1/lab2_ei_tb.sv' (VERI-1482)
-- Analyzing Verilog file 'C:/lscc/radiant/2026.1/cae_library/synthesis/verilog/iCE40UP.v' (VERI-1482)
-- Analyzing Verilog file 'C:/Users/eing/Documents/GitHub/e155-lab2/fpga/lab2_ei/source/impl_1/lab2_7_seg_decoder.sv' (VERI-1482)
-- Analyzing Verilog file 'C:/Users/eing/Documents/GitHub/e155-lab2/fpga/lab2_ei/source/impl_1/lab2_counter.sv' (VERI-1482)
-- Analyzing Verilog file 'C:/Users/eing/Documents/GitHub/e155-lab2/fpga/lab2_ei/source/impl_1/lab2_ei.sv' (VERI-1482)
-- Analyzing Verilog file 'C:/Users/eing/Documents/GitHub/e155-lab2/fpga/lab2_ei/source/impl_1/lab2_scanning.sv' (VERI-1482)
-- Analyzing Verilog file 'C:/Users/eing/Documents/GitHub/e155-lab2/fpga/lab2_ei/source/impl_1/lab2_ei_tb.sv' (VERI-1482)
-- Analyzing Verilog file 'C:/lscc/radiant/2026.1/cae_library/synthesis/verilog/iCE40UP.v' (VERI-1482)
-- Analyzing Verilog file 'C:/Users/eing/Documents/GitHub/e155-lab2/fpga/lab2_ei/source/impl_1/lab2_7_seg_decoder.sv' (VERI-1482)
-- Analyzing Verilog file 'C:/Users/eing/Documents/GitHub/e155-lab2/fpga/lab2_ei/source/impl_1/lab2_counter.sv' (VERI-1482)
-- Analyzing Verilog file 'C:/Users/eing/Documents/GitHub/e155-lab2/fpga/lab2_ei/source/impl_1/lab2_ei.sv' (VERI-1482)
-- Analyzing Verilog file 'C:/Users/eing/Documents/GitHub/e155-lab2/fpga/lab2_ei/source/impl_1/lab2_scanning.sv' (VERI-1482)
-- Analyzing Verilog file 'C:/Users/eing/Documents/GitHub/e155-lab2/fpga/lab2_ei/source/impl_1/lab2_ei_tb.sv' (VERI-1482)
-- Analyzing Verilog file 'C:/lscc/radiant/2026.1/cae_library/synthesis/verilog/iCE40UP.v' (VERI-1482)
-- Analyzing Verilog file 'C:/Users/eing/Documents/GitHub/e155-lab2/fpga/lab2_ei/source/impl_1/lab2_7_seg_decoder.sv' (VERI-1482)
-- Analyzing Verilog file 'C:/Users/eing/Documents/GitHub/e155-lab2/fpga/lab2_ei/source/impl_1/lab2_counter.sv' (VERI-1482)
-- Analyzing Verilog file 'C:/Users/eing/Documents/GitHub/e155-lab2/fpga/lab2_ei/source/impl_1/lab2_ei.sv' (VERI-1482)
-- Analyzing Verilog file 'C:/Users/eing/Documents/GitHub/e155-lab2/fpga/lab2_ei/source/impl_1/lab2_scanning.sv' (VERI-1482)
-- Analyzing Verilog file 'C:/Users/eing/Documents/GitHub/e155-lab2/fpga/lab2_ei/source/impl_1/lab2_ei_tb.sv' (VERI-1482)
-- Analyzing Verilog file 'C:/lscc/radiant/2026.1/cae_library/synthesis/verilog/iCE40UP.v' (VERI-1482)
-- Analyzing Verilog file 'C:/Users/eing/Documents/GitHub/e155-lab2/fpga/lab2_ei/source/impl_1/lab2_7_seg_decoder.sv' (VERI-1482)
-- Analyzing Verilog file 'C:/Users/eing/Documents/GitHub/e155-lab2/fpga/lab2_ei/source/impl_1/lab2_counter.sv' (VERI-1482)
-- Analyzing Verilog file 'C:/Users/eing/Documents/GitHub/e155-lab2/fpga/lab2_ei/source/impl_1/lab2_ei.sv' (VERI-1482)
-- Analyzing Verilog file 'C:/Users/eing/Documents/GitHub/e155-lab2/fpga/lab2_ei/source/impl_1/lab2_scanning.sv' (VERI-1482)
-- Analyzing Verilog file 'C:/Users/eing/Documents/GitHub/e155-lab2/fpga/lab2_ei/source/impl_1/lab2_ei_tb.sv' (VERI-1482)
-- Analyzing Verilog file 'C:/lscc/radiant/2026.1/cae_library/synthesis/verilog/iCE40UP.v' (VERI-1482)
-- Analyzing Verilog file 'C:/Users/eing/Documents/GitHub/e155-lab2/fpga/lab2_ei/source/impl_1/lab2_7_seg_decoder.sv' (VERI-1482)
-- Analyzing Verilog file 'C:/Users/eing/Documents/GitHub/e155-lab2/fpga/lab2_ei/source/impl_1/lab2_counter.sv' (VERI-1482)
-- Analyzing Verilog file 'C:/Users/eing/Documents/GitHub/e155-lab2/fpga/lab2_ei/source/impl_1/lab2_ei.sv' (VERI-1482)
-- Analyzing Verilog file 'C:/Users/eing/Documents/GitHub/e155-lab2/fpga/lab2_ei/source/impl_1/lab2_scanning.sv' (VERI-1482)
-- Analyzing Verilog file 'C:/Users/eing/Documents/GitHub/e155-lab2/fpga/lab2_ei/source/impl_1/lab2_ei_tb.sv' (VERI-1482)
-- Analyzing Verilog file 'C:/lscc/radiant/2026.1/cae_library/synthesis/verilog/iCE40UP.v' (VERI-1482)
-- Analyzing Verilog file 'C:/Users/eing/Documents/GitHub/e155-lab2/fpga/lab2_ei/source/impl_1/lab2_7_seg_decoder.sv' (VERI-1482)
-- Analyzing Verilog file 'C:/Users/eing/Documents/GitHub/e155-lab2/fpga/lab2_ei/source/impl_1/lab2_counter.sv' (VERI-1482)
-- Analyzing Verilog file 'C:/Users/eing/Documents/GitHub/e155-lab2/fpga/lab2_ei/source/impl_1/lab2_ei.sv' (VERI-1482)
-- Analyzing Verilog file 'C:/Users/eing/Documents/GitHub/e155-lab2/fpga/lab2_ei/source/impl_1/lab2_scanning.sv' (VERI-1482)
-- Analyzing Verilog file 'C:/Users/eing/Documents/GitHub/e155-lab2/fpga/lab2_ei/source/impl_1/lab2_ei_tb.sv' (VERI-1482)
-- Analyzing Verilog file 'C:/lscc/radiant/2026.1/cae_library/synthesis/verilog/iCE40UP.v' (VERI-1482)
-- Analyzing Verilog file 'C:/Users/eing/Documents/GitHub/e155-lab2/fpga/lab2_ei/source/impl_1/lab2_7_seg_decoder.sv' (VERI-1482)
-- Analyzing Verilog file 'C:/Users/eing/Documents/GitHub/e155-lab2/fpga/lab2_ei/source/impl_1/lab2_counter.sv' (VERI-1482)
-- Analyzing Verilog file 'C:/Users/eing/Documents/GitHub/e155-lab2/fpga/lab2_ei/source/impl_1/lab2_ei.sv' (VERI-1482)
-- Analyzing Verilog file 'C:/Users/eing/Documents/GitHub/e155-lab2/fpga/lab2_ei/source/impl_1/lab2_scanning.sv' (VERI-1482)
-- Analyzing Verilog file 'C:/Users/eing/Documents/GitHub/e155-lab2/fpga/lab2_ei/source/impl_1/lab2_ei_tb.sv' (VERI-1482)
-- Analyzing Verilog file 'C:/lscc/radiant/2026.1/cae_library/synthesis/verilog/iCE40UP.v' (VERI-1482)
-- Analyzing Verilog file 'C:/Users/eing/Documents/GitHub/e155-lab2/fpga/lab2_ei/source/impl_1/lab2_7_seg_decoder.sv' (VERI-1482)
-- Analyzing Verilog file 'C:/Users/eing/Documents/GitHub/e155-lab2/fpga/lab2_ei/source/impl_1/lab2_counter.sv' (VERI-1482)
-- Analyzing Verilog file 'C:/Users/eing/Documents/GitHub/e155-lab2/fpga/lab2_ei/source/impl_1/lab2_ei.sv' (VERI-1482)
-- Analyzing Verilog file 'C:/Users/eing/Documents/GitHub/e155-lab2/fpga/lab2_ei/source/impl_1/lab2_scanning.sv' (VERI-1482)
-- Analyzing Verilog file 'C:/Users/eing/Documents/GitHub/e155-lab2/fpga/lab2_ei/source/impl_1/lab2_ei_tb.sv' (VERI-1482)
-- Analyzing Verilog file 'C:/lscc/radiant/2026.1/cae_library/synthesis/verilog/iCE40UP.v' (VERI-1482)
-- Analyzing Verilog file 'C:/Users/eing/Documents/GitHub/e155-lab2/fpga/lab2_ei/source/impl_1/lab2_7_seg_decoder.sv' (VERI-1482)
-- Analyzing Verilog file 'C:/Users/eing/Documents/GitHub/e155-lab2/fpga/lab2_ei/source/impl_1/lab2_counter.sv' (VERI-1482)
-- Analyzing Verilog file 'C:/Users/eing/Documents/GitHub/e155-lab2/fpga/lab2_ei/source/impl_1/lab2_ei.sv' (VERI-1482)
-- Analyzing Verilog file 'C:/Users/eing/Documents/GitHub/e155-lab2/fpga/lab2_ei/source/impl_1/lab2_scanning.sv' (VERI-1482)
-- Analyzing Verilog file 'C:/Users/eing/Documents/GitHub/e155-lab2/fpga/lab2_ei/source/impl_1/lab2_ei_tb.sv' (VERI-1482)
-- Analyzing Verilog file 'C:/lscc/radiant/2026.1/cae_library/synthesis/verilog/iCE40UP.v' (VERI-1482)
-- Analyzing Verilog file 'C:/Users/eing/Documents/GitHub/e155-lab2/fpga/lab2_ei/source/impl_1/lab2_7_seg_decoder.sv' (VERI-1482)
-- Analyzing Verilog file 'C:/Users/eing/Documents/GitHub/e155-lab2/fpga/lab2_ei/source/impl_1/lab2_counter.sv' (VERI-1482)
-- Analyzing Verilog file 'C:/Users/eing/Documents/GitHub/e155-lab2/fpga/lab2_ei/source/impl_1/lab2_ei.sv' (VERI-1482)
-- Analyzing Verilog file 'C:/Users/eing/Documents/GitHub/e155-lab2/fpga/lab2_ei/source/impl_1/lab2_scanning.sv' (VERI-1482)
-- Analyzing Verilog file 'C:/Users/eing/Documents/GitHub/e155-lab2/fpga/lab2_ei/source/impl_1/lab2_ei_tb.sv' (VERI-1482)
-- Analyzing Verilog file 'C:/lscc/radiant/2026.1/cae_library/synthesis/verilog/iCE40UP.v' (VERI-1482)
-- Analyzing Verilog file 'C:/Users/eing/Documents/GitHub/e155-lab2/fpga/lab2_ei/source/impl_1/lab2_7_seg_decoder.sv' (VERI-1482)
-- Analyzing Verilog file 'C:/Users/eing/Documents/GitHub/e155-lab2/fpga/lab2_ei/source/impl_1/lab2_counter.sv' (VERI-1482)
-- Analyzing Verilog file 'C:/Users/eing/Documents/GitHub/e155-lab2/fpga/lab2_ei/source/impl_1/lab2_ei.sv' (VERI-1482)
-- Analyzing Verilog file 'C:/Users/eing/Documents/GitHub/e155-lab2/fpga/lab2_ei/source/impl_1/lab2_scanning.sv' (VERI-1482)
-- Analyzing Verilog file 'C:/Users/eing/Documents/GitHub/e155-lab2/fpga/lab2_ei/source/impl_1/lab2_ei_tb.sv' (VERI-1482)
-- Analyzing Verilog file 'C:/lscc/radiant/2026.1/cae_library/synthesis/verilog/iCE40UP.v' (VERI-1482)
-- Analyzing Verilog file 'C:/Users/eing/Documents/GitHub/e155-lab2/fpga/lab2_ei/source/impl_1/lab2_7_seg_decoder.sv' (VERI-1482)
-- Analyzing Verilog file 'C:/Users/eing/Documents/GitHub/e155-lab2/fpga/lab2_ei/source/impl_1/lab2_counter.sv' (VERI-1482)
-- Analyzing Verilog file 'C:/Users/eing/Documents/GitHub/e155-lab2/fpga/lab2_ei/source/impl_1/lab2_ei.sv' (VERI-1482)
-- Analyzing Verilog file 'C:/Users/eing/Documents/GitHub/e155-lab2/fpga/lab2_ei/source/impl_1/lab2_scanning.sv' (VERI-1482)
-- Analyzing Verilog file 'C:/Users/eing/Documents/GitHub/e155-lab2/fpga/lab2_ei/source/impl_1/lab2_ei_tb.sv' (VERI-1482)
-- Analyzing Verilog file 'C:/lscc/radiant/2026.1/cae_library/synthesis/verilog/iCE40UP.v' (VERI-1482)
-- Analyzing Verilog file 'C:/Users/eing/Documents/GitHub/e155-lab2/fpga/lab2_ei/source/impl_1/lab2_7_seg_decoder.sv' (VERI-1482)
-- Analyzing Verilog file 'C:/Users/eing/Documents/GitHub/e155-lab2/fpga/lab2_ei/source/impl_1/lab2_counter.sv' (VERI-1482)
-- Analyzing Verilog file 'C:/Users/eing/Documents/GitHub/e155-lab2/fpga/lab2_ei/source/impl_1/lab2_ei.sv' (VERI-1482)
-- Analyzing Verilog file 'C:/Users/eing/Documents/GitHub/e155-lab2/fpga/lab2_ei/source/impl_1/lab2_scanning.sv' (VERI-1482)
-- Analyzing Verilog file 'C:/Users/eing/Documents/GitHub/e155-lab2/fpga/lab2_ei/source/impl_1/lab2_ei_tb.sv' (VERI-1482)
-- Analyzing Verilog file 'C:/lscc/radiant/2026.1/cae_library/synthesis/verilog/iCE40UP.v' (VERI-1482)
-- Analyzing Verilog file 'C:/Users/eing/Documents/GitHub/e155-lab2/fpga/lab2_ei/source/impl_1/lab2_7_seg_decoder.sv' (VERI-1482)
-- Analyzing Verilog file 'C:/Users/eing/Documents/GitHub/e155-lab2/fpga/lab2_ei/source/impl_1/lab2_counter.sv' (VERI-1482)
-- Analyzing Verilog file 'C:/Users/eing/Documents/GitHub/e155-lab2/fpga/lab2_ei/source/impl_1/lab2_ei.sv' (VERI-1482)
-- Analyzing Verilog file 'C:/Users/eing/Documents/GitHub/e155-lab2/fpga/lab2_ei/source/impl_1/lab2_scanning.sv' (VERI-1482)
-- Analyzing Verilog file 'C:/Users/eing/Documents/GitHub/e155-lab2/fpga/lab2_ei/source/impl_1/lab2_ei_tb.sv' (VERI-1482)
-- Analyzing Verilog file 'C:/lscc/radiant/2026.1/cae_library/synthesis/verilog/iCE40UP.v' (VERI-1482)
-- Analyzing Verilog file 'C:/Users/eing/Documents/GitHub/e155-lab2/fpga/lab2_ei/source/impl_1/lab2_7_seg_decoder.sv' (VERI-1482)
-- Analyzing Verilog file 'C:/Users/eing/Documents/GitHub/e155-lab2/fpga/lab2_ei/source/impl_1/lab2_counter.sv' (VERI-1482)
-- Analyzing Verilog file 'C:/Users/eing/Documents/GitHub/e155-lab2/fpga/lab2_ei/source/impl_1/lab2_ei.sv' (VERI-1482)
-- Analyzing Verilog file 'C:/Users/eing/Documents/GitHub/e155-lab2/fpga/lab2_ei/source/impl_1/lab2_scanning.sv' (VERI-1482)
-- Analyzing Verilog file 'C:/Users/eing/Documents/GitHub/e155-lab2/fpga/lab2_ei/source/impl_1/lab2_ei_tb.sv' (VERI-1482)
-- Analyzing Verilog file 'C:/lscc/radiant/2026.1/cae_library/synthesis/verilog/iCE40UP.v' (VERI-1482)
-- Analyzing Verilog file 'C:/Users/eing/Documents/GitHub/e155-lab2/fpga/lab2_ei/source/impl_1/lab2_7_seg_decoder.sv' (VERI-1482)
-- Analyzing Verilog file 'C:/Users/eing/Documents/GitHub/e155-lab2/fpga/lab2_ei/source/impl_1/lab2_counter.sv' (VERI-1482)
-- Analyzing Verilog file 'C:/Users/eing/Documents/GitHub/e155-lab2/fpga/lab2_ei/source/impl_1/lab2_ei.sv' (VERI-1482)
-- Analyzing Verilog file 'C:/Users/eing/Documents/GitHub/e155-lab2/fpga/lab2_ei/source/impl_1/lab2_scanning.sv' (VERI-1482)
-- Analyzing Verilog file 'C:/Users/eing/Documents/GitHub/e155-lab2/fpga/lab2_ei/source/impl_1/lab2_ei_tb.sv' (VERI-1482)
-- Analyzing Verilog file 'C:/lscc/radiant/2026.1/cae_library/synthesis/verilog/iCE40UP.v' (VERI-1482)
-- Analyzing Verilog file 'C:/Users/eing/Documents/GitHub/e155-lab2/fpga/lab2_ei/source/impl_1/lab2_7_seg_decoder.sv' (VERI-1482)
-- Analyzing Verilog file 'C:/Users/eing/Documents/GitHub/e155-lab2/fpga/lab2_ei/source/impl_1/lab2_counter.sv' (VERI-1482)
-- Analyzing Verilog file 'C:/Users/eing/Documents/GitHub/e155-lab2/fpga/lab2_ei/source/impl_1/lab2_ei.sv' (VERI-1482)
-- Analyzing Verilog file 'C:/Users/eing/Documents/GitHub/e155-lab2/fpga/lab2_ei/source/impl_1/lab2_scanning.sv' (VERI-1482)
-- Analyzing Verilog file 'C:/Users/eing/Documents/GitHub/e155-lab2/fpga/lab2_ei/source/impl_1/lab2_ei_tb.sv' (VERI-1482)
