# *** Summary *********************************************
#     qrun: Errors:   0, Warnings:   0
#     vlog: Errors:   0, Warnings:   0
#     vopt: Errors:   0, Warnings:   5
#   Totals: Errors:   0, Warnings:   5
# ** Note: (vsim-220) 'C:/lscc/radiant/2026.1/questasim/win64/../modelsim.ini' is used as the ini file.
# vsim -L work -L pmi_work -L ovi_ice40up -lib qrun.out/work -wlf vsim.wlf -gui -do "view wave" -do "add wave /*" -do "run -all" -statslog qrun.out/stats_log qrun_opt -suppress vsim-7033,vsim-8630,3009,3389 -appendlog -l qrun.log 
# Start time: 22:47:19 on Sep 15,2026
# Loading sv_std.std
# Loading work.lab2_ei_tb(fast)
# Loading work.lab2_ei(fast)
# Loading ovi_ice40up.HSOSC(fast)
# Loading work.lab2_counter(fast)
# Loading work.lab2_scanning(fast)
# Loading work.lab2_counter(fast__1)
# Loading work.lab2_7_seg_decoder(fast)
# ** Warning: (vsim-3015) [PCDPC] - Port size (4) does not match connection size (3) for port 'led'. The port definition is at: C:/Users/eing/Documents/GitHub/e155-lab2/fpga/lab2_ei/source/impl_1/lab2_ei.sv(13).
#    Time: 0 ps  Iteration: 0  Instance: /lab2_ei_tb/dut File: C:/Users/eing/Documents/GitHub/e155-lab2/fpga/lab2_ei/source/impl_1/lab2_ei_tb.sv Line: 14
# view wave
# .main_pane.wave.interior.cs.body.pw.wf
# add wave /*
# run -all
# ** Error: FAILED! The power mux testing behaves incorrectly at time: 41000.
#    Time: 41 ns  Scope: lab2_ei_tb File: C:/Users/eing/Documents/GitHub/e155-lab2/fpga/lab2_ei/source/impl_1/lab2_ei_tb.sv Line: 36
# ** Error: FAILED! The power mux testing behaves incorrectly at time: 52000.
#    Time: 52 ns  Scope: lab2_ei_tb File: C:/Users/eing/Documents/GitHub/e155-lab2/fpga/lab2_ei/source/impl_1/lab2_ei_tb.sv Line: 42
# ** Error: FAILED! The switch mux testing behaves incorrectly at time: 104000.
#    Time: 104 ns  Scope: lab2_ei_tb File: C:/Users/eing/Documents/GitHub/e155-lab2/fpga/lab2_ei/source/impl_1/lab2_ei_tb.sv Line: 54
# ** Error: FAILED! The switch mux testing behaves incorrectly at time: 115000.
#    Time: 115 ns  Scope: lab2_ei_tb File: C:/Users/eing/Documents/GitHub/e155-lab2/fpga/lab2_ei/source/impl_1/lab2_ei_tb.sv Line: 60
# ** Error: FAILED! The led driving functionality behaves incorrectly at time: 179000.
#    Time: 179 ns  Scope: lab2_ei_tb File: C:/Users/eing/Documents/GitHub/e155-lab2/fpga/lab2_ei/source/impl_1/lab2_ei_tb.sv Line: 76
# PASSED! The led driving functionality behaves as desired at time: 189000.
# PASSED! The led driving functionality behaves as desired at time: 199000.
# PASSED! The led driving functionality behaves as desired at time: 209000.
# ** Note: $stop    : C:/Users/eing/Documents/GitHub/e155-lab2/fpga/lab2_ei/source/impl_1/lab2_ei_tb.sv(102)
#    Time: 309 ns  Iteration: 0  Instance: /lab2_ei_tb
# Break in Module lab2_ei_tb at C:/Users/eing/Documents/GitHub/e155-lab2/fpga/lab2_ei/source/impl_1/lab2_ei_tb.sv line 102
# End time: 22:49:16 on Sep 15,2026, Elapsed time: 0:01:57
# Errors: 5, Warnings: 1
# *** Summary *********************************************
#     qrun: Errors:   0, Warnings:   0
#     vlog: Errors:   0, Warnings:   0
#     vopt: Errors:   0, Warnings:   4
#   Totals: Errors:   0, Warnings:   4
# ** Note: (vsim-220) 'C:/lscc/radiant/2026.1/questasim/win64/../modelsim.ini' is used as the ini file.
# vsim -L work -L pmi_work -L ovi_ice40up -lib qrun.out/work -wlf vsim.wlf -gui -do "view wave" -do "add wave /*" -do "run -all" -statslog qrun.out/stats_log qrun_opt -suppress vsim-7033,vsim-8630,3009,3389 -appendlog -l qrun.log 
# Start time: 22:58:59 on Sep 15,2026
# Loading sv_std.std
# Loading work.lab2_ei_tb(fast)
# Loading work.lab2_ei(fast)
# Loading ovi_ice40up.HSOSC(fast)
# Loading work.lab2_counter(fast)
# Loading work.lab2_scanning(fast)
# Loading work.lab2_counter(fast__1)
# Loading work.lab2_7_seg_decoder(fast)
# ** Warning: (vsim-3015) [PCDPC] - Port size (4) does not match connection size (3) for port 'led'. The port definition is at: C:/Users/eing/Documents/GitHub/e155-lab2/fpga/lab2_ei/source/impl_1/lab2_ei.sv(13).
#    Time: 0 ps  Iteration: 0  Instance: /lab2_ei_tb/dut File: C:/Users/eing/Documents/GitHub/e155-lab2/fpga/lab2_ei/source/impl_1/lab2_ei_tb.sv Line: 14
# view wave
# .main_pane.wave.interior.cs.body.pw.wf
# add wave /*
# run -all
# ** Error: FAILED! The power mux testing behaves incorrectly at time: 41000.
#    Time: 41 ns  Scope: lab2_ei_tb File: C:/Users/eing/Documents/GitHub/e155-lab2/fpga/lab2_ei/source/impl_1/lab2_ei_tb.sv Line: 37
# ** Error: FAILED! The power mux testing behaves incorrectly at time: 52000.
#    Time: 52 ns  Scope: lab2_ei_tb File: C:/Users/eing/Documents/GitHub/e155-lab2/fpga/lab2_ei/source/impl_1/lab2_ei_tb.sv Line: 43
# ** Error: FAILED! The switch mux testing behaves incorrectly at time: 104000.
#    Time: 104 ns  Scope: lab2_ei_tb File: C:/Users/eing/Documents/GitHub/e155-lab2/fpga/lab2_ei/source/impl_1/lab2_ei_tb.sv Line: 55
# ** Error: FAILED! The switch mux testing behaves incorrectly at time: 115000.
#    Time: 115 ns  Scope: lab2_ei_tb File: C:/Users/eing/Documents/GitHub/e155-lab2/fpga/lab2_ei/source/impl_1/lab2_ei_tb.sv Line: 61
# ** Error: FAILED! The led driving functionality behaves incorrectly at time: 179000.
#    Time: 179 ns  Scope: lab2_ei_tb File: C:/Users/eing/Documents/GitHub/e155-lab2/fpga/lab2_ei/source/impl_1/lab2_ei_tb.sv Line: 77
# PASSED! The led driving functionality behaves as desired at time: 189000.
# PASSED! The led driving functionality behaves as desired at time: 199000.
# PASSED! The led driving functionality behaves as desired at time: 209000.
# ** Note: $stop    : C:/Users/eing/Documents/GitHub/e155-lab2/fpga/lab2_ei/source/impl_1/lab2_ei_tb.sv(103)
#    Time: 309 ns  Iteration: 0  Instance: /lab2_ei_tb
# Break in Module lab2_ei_tb at C:/Users/eing/Documents/GitHub/e155-lab2/fpga/lab2_ei/source/impl_1/lab2_ei_tb.sv line 103
# End time: 23:00:40 on Sep 15,2026, Elapsed time: 0:01:41
# Errors: 5, Warnings: 1
# *** Summary *********************************************
#     qrun: Errors:   0, Warnings:   0
#     vlog: Errors:   0, Warnings:   0
#     vopt: Errors:   0, Warnings:   4
#   Totals: Errors:   0, Warnings:   4
# ** Note: (vsim-220) 'C:/lscc/radiant/2026.1/questasim/win64/../modelsim.ini' is used as the ini file.
# vsim -L work -L pmi_work -L ovi_ice40up -lib qrun.out/work -wlf vsim.wlf -gui -do "view wave" -do "add wave /*" -do "run -all" -statslog qrun.out/stats_log qrun_opt -suppress vsim-7033,vsim-8630,3009,3389 -appendlog -l qrun.log 
# Start time: 23:02:27 on Sep 15,2026
# Loading sv_std.std
# Loading work.lab2_ei_tb(fast)
# Loading work.lab2_ei(fast)
# Loading ovi_ice40up.HSOSC(fast)
# Loading work.lab2_counter(fast)
# Loading work.lab2_scanning(fast)
# Loading work.lab2_counter(fast__1)
# Loading work.lab2_7_seg_decoder(fast)
# view wave
# .main_pane.wave.interior.cs.body.pw.wf
# add wave /*
# run -all
# ** Error: FAILED! The power mux testing behaves incorrectly at time: 41000.
#    Time: 41 ns  Scope: lab2_ei_tb File: C:/Users/eing/Documents/GitHub/e155-lab2/fpga/lab2_ei/source/impl_1/lab2_ei_tb.sv Line: 40
# ** Error: FAILED! The power mux testing behaves incorrectly at time: 52000.
#    Time: 52 ns  Scope: lab2_ei_tb File: C:/Users/eing/Documents/GitHub/e155-lab2/fpga/lab2_ei/source/impl_1/lab2_ei_tb.sv Line: 46
# ** Error: FAILED! The switch mux testing behaves incorrectly at time: 104000.
#    Time: 104 ns  Scope: lab2_ei_tb File: C:/Users/eing/Documents/GitHub/e155-lab2/fpga/lab2_ei/source/impl_1/lab2_ei_tb.sv Line: 58
# ** Error: FAILED! The switch mux testing behaves incorrectly at time: 115000.
#    Time: 115 ns  Scope: lab2_ei_tb File: C:/Users/eing/Documents/GitHub/e155-lab2/fpga/lab2_ei/source/impl_1/lab2_ei_tb.sv Line: 64
# PASSED! The led driving functionality behaves as desired at time: 179000.
# PASSED! The led driving functionality behaves as desired at time: 189000.
# PASSED! The led driving functionality behaves as desired at time: 199000.
# PASSED! The led driving functionality behaves as desired at time: 209000.
# ** Note: $stop    : C:/Users/eing/Documents/GitHub/e155-lab2/fpga/lab2_ei/source/impl_1/lab2_ei_tb.sv(106)
#    Time: 309 ns  Iteration: 0  Instance: /lab2_ei_tb
# Break in Module lab2_ei_tb at C:/Users/eing/Documents/GitHub/e155-lab2/fpga/lab2_ei/source/impl_1/lab2_ei_tb.sv line 106
# End time: 23:04:39 on Sep 15,2026, Elapsed time: 0:02:12
# Errors: 4, Warnings: 0
# *** Summary *********************************************
#     qrun: Errors:   0, Warnings:   0
#     vlog: Errors:   0, Warnings:   0
#     vopt: Errors:   0, Warnings:   4
#   Totals: Errors:   0, Warnings:   4
# ** Note: (vsim-220) 'C:/lscc/radiant/2026.1/questasim/win64/../modelsim.ini' is used as the ini file.
# vsim -L work -L pmi_work -L ovi_ice40up -lib qrun.out/work -wlf vsim.wlf -gui -do "view wave" -do "add wave /*" -do "run -all" -statslog qrun.out/stats_log qrun_opt -suppress vsim-7033,vsim-8630,3009,3389 -appendlog -l qrun.log 
# Start time: 23:11:56 on Sep 15,2026
# Loading sv_std.std
# Loading work.lab2_ei_tb(fast)
# Loading work.lab2_ei(fast)
# Loading ovi_ice40up.HSOSC(fast)
# Loading work.lab2_counter(fast)
# Loading work.lab2_scanning(fast)
# Loading work.lab2_counter(fast__1)
# Loading work.lab2_7_seg_decoder(fast)
# view wave
# .main_pane.wave.interior.cs.body.pw.wf
# add wave /*
# run -all
# ** Error: FAILED! The power mux testing behaves incorrectly at time: 60000.
#    Time: 60 ns  Scope: lab2_ei_tb File: C:/Users/eing/Documents/GitHub/e155-lab2/fpga/lab2_ei/source/impl_1/lab2_ei_tb.sv Line: 40
# ** Error: FAILED! The power mux testing behaves incorrectly at time: 71000.
#    Time: 71 ns  Scope: lab2_ei_tb File: C:/Users/eing/Documents/GitHub/e155-lab2/fpga/lab2_ei/source/impl_1/lab2_ei_tb.sv Line: 46
# ** Error: FAILED! The switch mux testing behaves incorrectly at time: 123000.
#    Time: 123 ns  Scope: lab2_ei_tb File: C:/Users/eing/Documents/GitHub/e155-lab2/fpga/lab2_ei/source/impl_1/lab2_ei_tb.sv Line: 58
# ** Error: FAILED! The switch mux testing behaves incorrectly at time: 134000.
#    Time: 134 ns  Scope: lab2_ei_tb File: C:/Users/eing/Documents/GitHub/e155-lab2/fpga/lab2_ei/source/impl_1/lab2_ei_tb.sv Line: 64
# PASSED! The led driving functionality behaves as desired at time: 198000.
# PASSED! The led driving functionality behaves as desired at time: 208000.
# PASSED! The led driving functionality behaves as desired at time: 218000.
# PASSED! The led driving functionality behaves as desired at time: 228000.
# ** Note: $stop    : C:/Users/eing/Documents/GitHub/e155-lab2/fpga/lab2_ei/source/impl_1/lab2_ei_tb.sv(106)
#    Time: 328 ns  Iteration: 0  Instance: /lab2_ei_tb
# Break in Module lab2_ei_tb at C:/Users/eing/Documents/GitHub/e155-lab2/fpga/lab2_ei/source/impl_1/lab2_ei_tb.sv line 106
add wave -position end  sim:/lab2_ei_tb/dut/clk_new_scanner
# End time: 23:19:39 on Sep 15,2026, Elapsed time: 0:07:43
# Errors: 4, Warnings: 0
# *** Summary *********************************************
#     qrun: Errors:   0, Warnings:   0
#     vlog: Errors:   0, Warnings:   0
#     vopt: Errors:   0, Warnings:   4
#   Totals: Errors:   0, Warnings:   4
# ** Note: (vsim-220) 'C:/lscc/radiant/2026.1/questasim/win64/../modelsim.ini' is used as the ini file.
# vsim -L work -L pmi_work -L ovi_ice40up -lib qrun.out/work -wlf vsim.wlf -gui -do "view wave" -do "add wave /*" -do "run -all" -statslog qrun.out/stats_log qrun_opt -suppress vsim-7033,vsim-8630,3009,3389 -appendlog -l qrun.log 
# Start time: 23:21:04 on Sep 15,2026
# Loading sv_std.std
# Loading work.lab2_ei_tb(fast)
# Loading work.lab2_ei(fast)
# Loading ovi_ice40up.HSOSC(fast)
# Loading work.lab2_counter(fast)
# Loading work.lab2_scanning(fast)
# Loading work.lab2_counter(fast__1)
# Loading work.lab2_7_seg_decoder(fast)
# view wave
# .main_pane.wave.interior.cs.body.pw.wf
# add wave /*
# run -all
# ** Error: FAILED! The power mux testing behaves incorrectly at time: 60000.
#    Time: 60 ns  Scope: lab2_ei_tb File: C:/Users/eing/Documents/GitHub/e155-lab2/fpga/lab2_ei/source/impl_1/lab2_ei_tb.sv Line: 40
# ** Error: FAILED! The power mux testing behaves incorrectly at time: 71000.
#    Time: 71 ns  Scope: lab2_ei_tb File: C:/Users/eing/Documents/GitHub/e155-lab2/fpga/lab2_ei/source/impl_1/lab2_ei_tb.sv Line: 46
# ** Error: FAILED! The switch mux testing behaves incorrectly at time: 123000.
#    Time: 123 ns  Scope: lab2_ei_tb File: C:/Users/eing/Documents/GitHub/e155-lab2/fpga/lab2_ei/source/impl_1/lab2_ei_tb.sv Line: 58
# ** Error: FAILED! The switch mux testing behaves incorrectly at time: 134000.
#    Time: 134 ns  Scope: lab2_ei_tb File: C:/Users/eing/Documents/GitHub/e155-lab2/fpga/lab2_ei/source/impl_1/lab2_ei_tb.sv Line: 64
# PASSED! The led driving functionality behaves as desired at time: 198000.
# PASSED! The led driving functionality behaves as desired at time: 208000.
# PASSED! The led driving functionality behaves as desired at time: 218000.
# PASSED! The led driving functionality behaves as desired at time: 228000.
# ** Note: $stop    : C:/Users/eing/Documents/GitHub/e155-lab2/fpga/lab2_ei/source/impl_1/lab2_ei_tb.sv(106)
#    Time: 328 ns  Iteration: 0  Instance: /lab2_ei_tb
# Break in Module lab2_ei_tb at C:/Users/eing/Documents/GitHub/e155-lab2/fpga/lab2_ei/source/impl_1/lab2_ei_tb.sv line 106
add wave -position end  sim:/lab2_ei_tb/dut/clk_new_scanner
restart -f
# ** Note: (vsim-12125) Error and warning message counts have been reset to '0' because of 'restart'.
# Loading work.lab2_ei_tb(fast)
# Loading work.lab2_ei(fast)
# Loading ovi_ice40up.HSOSC(fast)
# Loading work.lab2_counter(fast)
# Loading work.lab2_scanning(fast)
# Loading work.lab2_counter(fast__1)
# Loading work.lab2_7_seg_decoder(fast)
run -all
# ** Error: FAILED! The power mux testing behaves incorrectly at time: 60000.
#    Time: 60 ns  Scope: lab2_ei_tb File: C:/Users/eing/Documents/GitHub/e155-lab2/fpga/lab2_ei/source/impl_1/lab2_ei_tb.sv Line: 40
# ** Error: FAILED! The power mux testing behaves incorrectly at time: 71000.
#    Time: 71 ns  Scope: lab2_ei_tb File: C:/Users/eing/Documents/GitHub/e155-lab2/fpga/lab2_ei/source/impl_1/lab2_ei_tb.sv Line: 46
# ** Error: FAILED! The switch mux testing behaves incorrectly at time: 123000.
#    Time: 123 ns  Scope: lab2_ei_tb File: C:/Users/eing/Documents/GitHub/e155-lab2/fpga/lab2_ei/source/impl_1/lab2_ei_tb.sv Line: 58
# ** Error: FAILED! The switch mux testing behaves incorrectly at time: 134000.
#    Time: 134 ns  Scope: lab2_ei_tb File: C:/Users/eing/Documents/GitHub/e155-lab2/fpga/lab2_ei/source/impl_1/lab2_ei_tb.sv Line: 64
# PASSED! The led driving functionality behaves as desired at time: 198000.
# PASSED! The led driving functionality behaves as desired at time: 208000.
# PASSED! The led driving functionality behaves as desired at time: 218000.
# PASSED! The led driving functionality behaves as desired at time: 228000.
# ** Note: $stop    : C:/Users/eing/Documents/GitHub/e155-lab2/fpga/lab2_ei/source/impl_1/lab2_ei_tb.sv(106)
#    Time: 328 ns  Iteration: 0  Instance: /lab2_ei_tb
# Break in Module lab2_ei_tb at C:/Users/eing/Documents/GitHub/e155-lab2/fpga/lab2_ei/source/impl_1/lab2_ei_tb.sv line 106
# End time: 23:23:21 on Sep 15,2026, Elapsed time: 0:02:17
# Errors: 4, Warnings: 0
# *** Summary *********************************************
#     qrun: Errors:   0, Warnings:   0
#     vlog: Errors:   0, Warnings:   0
#     vopt: Errors:   0, Warnings:   4
#   Totals: Errors:   0, Warnings:   4
# ** Note: (vsim-220) 'C:/lscc/radiant/2026.1/questasim/win64/../modelsim.ini' is used as the ini file.
# vsim -L work -L pmi_work -L ovi_ice40up -lib qrun.out/work -wlf vsim.wlf -gui -do "view wave" -do "add wave /*" -do "run -all" -statslog qrun.out/stats_log qrun_opt -suppress vsim-7033,vsim-8630,3009,3389 -appendlog -l qrun.log 
# Start time: 23:23:41 on Sep 15,2026
# Loading sv_std.std
# Loading work.lab2_ei_tb(fast)
# Loading work.lab2_ei(fast)
# Loading ovi_ice40up.HSOSC(fast)
# Loading work.lab2_counter(fast)
# Loading work.lab2_scanning(fast)
# Loading work.lab2_counter(fast__1)
# Loading work.lab2_7_seg_decoder(fast)
# view wave
# .main_pane.wave.interior.cs.body.pw.wf
# add wave /*
# run -all
# ** Error: FAILED! The power mux testing behaves incorrectly at time: 60000.
#    Time: 60 ns  Scope: lab2_ei_tb File: C:/Users/eing/Documents/GitHub/e155-lab2/fpga/lab2_ei/source/impl_1/lab2_ei_tb.sv Line: 40
# ** Error: FAILED! The power mux testing behaves incorrectly at time: 71000.
#    Time: 71 ns  Scope: lab2_ei_tb File: C:/Users/eing/Documents/GitHub/e155-lab2/fpga/lab2_ei/source/impl_1/lab2_ei_tb.sv Line: 46
# ** Error: FAILED! The switch mux testing behaves incorrectly at time: 123000.
#    Time: 123 ns  Scope: lab2_ei_tb File: C:/Users/eing/Documents/GitHub/e155-lab2/fpga/lab2_ei/source/impl_1/lab2_ei_tb.sv Line: 58
# ** Error: FAILED! The switch mux testing behaves incorrectly at time: 134000.
#    Time: 134 ns  Scope: lab2_ei_tb File: C:/Users/eing/Documents/GitHub/e155-lab2/fpga/lab2_ei/source/impl_1/lab2_ei_tb.sv Line: 64
# PASSED! The led driving functionality behaves as desired at time: 198000.
# PASSED! The led driving functionality behaves as desired at time: 208000.
# PASSED! The led driving functionality behaves as desired at time: 218000.
# PASSED! The led driving functionality behaves as desired at time: 228000.
# ** Note: $stop    : C:/Users/eing/Documents/GitHub/e155-lab2/fpga/lab2_ei/source/impl_1/lab2_ei_tb.sv(106)
#    Time: 328 ns  Iteration: 0  Instance: /lab2_ei_tb
# Break in Module lab2_ei_tb at C:/Users/eing/Documents/GitHub/e155-lab2/fpga/lab2_ei/source/impl_1/lab2_ei_tb.sv line 106
add wave -position end  sim:/lab2_ei_tb/dut/clk_new_counter
restart -f
# ** Note: (vsim-12125) Error and warning message counts have been reset to '0' because of 'restart'.
# Loading work.lab2_ei_tb(fast)
# Loading work.lab2_ei(fast)
# Loading ovi_ice40up.HSOSC(fast)
# Loading work.lab2_counter(fast)
# Loading work.lab2_scanning(fast)
# Loading work.lab2_counter(fast__1)
# Loading work.lab2_7_seg_decoder(fast)
run -all
# ** Error: FAILED! The power mux testing behaves incorrectly at time: 60000.
#    Time: 60 ns  Scope: lab2_ei_tb File: C:/Users/eing/Documents/GitHub/e155-lab2/fpga/lab2_ei/source/impl_1/lab2_ei_tb.sv Line: 40
# ** Error: FAILED! The power mux testing behaves incorrectly at time: 71000.
#    Time: 71 ns  Scope: lab2_ei_tb File: C:/Users/eing/Documents/GitHub/e155-lab2/fpga/lab2_ei/source/impl_1/lab2_ei_tb.sv Line: 46
# ** Error: FAILED! The switch mux testing behaves incorrectly at time: 123000.
#    Time: 123 ns  Scope: lab2_ei_tb File: C:/Users/eing/Documents/GitHub/e155-lab2/fpga/lab2_ei/source/impl_1/lab2_ei_tb.sv Line: 58
# ** Error: FAILED! The switch mux testing behaves incorrectly at time: 134000.
#    Time: 134 ns  Scope: lab2_ei_tb File: C:/Users/eing/Documents/GitHub/e155-lab2/fpga/lab2_ei/source/impl_1/lab2_ei_tb.sv Line: 64
# PASSED! The led driving functionality behaves as desired at time: 198000.
# PASSED! The led driving functionality behaves as desired at time: 208000.
# PASSED! The led driving functionality behaves as desired at time: 218000.
# PASSED! The led driving functionality behaves as desired at time: 228000.
# ** Note: $stop    : C:/Users/eing/Documents/GitHub/e155-lab2/fpga/lab2_ei/source/impl_1/lab2_ei_tb.sv(106)
#    Time: 328 ns  Iteration: 0  Instance: /lab2_ei_tb
# Break in Module lab2_ei_tb at C:/Users/eing/Documents/GitHub/e155-lab2/fpga/lab2_ei/source/impl_1/lab2_ei_tb.sv line 106
add wave -position end  sim:/lab2_ei_tb/dut/clk
restart -f
# ** Note: (vsim-12125) Error and warning message counts have been reset to '0' because of 'restart'.
# Loading work.lab2_ei_tb(fast)
# Loading work.lab2_ei(fast)
# Loading ovi_ice40up.HSOSC(fast)
# Loading work.lab2_counter(fast)
# Loading work.lab2_scanning(fast)
# Loading work.lab2_counter(fast__1)
# Loading work.lab2_7_seg_decoder(fast)
run -all
# ** Error: FAILED! The power mux testing behaves incorrectly at time: 60000.
#    Time: 60 ns  Scope: lab2_ei_tb File: C:/Users/eing/Documents/GitHub/e155-lab2/fpga/lab2_ei/source/impl_1/lab2_ei_tb.sv Line: 40
# ** Error: FAILED! The power mux testing behaves incorrectly at time: 71000.
#    Time: 71 ns  Scope: lab2_ei_tb File: C:/Users/eing/Documents/GitHub/e155-lab2/fpga/lab2_ei/source/impl_1/lab2_ei_tb.sv Line: 46
# ** Error: FAILED! The switch mux testing behaves incorrectly at time: 123000.
#    Time: 123 ns  Scope: lab2_ei_tb File: C:/Users/eing/Documents/GitHub/e155-lab2/fpga/lab2_ei/source/impl_1/lab2_ei_tb.sv Line: 58
# ** Error: FAILED! The switch mux testing behaves incorrectly at time: 134000.
#    Time: 134 ns  Scope: lab2_ei_tb File: C:/Users/eing/Documents/GitHub/e155-lab2/fpga/lab2_ei/source/impl_1/lab2_ei_tb.sv Line: 64
# PASSED! The led driving functionality behaves as desired at time: 198000.
# PASSED! The led driving functionality behaves as desired at time: 208000.
# PASSED! The led driving functionality behaves as desired at time: 218000.
# PASSED! The led driving functionality behaves as desired at time: 228000.
# ** Note: $stop    : C:/Users/eing/Documents/GitHub/e155-lab2/fpga/lab2_ei/source/impl_1/lab2_ei_tb.sv(106)
#    Time: 328 ns  Iteration: 0  Instance: /lab2_ei_tb
# Break in Module lab2_ei_tb at C:/Users/eing/Documents/GitHub/e155-lab2/fpga/lab2_ei/source/impl_1/lab2_ei_tb.sv line 106
add wave -position end  sim:/lab2_ei_tb/dut/lab2_counter_inst/clk_state
add wave -position end  sim:/lab2_ei_tb/dut/lab2_counter_inst/clk
add wave -position end  sim:/lab2_ei_tb/dut/lab2_counter_inst/counter
restart -f
# ** Note: (vsim-12125) Error and warning message counts have been reset to '0' because of 'restart'.
# Loading work.lab2_ei_tb(fast)
# Loading work.lab2_ei(fast)
# Loading ovi_ice40up.HSOSC(fast)
# Loading work.lab2_counter(fast)
# Loading work.lab2_scanning(fast)
# Loading work.lab2_counter(fast__1)
# Loading work.lab2_7_seg_decoder(fast)
run -all
# ** Error: FAILED! The power mux testing behaves incorrectly at time: 60000.
#    Time: 60 ns  Scope: lab2_ei_tb File: C:/Users/eing/Documents/GitHub/e155-lab2/fpga/lab2_ei/source/impl_1/lab2_ei_tb.sv Line: 40
# ** Error: FAILED! The power mux testing behaves incorrectly at time: 71000.
#    Time: 71 ns  Scope: lab2_ei_tb File: C:/Users/eing/Documents/GitHub/e155-lab2/fpga/lab2_ei/source/impl_1/lab2_ei_tb.sv Line: 46
# ** Error: FAILED! The switch mux testing behaves incorrectly at time: 123000.
#    Time: 123 ns  Scope: lab2_ei_tb File: C:/Users/eing/Documents/GitHub/e155-lab2/fpga/lab2_ei/source/impl_1/lab2_ei_tb.sv Line: 58
# ** Error: FAILED! The switch mux testing behaves incorrectly at time: 134000.
#    Time: 134 ns  Scope: lab2_ei_tb File: C:/Users/eing/Documents/GitHub/e155-lab2/fpga/lab2_ei/source/impl_1/lab2_ei_tb.sv Line: 64
# PASSED! The led driving functionality behaves as desired at time: 198000.
# PASSED! The led driving functionality behaves as desired at time: 208000.
# PASSED! The led driving functionality behaves as desired at time: 218000.
# PASSED! The led driving functionality behaves as desired at time: 228000.
# ** Note: $stop    : C:/Users/eing/Documents/GitHub/e155-lab2/fpga/lab2_ei/source/impl_1/lab2_ei_tb.sv(106)
#    Time: 328 ns  Iteration: 0  Instance: /lab2_ei_tb
# Break in Module lab2_ei_tb at C:/Users/eing/Documents/GitHub/e155-lab2/fpga/lab2_ei/source/impl_1/lab2_ei_tb.sv line 106
add wave -position end  sim:/lab2_ei_tb/dut/lab2_counter_inst/count_state
restart -f
# ** Note: (vsim-12125) Error and warning message counts have been reset to '0' because of 'restart'.
# Loading work.lab2_ei_tb(fast)
# Loading work.lab2_ei(fast)
# Loading ovi_ice40up.HSOSC(fast)
# Loading work.lab2_counter(fast)
# Loading work.lab2_scanning(fast)
# Loading work.lab2_counter(fast__1)
# Loading work.lab2_7_seg_decoder(fast)
run -all
# ** Error: FAILED! The power mux testing behaves incorrectly at time: 60000.
#    Time: 60 ns  Scope: lab2_ei_tb File: C:/Users/eing/Documents/GitHub/e155-lab2/fpga/lab2_ei/source/impl_1/lab2_ei_tb.sv Line: 40
# ** Error: FAILED! The power mux testing behaves incorrectly at time: 71000.
#    Time: 71 ns  Scope: lab2_ei_tb File: C:/Users/eing/Documents/GitHub/e155-lab2/fpga/lab2_ei/source/impl_1/lab2_ei_tb.sv Line: 46
# ** Error: FAILED! The switch mux testing behaves incorrectly at time: 123000.
#    Time: 123 ns  Scope: lab2_ei_tb File: C:/Users/eing/Documents/GitHub/e155-lab2/fpga/lab2_ei/source/impl_1/lab2_ei_tb.sv Line: 58
# ** Error: FAILED! The switch mux testing behaves incorrectly at time: 134000.
#    Time: 134 ns  Scope: lab2_ei_tb File: C:/Users/eing/Documents/GitHub/e155-lab2/fpga/lab2_ei/source/impl_1/lab2_ei_tb.sv Line: 64
# PASSED! The led driving functionality behaves as desired at time: 198000.
# PASSED! The led driving functionality behaves as desired at time: 208000.
# PASSED! The led driving functionality behaves as desired at time: 218000.
# PASSED! The led driving functionality behaves as desired at time: 228000.
# ** Note: $stop    : C:/Users/eing/Documents/GitHub/e155-lab2/fpga/lab2_ei/source/impl_1/lab2_ei_tb.sv(106)
#    Time: 328 ns  Iteration: 0  Instance: /lab2_ei_tb
# Break in Module lab2_ei_tb at C:/Users/eing/Documents/GitHub/e155-lab2/fpga/lab2_ei/source/impl_1/lab2_ei_tb.sv line 106
# End time: 23:35:09 on Sep 15,2026, Elapsed time: 0:11:28
# Errors: 4, Warnings: 0
# *** Summary *********************************************
#     qrun: Errors:   0, Warnings:   0
#     vlog: Errors:   0, Warnings:   0
#     vopt: Errors:   0, Warnings:   4
#   Totals: Errors:   0, Warnings:   4
# ** Note: (vsim-220) 'C:/lscc/radiant/2026.1/questasim/win64/../modelsim.ini' is used as the ini file.
# vsim -L work -L pmi_work -L ovi_ice40up -lib qrun.out/work -wlf vsim.wlf -gui -do "view wave" -do "add wave /*" -do "run -all" -statslog qrun.out/stats_log qrun_opt -suppress vsim-7033,vsim-8630,3009,3389 -appendlog -l qrun.log 
# Start time: 23:35:49 on Sep 15,2026
# Loading sv_std.std
# Loading work.lab2_ei_tb(fast)
# Loading work.lab2_ei(fast)
# Loading ovi_ice40up.HSOSC(fast)
# Loading work.lab2_counter(fast)
# Loading work.lab2_scanning(fast)
# Loading work.lab2_counter(fast__1)
# Loading work.lab2_7_seg_decoder(fast)
# view wave
# .main_pane.wave.interior.cs.body.pw.wf
# add wave /*
# run -all
# ** Error: FAILED! The power mux testing behaves incorrectly at time: 18000050000.
#    Time: 18000050 ns  Scope: lab2_ei_tb File: C:/Users/eing/Documents/GitHub/e155-lab2/fpga/lab2_ei/source/impl_1/lab2_ei_tb.sv Line: 40
# ** Error: FAILED! The power mux testing behaves incorrectly at time: 36000061000.
#    Time: 36000061 ns  Scope: lab2_ei_tb File: C:/Users/eing/Documents/GitHub/e155-lab2/fpga/lab2_ei/source/impl_1/lab2_ei_tb.sv Line: 47
# ** Error: FAILED! The switch mux testing behaves incorrectly at time: 54000112000.
#    Time: 54000112 ns  Scope: lab2_ei_tb File: C:/Users/eing/Documents/GitHub/e155-lab2/fpga/lab2_ei/source/impl_1/lab2_ei_tb.sv Line: 59
# ** Error: FAILED! The switch mux testing behaves incorrectly at time: 72000123000.
#    Time: 72000123 ns  Scope: lab2_ei_tb File: C:/Users/eing/Documents/GitHub/e155-lab2/fpga/lab2_ei/source/impl_1/lab2_ei_tb.sv Line: 66
# PASSED! The led driving functionality behaves as desired at time: 72000187000.
# PASSED! The led driving functionality behaves as desired at time: 72000197000.
# PASSED! The led driving functionality behaves as desired at time: 72000207000.
# PASSED! The led driving functionality behaves as desired at time: 72000217000.
# ** Note: $stop    : C:/Users/eing/Documents/GitHub/e155-lab2/fpga/lab2_ei/source/impl_1/lab2_ei_tb.sv(108)
#    Time: 72000317 ns  Iteration: 0  Instance: /lab2_ei_tb
# Break in Module lab2_ei_tb at C:/Users/eing/Documents/GitHub/e155-lab2/fpga/lab2_ei/source/impl_1/lab2_ei_tb.sv line 108
add wave -position end  sim:/lab2_ei_tb/dut/clk_new_counter
add wave -position end  sim:/lab2_ei_tb/dut/clk
add wave -position end  sim:/lab2_ei_tb/dut/counter
restart -f
# ** Note: (vsim-12125) Error and warning message counts have been reset to '0' because of 'restart'.
# Loading work.lab2_ei_tb(fast)
# Loading work.lab2_ei(fast)
# Loading ovi_ice40up.HSOSC(fast)
# Loading work.lab2_counter(fast)
# Loading work.lab2_scanning(fast)
# Loading work.lab2_counter(fast__1)
# Loading work.lab2_7_seg_decoder(fast)
run -all
# ** Error: FAILED! The power mux testing behaves incorrectly at time: 18000050000.
#    Time: 18000050 ns  Scope: lab2_ei_tb File: C:/Users/eing/Documents/GitHub/e155-lab2/fpga/lab2_ei/source/impl_1/lab2_ei_tb.sv Line: 40
# ** Error: FAILED! The power mux testing behaves incorrectly at time: 36000061000.
#    Time: 36000061 ns  Scope: lab2_ei_tb File: C:/Users/eing/Documents/GitHub/e155-lab2/fpga/lab2_ei/source/impl_1/lab2_ei_tb.sv Line: 47
# ** Error: FAILED! The switch mux testing behaves incorrectly at time: 54000112000.
#    Time: 54000112 ns  Scope: lab2_ei_tb File: C:/Users/eing/Documents/GitHub/e155-lab2/fpga/lab2_ei/source/impl_1/lab2_ei_tb.sv Line: 59
# ** Error: FAILED! The switch mux testing behaves incorrectly at time: 72000123000.
#    Time: 72000123 ns  Scope: lab2_ei_tb File: C:/Users/eing/Documents/GitHub/e155-lab2/fpga/lab2_ei/source/impl_1/lab2_ei_tb.sv Line: 66
# PASSED! The led driving functionality behaves as desired at time: 72000187000.
# PASSED! The led driving functionality behaves as desired at time: 72000197000.
# PASSED! The led driving functionality behaves as desired at time: 72000207000.
# PASSED! The led driving functionality behaves as desired at time: 72000217000.
# ** Note: $stop    : C:/Users/eing/Documents/GitHub/e155-lab2/fpga/lab2_ei/source/impl_1/lab2_ei_tb.sv(108)
#    Time: 72000317 ns  Iteration: 0  Instance: /lab2_ei_tb
# Break in Module lab2_ei_tb at C:/Users/eing/Documents/GitHub/e155-lab2/fpga/lab2_ei/source/impl_1/lab2_ei_tb.sv line 108
# End time: 23:46:03 on Sep 15,2026, Elapsed time: 0:10:14
# Errors: 4, Warnings: 0
# *** Summary *********************************************
#     qrun: Errors:   0, Warnings:   0
#     vlog: Errors:   0, Warnings:   0
#     vopt: Errors:   0, Warnings:   4
#   Totals: Errors:   0, Warnings:   4
# ** Note: (vsim-220) 'C:/lscc/radiant/2026.1/questasim/win64/../modelsim.ini' is used as the ini file.
# vsim -L work -L pmi_work -L ovi_ice40up -lib qrun.out/work -wlf vsim.wlf -gui -do "view wave" -do "add wave /*" -do "run -all" -statslog qrun.out/stats_log qrun_opt -suppress vsim-7033,vsim-8630,3009,3389 -appendlog -l qrun.log 
# Start time: 23:46:26 on Sep 15,2026
# Loading sv_std.std
# Loading work.lab2_ei_tb(fast)
# Loading work.lab2_ei(fast)
# Loading ovi_ice40up.HSOSC(fast)
# Loading work.lab2_counter(fast)
# Loading work.lab2_scanning(fast)
# Loading work.lab2_counter(fast__1)
# Loading work.lab2_7_seg_decoder(fast)
# view wave
# .main_pane.wave.interior.cs.body.pw.wf
# add wave /*
# run -all
# ** Error: FAILED! The power mux testing behaves incorrectly at time: 18000050000.
#    Time: 18000050 ns  Scope: lab2_ei_tb File: C:/Users/eing/Documents/GitHub/e155-lab2/fpga/lab2_ei/source/impl_1/lab2_ei_tb.sv Line: 40
# ** Error: FAILED! The power mux testing behaves incorrectly at time: 36000061000.
#    Time: 36000061 ns  Scope: lab2_ei_tb File: C:/Users/eing/Documents/GitHub/e155-lab2/fpga/lab2_ei/source/impl_1/lab2_ei_tb.sv Line: 47
# ** Error: FAILED! The switch mux testing behaves incorrectly at time: 54000112000.
#    Time: 54000112 ns  Scope: lab2_ei_tb File: C:/Users/eing/Documents/GitHub/e155-lab2/fpga/lab2_ei/source/impl_1/lab2_ei_tb.sv Line: 59
# ** Error: FAILED! The switch mux testing behaves incorrectly at time: 72000123000.
#    Time: 72000123 ns  Scope: lab2_ei_tb File: C:/Users/eing/Documents/GitHub/e155-lab2/fpga/lab2_ei/source/impl_1/lab2_ei_tb.sv Line: 66
# PASSED! The led driving functionality behaves as desired at time: 72000187000.
# PASSED! The led driving functionality behaves as desired at time: 72000197000.
# PASSED! The led driving functionality behaves as desired at time: 72000207000.
# PASSED! The led driving functionality behaves as desired at time: 72000217000.
# ** Note: $stop    : C:/Users/eing/Documents/GitHub/e155-lab2/fpga/lab2_ei/source/impl_1/lab2_ei_tb.sv(108)
#    Time: 72000317 ns  Iteration: 0  Instance: /lab2_ei_tb
# Break in Module lab2_ei_tb at C:/Users/eing/Documents/GitHub/e155-lab2/fpga/lab2_ei/source/impl_1/lab2_ei_tb.sv line 108
add wave -position end  sim:/lab2_ei_tb/dut/clk_new_counter
add wave -position end  sim:/lab2_ei_tb/dut/counter
add wave -position end  sim:/lab2_ei_tb/dut/power
restart -f
# ** Note: (vsim-12125) Error and warning message counts have been reset to '0' because of 'restart'.
# Loading work.lab2_ei_tb(fast)
# Loading work.lab2_ei(fast)
# Loading ovi_ice40up.HSOSC(fast)
# Loading work.lab2_counter(fast)
# Loading work.lab2_scanning(fast)
# Loading work.lab2_counter(fast__1)
# Loading work.lab2_7_seg_decoder(fast)
run -all
# ** Error: FAILED! The power mux testing behaves incorrectly at time: 18000050000.
#    Time: 18000050 ns  Scope: lab2_ei_tb File: C:/Users/eing/Documents/GitHub/e155-lab2/fpga/lab2_ei/source/impl_1/lab2_ei_tb.sv Line: 40
# ** Error: FAILED! The power mux testing behaves incorrectly at time: 36000061000.
#    Time: 36000061 ns  Scope: lab2_ei_tb File: C:/Users/eing/Documents/GitHub/e155-lab2/fpga/lab2_ei/source/impl_1/lab2_ei_tb.sv Line: 47
# ** Error: FAILED! The switch mux testing behaves incorrectly at time: 54000112000.
#    Time: 54000112 ns  Scope: lab2_ei_tb File: C:/Users/eing/Documents/GitHub/e155-lab2/fpga/lab2_ei/source/impl_1/lab2_ei_tb.sv Line: 59
# ** Error: FAILED! The switch mux testing behaves incorrectly at time: 72000123000.
#    Time: 72000123 ns  Scope: lab2_ei_tb File: C:/Users/eing/Documents/GitHub/e155-lab2/fpga/lab2_ei/source/impl_1/lab2_ei_tb.sv Line: 66
# PASSED! The led driving functionality behaves as desired at time: 72000187000.
# PASSED! The led driving functionality behaves as desired at time: 72000197000.
# PASSED! The led driving functionality behaves as desired at time: 72000207000.
# PASSED! The led driving functionality behaves as desired at time: 72000217000.
# ** Note: $stop    : C:/Users/eing/Documents/GitHub/e155-lab2/fpga/lab2_ei/source/impl_1/lab2_ei_tb.sv(108)
#    Time: 72000317 ns  Iteration: 0  Instance: /lab2_ei_tb
# Break in Module lab2_ei_tb at C:/Users/eing/Documents/GitHub/e155-lab2/fpga/lab2_ei/source/impl_1/lab2_ei_tb.sv line 108
# End time: 23:50:01 on Sep 15,2026, Elapsed time: 0:03:35
# Errors: 4, Warnings: 0
# *** Summary *********************************************
#     qrun: Errors:   0, Warnings:   0
#     vlog: Errors:   0, Warnings:   0
#     vopt: Errors:   0, Warnings:   2
#   Totals: Errors:   0, Warnings:   2
# ** Note: (vsim-220) 'C:/lscc/radiant/2026.1/questasim/win64/../modelsim.ini' is used as the ini file.
# vsim -L work -L pmi_work -L ovi_ice40up -lib qrun.out/work -wlf vsim.wlf -gui -do "view wave" -do "add wave /*" -do "run -all" -statslog qrun.out/stats_log qrun_opt -suppress vsim-7033,vsim-8630,3009,3389 -appendlog -l qrun.log 
# Start time: 23:50:28 on Sep 15,2026
# Loading sv_std.std
# Loading work.lab2_ei_tb(fast)
# Loading work.lab2_ei(fast)
# Loading ovi_ice40up.HSOSC(fast)
# Loading work.lab2_counter(fast)
# Loading work.lab2_scanning(fast)
# Loading work.lab2_counter(fast__1)
# Loading work.lab2_7_seg_decoder(fast)
# view wave
# .main_pane.wave.interior.cs.body.pw.wf
# add wave /*
# run -all
# PASSED! The power mux testing behaves as desired at time: 18000050000.
# ** Error: FAILED! The power mux testing behaves incorrectly at time: 36000061000.
#    Time: 36000061 ns  Scope: lab2_ei_tb File: C:/Users/eing/Documents/GitHub/e155-lab2/fpga/lab2_ei/source/impl_1/lab2_ei_tb.sv Line: 48
# PASSED! The switch mux testing behaves as desired at time: 54000112000.
# ** Error: FAILED! The switch mux testing behaves incorrectly at time: 72000123000.
#    Time: 72000123 ns  Scope: lab2_ei_tb File: C:/Users/eing/Documents/GitHub/e155-lab2/fpga/lab2_ei/source/impl_1/lab2_ei_tb.sv Line: 67
# PASSED! The led driving functionality behaves as desired at time: 72000187000.
# PASSED! The led driving functionality behaves as desired at time: 72000197000.
# PASSED! The led driving functionality behaves as desired at time: 72000207000.
# PASSED! The led driving functionality behaves as desired at time: 72000217000.
# ** Note: $stop    : C:/Users/eing/Documents/GitHub/e155-lab2/fpga/lab2_ei/source/impl_1/lab2_ei_tb.sv(109)
#    Time: 72000317 ns  Iteration: 0  Instance: /lab2_ei_tb
# Break in Module lab2_ei_tb at C:/Users/eing/Documents/GitHub/e155-lab2/fpga/lab2_ei/source/impl_1/lab2_ei_tb.sv line 109
# *** Summary *********************************************
#     qrun: Errors:   0, Warnings:   0
#     vlog: Errors:   0, Warnings:   0
#     vopt: Errors:   0, Warnings:   4
#   Totals: Errors:   0, Warnings:   4
# Error 31: Unable to unlink file "qrun.out/work/qrun_opt/_lib.qdb".
# Error 133: Unable to remove directory "qrun.out/work/qrun_opt".
# Error 133: Unable to remove directory "qrun.out/work".
# Error 133: Unable to remove directory "qrun.out".
# ** Note: (vsim-220) 'C:/lscc/radiant/2026.1/questasim/win64/../modelsim.ini' is used as the ini file.
# vsim -L work -L pmi_work -L ovi_ice40up -lib qrun.out/work -wlf vsim.wlf -gui -do "view wave" -do "add wave /*" -do "run -all" -statslog qrun.out/stats_log qrun_opt -suppress vsim-7033,vsim-8630,3009,3389 -appendlog -l qrun.log 
# Start time: 23:56:16 on Sep 15,2026
# Loading sv_std.std
# Loading work.lab2_ei_tb(fast)
# Loading work.lab2_ei(fast)
# Loading ovi_ice40up.HSOSC(fast)
# Loading work.lab2_counter(fast)
# Loading work.lab2_scanning(fast)
# Loading work.lab2_counter(fast__1)
# Loading work.lab2_7_seg_decoder(fast)
# view wave
# .main_pane.wave.interior.cs.body.pw.wf
# add wave /*
# ** Warning: (vsim-WLF-5000) WLF file currently in use: vsim.wlf
#           File in use by: eing  Hostname: 4CJZ0R3  ProcessID: 13928
#           Attempting to use alternate WLF file "./wlft3zn1kd".
# ** Warning: (vsim-WLF-5001) Could not open WLF file: vsim.wlf
#           Using alternate file: ./wlft3zn1kd
# run -all
# PASSED! The power mux testing behaves as desired at time: 50000.
# ** Error: FAILED! The power mux testing behaves incorrectly at time: 61000.
#    Time: 61 ns  Scope: lab2_ei_tb File: C:/Users/eing/Documents/GitHub/e155-lab2/fpga/lab2_ei/source/impl_1/lab2_ei_tb.sv Line: 48
# PASSED! The switch mux testing behaves as desired at time: 112000.
# ** Error: FAILED! The switch mux testing behaves incorrectly at time: 123000.
#    Time: 123 ns  Scope: lab2_ei_tb File: C:/Users/eing/Documents/GitHub/e155-lab2/fpga/lab2_ei/source/impl_1/lab2_ei_tb.sv Line: 67
# PASSED! The led driving functionality behaves as desired at time: 187000.
# PASSED! The led driving functionality behaves as desired at time: 197000.
# PASSED! The led driving functionality behaves as desired at time: 207000.
# PASSED! The led driving functionality behaves as desired at time: 217000.
# ** Note: $stop    : C:/Users/eing/Documents/GitHub/e155-lab2/fpga/lab2_ei/source/impl_1/lab2_ei_tb.sv(109)
#    Time: 317 ns  Iteration: 0  Instance: /lab2_ei_tb
# Break in Module lab2_ei_tb at C:/Users/eing/Documents/GitHub/e155-lab2/fpga/lab2_ei/source/impl_1/lab2_ei_tb.sv line 109
# End time: 23:56:29 on Sep 15,2026, Elapsed time: 0:06:01
# Errors: 2, Warnings: 0
# End time: 23:57:39 on Sep 15,2026, Elapsed time: 0:01:23
# Errors: 2, Warnings: 2
# *** Summary *********************************************
#     qrun: Errors:   0, Warnings:   0
#     vlog: Errors:   0, Warnings:   0
#     vopt: Errors:   0, Warnings:   2
#   Totals: Errors:   0, Warnings:   2
# ** Note: (vsim-220) 'C:/lscc/radiant/2026.1/questasim/win64/../modelsim.ini' is used as the ini file.
# vsim -L work -L pmi_work -L ovi_ice40up -lib qrun.out/work -wlf vsim.wlf -gui -do "view wave" -do "add wave /*" -do "run -all" -statslog qrun.out/stats_log qrun_opt -suppress vsim-7033,vsim-8630,3009,3389 -appendlog -l qrun.log 
# Start time: 00:00:04 on Sep 16,2026
# Loading sv_std.std
# Loading work.lab2_ei_tb(fast)
# Loading work.lab2_ei(fast)
# Loading ovi_ice40up.HSOSC(fast)
# Loading work.lab2_counter(fast)
# Loading work.lab2_scanning(fast)
# Loading work.lab2_counter(fast__1)
# Loading work.lab2_7_seg_decoder(fast)
# view wave
# .main_pane.wave.interior.cs.body.pw.wf
# add wave /*
# run -all
# PASSED! The power mux testing behaves as desired at time: 50000.
# PASSED! The power mux testing behaves as desired at time: 240000050000.
# PASSED! The switch mux testing behaves as desired at time: 240000101000.
# ** Error: FAILED! The switch mux testing behaves incorrectly at time: 480000101000.
#    Time: 480000101 ns  Scope: lab2_ei_tb File: C:/Users/eing/Documents/GitHub/e155-lab2/fpga/lab2_ei/source/impl_1/lab2_ei_tb.sv Line: 65
# PASSED! The led driving functionality behaves as desired at time: 480000165000.
# PASSED! The led driving functionality behaves as desired at time: 480000175000.
# PASSED! The led driving functionality behaves as desired at time: 480000185000.
# PASSED! The led driving functionality behaves as desired at time: 480000195000.
# ** Note: $stop    : C:/Users/eing/Documents/GitHub/e155-lab2/fpga/lab2_ei/source/impl_1/lab2_ei_tb.sv(107)
#    Time: 480000295 ns  Iteration: 0  Instance: /lab2_ei_tb
# Break in Module lab2_ei_tb at C:/Users/eing/Documents/GitHub/e155-lab2/fpga/lab2_ei/source/impl_1/lab2_ei_tb.sv line 107
# End time: 00:01:32 on Sep 16,2026, Elapsed time: 0:01:28
# Errors: 1, Warnings: 0
# *** Summary *********************************************
#     qrun: Errors:   0, Warnings:   0
#     vlog: Errors:   0, Warnings:   0
#     vopt: Errors:   0, Warnings:   2
#   Totals: Errors:   0, Warnings:   2
# ** Note: (vsim-220) 'C:/lscc/radiant/2026.1/questasim/win64/../modelsim.ini' is used as the ini file.
# vsim -L work -L pmi_work -L ovi_ice40up -lib qrun.out/work -wlf vsim.wlf -gui -do "view wave" -do "add wave /*" -do "run -all" -statslog qrun.out/stats_log qrun_opt -suppress vsim-7033,vsim-8630,3009,3389 -appendlog -l qrun.log 
# Start time: 00:01:55 on Sep 16,2026
# Loading sv_std.std
# Loading work.lab2_ei_tb(fast)
# Loading work.lab2_ei(fast)
# Loading ovi_ice40up.HSOSC(fast)
# Loading work.lab2_counter(fast)
# Loading work.lab2_scanning(fast)
# Loading work.lab2_counter(fast__1)
# Loading work.lab2_7_seg_decoder(fast)
# view wave
# .main_pane.wave.interior.cs.body.pw.wf
# add wave /*
# run -all
# PASSED! The power mux testing behaves as desired at time: 50000.
# PASSED! The power mux testing behaves as desired at time: 240000050000.
# PASSED! The switch mux testing behaves as desired at time: 240000111000.
# ** Error: FAILED! The switch mux testing behaves incorrectly at time: 480000111000.
#    Time: 480000111 ns  Scope: lab2_ei_tb File: C:/Users/eing/Documents/GitHub/e155-lab2/fpga/lab2_ei/source/impl_1/lab2_ei_tb.sv Line: 66
# PASSED! The led driving functionality behaves as desired at time: 480000175000.
# PASSED! The led driving functionality behaves as desired at time: 480000185000.
# PASSED! The led driving functionality behaves as desired at time: 480000195000.
# PASSED! The led driving functionality behaves as desired at time: 480000205000.
# ** Note: $stop    : C:/Users/eing/Documents/GitHub/e155-lab2/fpga/lab2_ei/source/impl_1/lab2_ei_tb.sv(108)
#    Time: 480000305 ns  Iteration: 0  Instance: /lab2_ei_tb
# Break in Module lab2_ei_tb at C:/Users/eing/Documents/GitHub/e155-lab2/fpga/lab2_ei/source/impl_1/lab2_ei_tb.sv line 108
# End time: 00:04:24 on Sep 16,2026, Elapsed time: 0:02:29
# Errors: 1, Warnings: 0
# *** Summary *********************************************
#     qrun: Errors:   0, Warnings:   0
#     vlog: Errors:   0, Warnings:   0
#     vopt: Errors:   0, Warnings:   2
#   Totals: Errors:   0, Warnings:   2
# ** Note: (vsim-220) 'C:/lscc/radiant/2026.1/questasim/win64/../modelsim.ini' is used as the ini file.
# vsim -L work -L pmi_work -L ovi_ice40up -lib qrun.out/work -wlf vsim.wlf -gui -do "view wave" -do "add wave /*" -do "run -all" -statslog qrun.out/stats_log qrun_opt -suppress vsim-7033,vsim-8630,3009,3389 -appendlog -l qrun.log 
# Start time: 00:10:00 on Sep 16,2026
# Loading sv_std.std
# Loading work.lab2_ei_tb(fast)
# Loading work.lab2_ei(fast)
# Loading ovi_ice40up.HSOSC(fast)
# Loading work.lab2_counter(fast)
# Loading work.lab2_scanning(fast)
# Loading work.lab2_counter(fast__1)
# Loading work.lab2_7_seg_decoder(fast)
# view wave
# .main_pane.wave.interior.cs.body.pw.wf
# add wave /*
# run -all
# PASSED! The power mux testing behaves as desired at time: 50000.
# PASSED! The power mux testing behaves as desired at time: 8000550000.
# PASSED! The switch mux testing behaves as desired at time: 8000611000.
# ** Error: FAILED! The switch mux testing behaves incorrectly at time: 248001111000.
#    Time: 248001111 ns  Scope: lab2_ei_tb File: C:/Users/eing/Documents/GitHub/e155-lab2/fpga/lab2_ei/source/impl_1/lab2_ei_tb.sv Line: 68
# PASSED! The led driving functionality behaves as desired at time: 248001175000.
# PASSED! The led driving functionality behaves as desired at time: 248001185000.
# PASSED! The led driving functionality behaves as desired at time: 248001195000.
# PASSED! The led driving functionality behaves as desired at time: 248001205000.
# ** Note: $stop    : C:/Users/eing/Documents/GitHub/e155-lab2/fpga/lab2_ei/source/impl_1/lab2_ei_tb.sv(110)
#    Time: 248001305 ns  Iteration: 0  Instance: /lab2_ei_tb
# Break in Module lab2_ei_tb at C:/Users/eing/Documents/GitHub/e155-lab2/fpga/lab2_ei/source/impl_1/lab2_ei_tb.sv line 110
add wave -position end  sim:/lab2_ei_tb/dut/counter
add wave -position end  sim:/lab2_ei_tb/dut/counter
restart -f
# ** Note: (vsim-12125) Error and warning message counts have been reset to '0' because of 'restart'.
# Loading work.lab2_ei_tb(fast)
# Loading work.lab2_ei(fast)
# Loading ovi_ice40up.HSOSC(fast)
# Loading work.lab2_counter(fast)
# Loading work.lab2_scanning(fast)
# Loading work.lab2_counter(fast__1)
# Loading work.lab2_7_seg_decoder(fast)
run -all
# PASSED! The power mux testing behaves as desired at time: 50000.
# PASSED! The power mux testing behaves as desired at time: 8000550000.
# PASSED! The switch mux testing behaves as desired at time: 8000611000.
# ** Error: FAILED! The switch mux testing behaves incorrectly at time: 248001111000.
#    Time: 248001111 ns  Scope: lab2_ei_tb File: C:/Users/eing/Documents/GitHub/e155-lab2/fpga/lab2_ei/source/impl_1/lab2_ei_tb.sv Line: 68
# PASSED! The led driving functionality behaves as desired at time: 248001175000.
# PASSED! The led driving functionality behaves as desired at time: 248001185000.
# PASSED! The led driving functionality behaves as desired at time: 248001195000.
# PASSED! The led driving functionality behaves as desired at time: 248001205000.
# ** Note: $stop    : C:/Users/eing/Documents/GitHub/e155-lab2/fpga/lab2_ei/source/impl_1/lab2_ei_tb.sv(110)
#    Time: 248001305 ns  Iteration: 0  Instance: /lab2_ei_tb
# Break in Module lab2_ei_tb at C:/Users/eing/Documents/GitHub/e155-lab2/fpga/lab2_ei/source/impl_1/lab2_ei_tb.sv line 110
add wave -position end  sim:/lab2_ei_tb/sw2
add wave -position end  sim:/lab2_ei_tb/dut/s
# End time: 00:13:07 on Sep 16,2026, Elapsed time: 0:03:07
# Errors: 1, Warnings: 0
# *** Summary *********************************************
#     qrun: Errors:   0, Warnings:   0
#     vlog: Errors:   0, Warnings:   0
#     vopt: Errors:   0, Warnings:   2
#   Totals: Errors:   0, Warnings:   2
# ** Note: (vsim-220) 'C:/lscc/radiant/2026.1/questasim/win64/../modelsim.ini' is used as the ini file.
# vsim -L work -L pmi_work -L ovi_ice40up -lib qrun.out/work -wlf vsim.wlf -gui -do "view wave" -do "add wave /*" -do "run -all" -statslog qrun.out/stats_log qrun_opt -suppress vsim-7033,vsim-8630,3009,3389 -appendlog -l qrun.log 
# Start time: 00:13:36 on Sep 16,2026
# Loading sv_std.std
# Loading work.lab2_ei_tb(fast)
# Loading work.lab2_ei(fast)
# Loading ovi_ice40up.HSOSC(fast)
# Loading work.lab2_counter(fast)
# Loading work.lab2_scanning(fast)
# Loading work.lab2_counter(fast__1)
# Loading work.lab2_7_seg_decoder(fast)
# view wave
# .main_pane.wave.interior.cs.body.pw.wf
# add wave /*
# run -all
# PASSED! The power mux testing behaves as desired at time: 50000.
# PASSED! The power mux testing behaves as desired at time: 8000550000.
# PASSED! The switch mux testing behaves as desired at time: 8000611000.
# ** Error: FAILED! The switch mux testing behaves incorrectly at time: 248005611000.
#    Time: 248005611 ns  Scope: lab2_ei_tb File: C:/Users/eing/Documents/GitHub/e155-lab2/fpga/lab2_ei/source/impl_1/lab2_ei_tb.sv Line: 68
# PASSED! The led driving functionality behaves as desired at time: 248005675000.
# PASSED! The led driving functionality behaves as desired at time: 248005685000.
# PASSED! The led driving functionality behaves as desired at time: 248005695000.
# PASSED! The led driving functionality behaves as desired at time: 248005705000.
# ** Note: $stop    : C:/Users/eing/Documents/GitHub/e155-lab2/fpga/lab2_ei/source/impl_1/lab2_ei_tb.sv(110)
#    Time: 248005805 ns  Iteration: 0  Instance: /lab2_ei_tb
# Break in Module lab2_ei_tb at C:/Users/eing/Documents/GitHub/e155-lab2/fpga/lab2_ei/source/impl_1/lab2_ei_tb.sv line 110
# End time: 00:15:46 on Sep 16,2026, Elapsed time: 0:02:10
# Errors: 1, Warnings: 0
# *** Summary *********************************************
#     qrun: Errors:   0, Warnings:   0
#     vlog: Errors:   0, Warnings:   0
#     vopt: Errors:   0, Warnings:   2
#   Totals: Errors:   0, Warnings:   2
# ** Note: (vsim-220) 'C:/lscc/radiant/2026.1/questasim/win64/../modelsim.ini' is used as the ini file.
# vsim -L work -L pmi_work -L ovi_ice40up -lib qrun.out/work -wlf vsim.wlf -gui -do "view wave" -do "add wave /*" -do "run -all" -statslog qrun.out/stats_log qrun_opt -suppress vsim-7033,vsim-8630,3009,3389 -appendlog -l qrun.log 
# Start time: 00:16:47 on Sep 16,2026
# Loading sv_std.std
# Loading work.lab2_ei_tb(fast)
# Loading work.lab2_ei(fast)
# Loading ovi_ice40up.HSOSC(fast)
# Loading work.lab2_counter(fast)
# Loading work.lab2_scanning(fast)
# Loading work.lab2_counter(fast__1)
# Loading work.lab2_7_seg_decoder(fast)
# view wave
# .main_pane.wave.interior.cs.body.pw.wf
# add wave /*
# run -all
# PASSED! The power mux testing behaves as desired at time: 50000.
# PASSED! The power mux testing behaves as desired at time: 8000550000.
# PASSED! The switch mux testing behaves as desired at time: 8000611000.
# ** Error: FAILED! The switch mux testing behaves incorrectly at time: 248100611000.
#    Time: 248100611 ns  Scope: lab2_ei_tb File: C:/Users/eing/Documents/GitHub/e155-lab2/fpga/lab2_ei/source/impl_1/lab2_ei_tb.sv Line: 68
# PASSED! The led driving functionality behaves as desired at time: 248100675000.
# PASSED! The led driving functionality behaves as desired at time: 248100685000.
# PASSED! The led driving functionality behaves as desired at time: 248100695000.
# PASSED! The led driving functionality behaves as desired at time: 248100705000.
# ** Note: $stop    : C:/Users/eing/Documents/GitHub/e155-lab2/fpga/lab2_ei/source/impl_1/lab2_ei_tb.sv(110)
#    Time: 248100805 ns  Iteration: 0  Instance: /lab2_ei_tb
# Break in Module lab2_ei_tb at C:/Users/eing/Documents/GitHub/e155-lab2/fpga/lab2_ei/source/impl_1/lab2_ei_tb.sv line 110
# End time: 00:17:45 on Sep 16,2026, Elapsed time: 0:00:58
# Errors: 1, Warnings: 0
# *** Summary *********************************************
#     qrun: Errors:   0, Warnings:   0
#     vlog: Errors:   0, Warnings:   0
#     vopt: Errors:   0, Warnings:   2
#   Totals: Errors:   0, Warnings:   2
# ** Note: (vsim-220) 'C:/lscc/radiant/2026.1/questasim/win64/../modelsim.ini' is used as the ini file.
# vsim -L work -L pmi_work -L ovi_ice40up -lib qrun.out/work -wlf vsim.wlf -gui -do "view wave" -do "add wave /*" -do "run -all" -statslog qrun.out/stats_log qrun_opt -suppress vsim-7033,vsim-8630,3009,3389 -appendlog -l qrun.log 
# Start time: 00:18:09 on Sep 16,2026
# Loading sv_std.std
# Loading work.lab2_ei_tb(fast)
# Loading work.lab2_ei(fast)
# Loading ovi_ice40up.HSOSC(fast)
# Loading work.lab2_counter(fast)
# Loading work.lab2_scanning(fast)
# Loading work.lab2_counter(fast__1)
# Loading work.lab2_7_seg_decoder(fast)
# view wave
# .main_pane.wave.interior.cs.body.pw.wf
# add wave /*
# run -all
# PASSED! The power mux testing behaves as desired at time: 50000.
# PASSED! The power mux testing behaves as desired at time: 8000550000.
# PASSED! The switch mux testing behaves as desired at time: 8000611000.
# ** Error: FAILED! The switch mux testing behaves incorrectly at time: 248200611000.
#    Time: 248200611 ns  Scope: lab2_ei_tb File: C:/Users/eing/Documents/GitHub/e155-lab2/fpga/lab2_ei/source/impl_1/lab2_ei_tb.sv Line: 68
# PASSED! The led driving functionality behaves as desired at time: 248200675000.
# PASSED! The led driving functionality behaves as desired at time: 248200685000.
# PASSED! The led driving functionality behaves as desired at time: 248200695000.
# PASSED! The led driving functionality behaves as desired at time: 248200705000.
# ** Note: $stop    : C:/Users/eing/Documents/GitHub/e155-lab2/fpga/lab2_ei/source/impl_1/lab2_ei_tb.sv(110)
#    Time: 248200805 ns  Iteration: 0  Instance: /lab2_ei_tb
# Break in Module lab2_ei_tb at C:/Users/eing/Documents/GitHub/e155-lab2/fpga/lab2_ei/source/impl_1/lab2_ei_tb.sv line 110
# End time: 00:23:53 on Sep 16,2026, Elapsed time: 0:05:44
# Errors: 1, Warnings: 0
# *** Summary *********************************************
#     qrun: Errors:   0, Warnings:   0
#     vlog: Errors:   0, Warnings:   0
#     vopt: Errors:   0, Warnings:   2
#   Totals: Errors:   0, Warnings:   2
# ** Note: (vsim-220) 'C:/lscc/radiant/2026.1/questasim/win64/../modelsim.ini' is used as the ini file.
# vsim -L work -L pmi_work -L ovi_ice40up -lib qrun.out/work -wlf vsim.wlf -gui -do "view wave" -do "add wave /*" -do "run -all" -statslog qrun.out/stats_log qrun_opt -suppress vsim-7033,vsim-8630,3009,3389 -appendlog -l qrun.log 
# Start time: 00:24:47 on Sep 16,2026
# Loading sv_std.std
# Loading work.lab2_ei_tb(fast)
# Loading work.lab2_ei(fast)
# Loading ovi_ice40up.HSOSC(fast)
# Loading work.lab2_counter(fast)
# Loading work.lab2_scanning(fast)
# Loading work.lab2_counter(fast__1)
# Loading work.lab2_7_seg_decoder(fast)
# view wave
# .main_pane.wave.interior.cs.body.pw.wf
# add wave /*
# run -all
# PASSED! The power mux testing behaves as desired at time: 50000.
# PASSED! The power mux testing behaves as desired at time: 8000550000.
# PASSED! The switch mux testing behaves as desired at time: 8000611000.
# PASSED! The switch mux testing behaves as desired at time: 398000611000.
# PASSED! The led driving functionality behaves as desired at time: 398000675000.
# PASSED! The led driving functionality behaves as desired at time: 398000685000.
# PASSED! The led driving functionality behaves as desired at time: 398000695000.
# PASSED! The led driving functionality behaves as desired at time: 398000705000.
# ** Note: $stop    : C:/Users/eing/Documents/GitHub/e155-lab2/fpga/lab2_ei/source/impl_1/lab2_ei_tb.sv(110)
#    Time: 398000805 ns  Iteration: 0  Instance: /lab2_ei_tb
# Break in Module lab2_ei_tb at C:/Users/eing/Documents/GitHub/e155-lab2/fpga/lab2_ei/source/impl_1/lab2_ei_tb.sv line 110
add wave -position end  sim:/lab2_ei_tb/dut/clk_new_counter
restart -f
# Loading work.lab2_ei_tb(fast)
# Loading work.lab2_ei(fast)
# Loading ovi_ice40up.HSOSC(fast)
# Loading work.lab2_counter(fast)
# Loading work.lab2_scanning(fast)
# Loading work.lab2_counter(fast__1)
# Loading work.lab2_7_seg_decoder(fast)
run -all
# PASSED! The power mux testing behaves as desired at time: 50000.
# PASSED! The power mux testing behaves as desired at time: 8000550000.
# PASSED! The switch mux testing behaves as desired at time: 8000611000.
add wave -position end  sim:/lab2_ei_tb/dut/clk_new_scanner
# PASSED! The switch mux testing behaves as desired at time: 398000611000.
# PASSED! The led driving functionality behaves as desired at time: 398000675000.
# PASSED! The led driving functionality behaves as desired at time: 398000685000.
# PASSED! The led driving functionality behaves as desired at time: 398000695000.
# PASSED! The led driving functionality behaves as desired at time: 398000705000.
# ** Note: $stop    : C:/Users/eing/Documents/GitHub/e155-lab2/fpga/lab2_ei/source/impl_1/lab2_ei_tb.sv(110)
#    Time: 398000805 ns  Iteration: 0  Instance: /lab2_ei_tb
# Break in Module lab2_ei_tb at C:/Users/eing/Documents/GitHub/e155-lab2/fpga/lab2_ei/source/impl_1/lab2_ei_tb.sv line 110
add wave -position end  sim:/lab2_ei_tb/dut/s
restart -f
# Loading work.lab2_ei_tb(fast)
# Loading work.lab2_ei(fast)
# Loading ovi_ice40up.HSOSC(fast)
# Loading work.lab2_counter(fast)
# Loading work.lab2_scanning(fast)
# Loading work.lab2_counter(fast__1)
# Loading work.lab2_7_seg_decoder(fast)
run -all
# PASSED! The power mux testing behaves as desired at time: 50000.
# PASSED! The power mux testing behaves as desired at time: 8000550000.
# PASSED! The switch mux testing behaves as desired at time: 8000611000.
# PASSED! The switch mux testing behaves as desired at time: 398000611000.
# PASSED! The led driving functionality behaves as desired at time: 398000675000.
# PASSED! The led driving functionality behaves as desired at time: 398000685000.
# PASSED! The led driving functionality behaves as desired at time: 398000695000.
# PASSED! The led driving functionality behaves as desired at time: 398000705000.
# ** Note: $stop    : C:/Users/eing/Documents/GitHub/e155-lab2/fpga/lab2_ei/source/impl_1/lab2_ei_tb.sv(110)
#    Time: 398000805 ns  Iteration: 0  Instance: /lab2_ei_tb
# Break in Module lab2_ei_tb at C:/Users/eing/Documents/GitHub/e155-lab2/fpga/lab2_ei/source/impl_1/lab2_ei_tb.sv line 110
# Causality operation skipped due to absence of debug database file
restart -f
# Loading work.lab2_ei_tb(fast)
# Loading work.lab2_ei(fast)
# Loading ovi_ice40up.HSOSC(fast)
# Loading work.lab2_counter(fast)
# Loading work.lab2_scanning(fast)
# Loading work.lab2_counter(fast__1)
# Loading work.lab2_7_seg_decoder(fast)
run -all
# PASSED! The power mux testing behaves as desired at time: 50000.
# PASSED! The power mux testing behaves as desired at time: 8000550000.
# PASSED! The switch mux testing behaves as desired at time: 8000611000.
# PASSED! The switch mux testing behaves as desired at time: 398000611000.
# PASSED! The led driving functionality behaves as desired at time: 398000675000.
# PASSED! The led driving functionality behaves as desired at time: 398000685000.
# PASSED! The led driving functionality behaves as desired at time: 398000695000.
# PASSED! The led driving functionality behaves as desired at time: 398000705000.
# ** Note: $stop    : C:/Users/eing/Documents/GitHub/e155-lab2/fpga/lab2_ei/source/impl_1/lab2_ei_tb.sv(110)
#    Time: 398000805 ns  Iteration: 0  Instance: /lab2_ei_tb
# Break in Module lab2_ei_tb at C:/Users/eing/Documents/GitHub/e155-lab2/fpga/lab2_ei/source/impl_1/lab2_ei_tb.sv line 110
restart -f
# Loading work.lab2_ei_tb(fast)
# Loading work.lab2_ei(fast)
# Loading ovi_ice40up.HSOSC(fast)
# Loading work.lab2_counter(fast)
# Loading work.lab2_scanning(fast)
# Loading work.lab2_counter(fast__1)
# Loading work.lab2_7_seg_decoder(fast)
run -all
# PASSED! The power mux testing behaves as desired at time: 50000.
# PASSED! The power mux testing behaves as desired at time: 8000550000.
# PASSED! The switch mux testing behaves as desired at time: 8000611000.
# PASSED! The switch mux testing behaves as desired at time: 398000611000.
# PASSED! The led driving functionality behaves as desired at time: 398000675000.
# PASSED! The led driving functionality behaves as desired at time: 398000685000.
# PASSED! The led driving functionality behaves as desired at time: 398000695000.
# PASSED! The led driving functionality behaves as desired at time: 398000705000.
# ** Note: $stop    : C:/Users/eing/Documents/GitHub/e155-lab2/fpga/lab2_ei/source/impl_1/lab2_ei_tb.sv(110)
#    Time: 398000805 ns  Iteration: 0  Instance: /lab2_ei_tb
# Break in Module lab2_ei_tb at C:/Users/eing/Documents/GitHub/e155-lab2/fpga/lab2_ei/source/impl_1/lab2_ei_tb.sv line 110
# End time: 01:41:56 on Sep 16,2026, Elapsed time: 1:17:09
# Errors: 0, Warnings: 0
# *** Summary *********************************************
#     qrun: Errors:   0, Warnings:   0
#     vlog: Errors:   0, Warnings:   0
#     vopt: Errors:   0, Warnings:   2
#   Totals: Errors:   0, Warnings:   2
# ** Note: (vsim-220) 'C:/lscc/radiant/2026.1/questasim/win64/../modelsim.ini' is used as the ini file.
# vsim -L work -L pmi_work -L ovi_ice40up -lib qrun.out/work -wlf vsim.wlf -gui -do "view wave" -do "add wave /*" -do "run -all" -statslog qrun.out/stats_log qrun_opt -suppress vsim-7033,vsim-8630,3009,3389 -appendlog -l qrun.log 
# Start time: 02:07:46 on Sep 16,2026
# Loading sv_std.std
# Loading work.lab2_ei_tb(fast)
# Loading work.lab2_ei(fast)
# Loading ovi_ice40up.HSOSC(fast)
# Loading work.lab2_counter(fast)
# Loading work.lab2_scanning(fast)
# Loading work.lab2_counter(fast__1)
# Loading work.lab2_7_seg_decoder(fast)
# view wave
# .main_pane.wave.interior.cs.body.pw.wf
# add wave /*
# run -all
# PASSED! The power mux testing behaves as desired at time: 50000.
# PASSED! The power mux testing behaves as desired at time: 8000550000.
# PASSED! The switch mux testing behaves as desired at time: 8000611000.
# PASSED! The switch mux testing behaves as desired at time: 398000611000.
# PASSED! The led driving functionality behaves as desired at time: 398000675000.
# PASSED! The led driving functionality behaves as desired at time: 398000685000.
# PASSED! The led driving functionality behaves as desired at time: 398000695000.
# PASSED! The led driving functionality behaves as desired at time: 398000705000.
# ** Note: $stop    : C:/Users/eing/Documents/GitHub/e155-lab2/fpga/lab2_ei/source/impl_1/lab2_ei_tb.sv(110)
#    Time: 398000805 ns  Iteration: 0  Instance: /lab2_ei_tb
# Break in Module lab2_ei_tb at C:/Users/eing/Documents/GitHub/e155-lab2/fpga/lab2_ei/source/impl_1/lab2_ei_tb.sv line 110
# End time: 02:09:33 on Sep 16,2026, Elapsed time: 0:01:47
# Errors: 0, Warnings: 0
# *** Summary *********************************************
#     qrun: Errors:   0, Warnings:   0
#     vlog: Errors:   0, Warnings:   0
#     vopt: Errors:   0, Warnings:   2
#   Totals: Errors:   0, Warnings:   2
# ** Note: (vsim-220) 'C:/lscc/radiant/2026.1/questasim/win64/../modelsim.ini' is used as the ini file.
# vsim -L work -L pmi_work -L ovi_ice40up -lib qrun.out/work -wlf vsim.wlf -gui -do "view wave" -do "add wave /*" -do "run -all" -statslog qrun.out/stats_log qrun_opt -suppress vsim-7033,vsim-8630,3009,3389 -appendlog -l qrun.log 
# Start time: 17:07:58 on Sep 16,2026
# Loading sv_std.std
# Loading work.lab2_ei_tb(fast)
# Loading work.lab2_ei(fast)
# Loading ovi_ice40up.HSOSC(fast)
# Loading work.lab2_counter(fast)
# Loading work.lab2_scanning(fast)
# Loading work.lab2_counter(fast__1)
# Loading work.lab2_7_seg_decoder(fast)
# view wave
# .main_pane.wave.interior.cs.body.pw.wf
# add wave /*
# run -all
# PASSED! The power mux testing behaves as desired at time: 50000.
# PASSED! The power mux testing behaves as desired at time: 390000050000.
# PASSED! The switch mux testing behaves as desired at time: 390000111000.
# PASSED! The switch mux testing behaves as desired at time: 780000111000.
# PASSED! The led driving functionality behaves as desired at time: 780000175000.
# PASSED! The led driving functionality behaves as desired at time: 780000185000.
# PASSED! The led driving functionality behaves as desired at time: 780000195000.
# PASSED! The led driving functionality behaves as desired at time: 780000205000.
# ** Note: $stop    : C:/Users/eing/Documents/GitHub/e155-lab2/fpga/lab2_ei/source/impl_1/lab2_ei_tb.sv(113)
#    Time: 780000305 ns  Iteration: 0  Instance: /lab2_ei_tb
# Break in Module lab2_ei_tb at C:/Users/eing/Documents/GitHub/e155-lab2/fpga/lab2_ei/source/impl_1/lab2_ei_tb.sv line 113
add wave -position end  sim:/lab2_ei_tb/dut/clk_new_counter
add wave -position end  sim:/lab2_ei_tb/dut/s
restart -f
# Loading work.lab2_ei_tb(fast)
# Loading work.lab2_ei(fast)
# Loading ovi_ice40up.HSOSC(fast)
# Loading work.lab2_counter(fast)
# Loading work.lab2_scanning(fast)
# Loading work.lab2_counter(fast__1)
# Loading work.lab2_7_seg_decoder(fast)
run -all
# PASSED! The power mux testing behaves as desired at time: 50000.
# PASSED! The power mux testing behaves as desired at time: 390000050000.
# PASSED! The switch mux testing behaves as desired at time: 390000111000.
# PASSED! The switch mux testing behaves as desired at time: 780000111000.
# PASSED! The led driving functionality behaves as desired at time: 780000175000.
# PASSED! The led driving functionality behaves as desired at time: 780000185000.
# PASSED! The led driving functionality behaves as desired at time: 780000195000.
# PASSED! The led driving functionality behaves as desired at time: 780000205000.
# ** Note: $stop    : C:/Users/eing/Documents/GitHub/e155-lab2/fpga/lab2_ei/source/impl_1/lab2_ei_tb.sv(113)
#    Time: 780000305 ns  Iteration: 0  Instance: /lab2_ei_tb
# Break in Module lab2_ei_tb at C:/Users/eing/Documents/GitHub/e155-lab2/fpga/lab2_ei/source/impl_1/lab2_ei_tb.sv line 113
# End time: 17:26:49 on Sep 16,2026, Elapsed time: 0:18:51
# Errors: 0, Warnings: 0
